[2026-09-29 02:00:39] local.ERROR: SQLSTATE[42S02]: Base table or view not found: 1146 Table 'taskboard.transaccions' doesn't exist (Connection: mysql, Host: 127.0.0.1, Port: 3306, Database: taskboard, SQL: insert into `transaccions` (`monto`, `cliente_nombre`, `estado`, `comercio_id`, `updated_at`, `created_at`) values (45, María López, Completada, 1, 2026-09-29 02:00:37, 2026-09-29 02:00:37)) {"exception":"[object] (Illuminate\\Database\\QueryException(code: 42S02): SQLSTATE[42S02]: Base table or view not found: 1146 Table 'taskboard.transaccions' doesn't exist (Connection: mysql, Host: 127.0.0.1, Port: 3306, Database: taskboard, SQL: insert into `transaccions` (`monto`, `cliente_nombre`, `estado`, `comercio_id`, `updated_at`, `created_at`) values (45, María López, Completada, 1, 2026-09-29 02:00:37, 2026-09-29 02:00:37)) at C:/Users/javie/Herd/Proyecto-Integracion-de-Sistemas/Semana 7/taskboard/vendor/laravel/framework/src/Illuminate/Database/Connection.php:857)
[stacktrace]
#0 C:/Users/javie/Herd/Proyecto-Integracion-de-Sistemas/Semana 7/taskboard/vendor/laravel/framework/src/Illuminate/Database/Connection.php(813): Illuminate/Database/Connection->runQueryCallback()
#1 C:/Users/javie/Herd/Proyecto-Integracion-de-Sistemas/Semana 7/taskboard/vendor/laravel/framework/src/Illuminate/Database/MySqlConnection.php(42): Illuminate/Database/Connection->run()
#2 C:/Users/javie/Herd/Proyecto-Integracion-de-Sistemas/Semana 7/taskboard/vendor/laravel/framework/src/Illuminate/Database/Query/Processors/MySqlProcessor.php(35): Illuminate/Database/MySqlConnection->insert()
#3 C:/Users/javie/Herd/Proyecto-Integracion-de-Sistemas/Semana 7/taskboard/vendor/laravel/framework/src/Illuminate/Database/Query/Builder.php(4315): Illuminate/Database/Query/Processors/MySqlProcessor->processInsertGetId()
#4 C:/Users/javie/Herd/Proyecto-Integracion-de-Sistemas/Semana 7/taskboard/vendor/laravel/framework/src/Illuminate/Database/Eloquent/Builder.php(2336): Illuminate/Database/Query/Builder->insertGetId()
#5 C:/Users/javie/Herd/Proyecto-Integracion-de-Sistemas/Semana 7/taskboard/vendor/laravel/framework/src/Illuminate/Database/Eloquent/Model.php(1713): Illuminate/Database/Eloquent/Builder->__call()
#6 C:/Users/javie/Herd/Proyecto-Integracion-de-Sistemas/Semana 7/taskboard/vendor/laravel/framework/src/Illuminate/Database/Eloquent/Model.php(1625): Illuminate/Database/Eloquent/Model->insertAndSetId()
#7 C:/Users/javie/Herd/Proyecto-Integracion-de-Sistemas/Semana 7/taskboard/vendor/laravel/framework/src/Illuminate/Database/Eloquent/Model.php(1427): Illuminate/Database/Eloquent/Model->performInsert()
#8 C:/Users/javie/Herd/Proyecto-Integracion-de-Sistemas/Semana 7/taskboard/vendor/laravel/framework/src/Illuminate/Database/Eloquent/Relations/HasOneOrMany.php(393): Illuminate/Database/Eloquent/Model->save()
#9 C:/Users/javie/Herd/Proyecto-Integracion-de-Sistemas/Semana 7/taskboard/vendor/laravel/framework/src/Illuminate/Support/helpers.php(393): Illuminate/Database/Eloquent/Relations/HasOneOrMany->{closure:Illuminate/Database/Eloquent/Relations/HasOneOrMany::create():390}()
#10 C:/Users/javie/Herd/Proyecto-Integracion-de-Sistemas/Semana 7/taskboard/vendor/laravel/framework/src/Illuminate/Database/Eloquent/Relations/HasOneOrMany.php(390): tap()
#11 C:/Users/javie/Herd/Proyecto-Integracion-de-Sistemas/Semana 7/taskboard/vendor/laravel/framework/src/Illuminate/Database/Eloquent/Relations/HasOneOrMany.php(445): Illuminate/Database/Eloquent/Relations/HasOneOrMany->create()
#12 C:/Users/javie/Herd/Proyecto-Integracion-de-Sistemas/Semana 7/taskboard/database/seeders/ComercioSeeder.php(23): Illuminate/Database/Eloquent/Relations/HasOneOrMany->createMany()
#13 C:/Users/javie/Herd/Proyecto-Integracion-de-Sistemas/Semana 7/taskboard/vendor/laravel/framework/src/Illuminate/Container/BoundMethod.php(36): Database/Seeders/ComercioSeeder->run()
#14 C:/Users/javie/Herd/Proyecto-Integracion-de-Sistemas/Semana 7/taskboard/vendor/laravel/framework/src/Illuminate/Container/Util.php(43): Illuminate/Container/BoundMethod::{closure:Illuminate/Container/BoundMethod::call():35}()
#15 C:/Users/javie/Herd/Proyecto-Integracion-de-Sistemas/Semana 7/taskboard/vendor/laravel/framework/src/Illuminate/Container/BoundMethod.php(96): Illuminate/Container/Util::unwrapIfClosure()
#16 C:/Users/javie/Herd/Proyecto-Integracion-de-Sistemas/Semana 7/taskboard/vendor/laravel/framework/src/Illuminate/Container/BoundMethod.php(35): Illuminate/Container/BoundMethod::callBoundMethod()
#17 C:/Users/javie/Herd/Proyecto-Integracion-de-Sistemas/Semana 7/taskboard/vendor/laravel/framework/src/Illuminate/Container/Container.php(803): Illuminate/Container/BoundMethod::call()
#18 C:/Users/javie/Herd/Proyecto-Integracion-de-Sistemas/Semana 7/taskboard/vendor/laravel/framework/src/Illuminate/Database/Seeder.php(184): Illuminate/Container/Container->call()
#19 C:/Users/javie/Herd/Proyecto-Integracion-de-Sistemas/Semana 7/taskboard/vendor/laravel/framework/src/Illuminate/Database/Seeder.php(191): Illuminate/Database/Seeder->{closure:Illuminate/Database/Seeder::__invoke():183}()
#20 C:/Users/javie/Herd/Proyecto-Integracion-de-Sistemas/Semana 7/taskboard/vendor/laravel/framework/src/Illuminate/Database/Seeder.php(59): Illuminate/Database/Seeder->__invoke()
#21 C:/Users/javie/Herd/Proyecto-Integracion-de-Sistemas/Semana 7/taskboard/database/seeders/DatabaseSeeder.php(15): Illuminate/Database/Seeder->call()
#22 C:/Users/javie/Herd/Proyecto-Integracion-de-Sistemas/Semana 7/taskboard/vendor/laravel/framework/src/Illuminate/Container/BoundMethod.php(36): Database/Seeders/DatabaseSeeder->run()
#23 C:/Users/javie/Herd/Proyecto-Integracion-de-Sistemas/Semana 7/taskboard/vendor/laravel/framework/src/Illuminate/Container/Util.php(43): Illuminate/Container/BoundMethod::{closure:Illuminate/Container/BoundMethod::call():35}()
#24 C:/Users/javie/Herd/Proyecto-Integracion-de-Sistemas/Semana 7/taskboard/vendor/laravel/framework/src/Illuminate/Container/BoundMethod.php(96): Illuminate/Container/Util::unwrapIfClosure()
#25 C:/Users/javie/Herd/Proyecto-Integracion-de-Sistemas/Semana 7/taskboard/vendor/laravel/framework/src/Illuminate/Container/BoundMethod.php(35): Illuminate/Container/BoundMethod::callBoundMethod()
#26 C:/Users/javie/Herd/Proyecto-Integracion-de-Sistemas/Semana 7/taskboard/vendor/laravel/framework/src/Illuminate/Container/Container.php(803): Illuminate/Container/BoundMethod::call()
#27 C:/Users/javie/Herd/Proyecto-Integracion-de-Sistemas/Semana 7/taskboard/vendor/laravel/framework/src/Illuminate/Database/Seeder.php(184): Illuminate/Container/Container->call()
#28 C:/Users/javie/Herd/Proyecto-Integracion-de-Sistemas/Semana 7/taskboard/vendor/laravel/framework/src/Illuminate/Database/Seeder.php(191): Illuminate/Database/Seeder->{closure:Illuminate/Database/Seeder::__invoke():183}()
#29 C:/Users/javie/Herd/Proyecto-Integracion-de-Sistemas/Semana 7/taskboard/vendor/laravel/framework/src/Illuminate/Database/Console/Seeds/SeedCommand.php(89): Illuminate/Database/Seeder->__invoke()
#30 C:/Users/javie/Herd/Proyecto-Integracion-de-Sistemas/Semana 7/taskboard/vendor/laravel/framework/src/Illuminate/Database/Eloquent/Concerns/GuardsAttributes.php(188): Illuminate/Database/Console/Seeds/SeedCommand->{closure:Illuminate/Database/Console/Seeds/SeedCommand::handle():88}()
#31 C:/Users/javie/Herd/Proyecto-Integracion-de-Sistemas/Semana 7/taskboard/vendor/laravel/framework/src/Illuminate/Database/Console/Seeds/SeedCommand.php(88): Illuminate/Database/Eloquent/Model::unguarded()
#32 C:/Users/javie/Herd/Proyecto-Integracion-de-Sistemas/Semana 7/taskboard/vendor/laravel/framework/src/Illuminate/Container/BoundMethod.php(36): Illuminate/Database/Console/Seeds/SeedCommand->handle()
#33 C:/Users/javie/Herd/Proyecto-Integracion-de-Sistemas/Semana 7/taskboard/vendor/laravel/framework/src/Illuminate/Container/Util.php(43): Illuminate/Container/BoundMethod::{closure:Illuminate/Container/BoundMethod::call():35}()
#34 C:/Users/javie/Herd/Proyecto-Integracion-de-Sistemas/Semana 7/taskboard/vendor/laravel/framework/src/Illuminate/Container/BoundMethod.php(96): Illuminate/Container/Util::unwrapIfClosure()
#35 C:/Users/javie/Herd/Proyecto-Integracion-de-Sistemas/Semana 7/taskboard/vendor/laravel/framework/src/Illuminate/Container/BoundMethod.php(35): Illuminate/Container/BoundMethod::callBoundMethod()
#36 C:/Users/javie/Herd/Proyecto-Integracion-de-Sistemas/Semana 7/taskboard/vendor/laravel/framework/src/Illuminate/Container/Container.php(803): Illuminate/Container/BoundMethod::call()
#37 C:/Users/javie/Herd/Proyecto-Integracion-de-Sistemas/Semana 7/taskboard/vendor/laravel/framework/src/Illuminate/Console/Command.php(292): Illuminate/Container/Container->call()
#38 C:/Users/javie/Herd/Proyecto-Integracion-de-Sistemas/Semana 7/taskboard/vendor/symfony/console/Command/Command.php(285): Illuminate/Console/Command->execute()
#39 C:/Users/javie/Herd/Proyecto-Integracion-de-Sistemas/Semana 7/taskboard/vendor/laravel/framework/src/Illuminate/Console/Command.php(261): Symfony/Component/Console/Command/Command->run()
#40 C:/Users/javie/Herd/Proyecto-Integracion-de-Sistemas/Semana 7/taskboard/vendor/symfony/console/Application.php(1144): Illuminate/Console/Command->run()
#41 C:/Users/javie/Herd/Proyecto-Integracion-de-Sistemas/Semana 7/taskboard/vendor/symfony/console/Application.php(379): Symfony/Component/Console/Application->doRunCommand()
#42 C:/Users/javie/Herd/Proyecto-Integracion-de-Sistemas/Semana 7/taskboard/vendor/symfony/console/Application.php(218): Symfony/Component/Console/Application->doRun()
#43 C:/Users/javie/Herd/Proyecto-Integracion-de-Sistemas/Semana 7/taskboard/vendor/laravel/framework/src/Illuminate/Foundation/Console/Kernel.php(198): Symfony/Component/Console/Application->run()
#44 C:/Users/javie/Herd/Proyecto-Integracion-de-Sistemas/Semana 7/taskboard/vendor/laravel/framework/src/Illuminate/Foundation/Application.php(1242): Illuminate/Foundation/Console/Kernel->handle()
#45 C:/Users/javie/Herd/Proyecto-Integracion-de-Sistemas/Semana 7/taskboard/artisan(16): Illuminate/Foundation/Application->handleCommand()
#46 {main}

[previous exception] [object] (PDOException(code: 42S02): SQLSTATE[42S02]: Base table or view not found: 1146 Table 'taskboard.transaccions' doesn't exist at C:/Users/javie/Herd/Proyecto-Integracion-de-Sistemas/Semana 7/taskboard/vendor/laravel/framework/src/Illuminate/Database/MySqlConnection.php:47)
[stacktrace]
#0 C:/Users/javie/Herd/Proyecto-Integracion-de-Sistemas/Semana 7/taskboard/vendor/laravel/framework/src/Illuminate/Database/MySqlConnection.php(47): PDO->prepare()
#1 C:/Users/javie/Herd/Proyecto-Integracion-de-Sistemas/Semana 7/taskboard/vendor/laravel/framework/src/Illuminate/Database/Connection.php(846): Illuminate/Database/MySqlConnection->{closure:Illuminate/Database/MySqlConnection::insert():42}()
#2 C:/Users/javie/Herd/Proyecto-Integracion-de-Sistemas/Semana 7/taskboard/vendor/laravel/framework/src/Illuminate/Database/Connection.php(813): Illuminate/Database/Connection->runQueryCallback()
#3 C:/Users/javie/Herd/Proyecto-Integracion-de-Sistemas/Semana 7/taskboard/vendor/laravel/framework/src/Illuminate/Database/MySqlConnection.php(42): Illuminate/Database/Connection->run()
#4 C:/Users/javie/Herd/Proyecto-Integracion-de-Sistemas/Semana 7/taskboard/vendor/laravel/framework/src/Illuminate/Database/Query/Processors/MySqlProcessor.php(35): Illuminate/Database/MySqlConnection->insert()
#5 C:/Users/javie/Herd/Proyecto-Integracion-de-Sistemas/Semana 7/taskboard/vendor/laravel/framework/src/Illuminate/Database/Query/Builder.php(4315): Illuminate/Database/Query/Processors/MySqlProcessor->processInsertGetId()
#6 C:/Users/javie/Herd/Proyecto-Integracion-de-Sistemas/Semana 7/taskboard/vendor/laravel/framework/src/Illuminate/Database/Eloquent/Builder.php(2336): Illuminate/Database/Query/Builder->insertGetId()
#7 C:/Users/javie/Herd/Proyecto-Integracion-de-Sistemas/Semana 7/taskboard/vendor/laravel/framework/src/Illuminate/Database/Eloquent/Model.php(1713): Illuminate/Database/Eloquent/Builder->__call()
#8 C:/Users/javie/Herd/Proyecto-Integracion-de-Sistemas/Semana 7/taskboard/vendor/laravel/framework/src/Illuminate/Database/Eloquent/Model.php(1625): Illuminate/Database/Eloquent/Model->insertAndSetId()
#9 C:/Users/javie/Herd/Proyecto-Integracion-de-Sistemas/Semana 7/taskboard/vendor/laravel/framework/src/Illuminate/Database/Eloquent/Model.php(1427): Illuminate/Database/Eloquent/Model->performInsert()
#10 C:/Users/javie/Herd/Proyecto-Integracion-de-Sistemas/Semana 7/taskboard/vendor/laravel/framework/src/Illuminate/Database/Eloquent/Relations/HasOneOrMany.php(393): Illuminate/Database/Eloquent/Model->save()
#11 C:/Users/javie/Herd/Proyecto-Integracion-de-Sistemas/Semana 7/taskboard/vendor/laravel/framework/src/Illuminate/Support/helpers.php(393): Illuminate/Database/Eloquent/Relations/HasOneOrMany->{closure:Illuminate/Database/Eloquent/Relations/HasOneOrMany::create():390}()
#12 C:/Users/javie/Herd/Proyecto-Integracion-de-Sistemas/Semana 7/taskboard/vendor/laravel/framework/src/Illuminate/Database/Eloquent/Relations/HasOneOrMany.php(390): tap()
#13 C:/Users/javie/Herd/Proyecto-Integracion-de-Sistemas/Semana 7/taskboard/vendor/laravel/framework/src/Illuminate/Database/Eloquent/Relations/HasOneOrMany.php(445): Illuminate/Database/Eloquent/Relations/HasOneOrMany->create()
#14 C:/Users/javie/Herd/Proyecto-Integracion-de-Sistemas/Semana 7/taskboard/database/seeders/ComercioSeeder.php(23): Illuminate/Database/Eloquent/Relations/HasOneOrMany->createMany()
#15 C:/Users/javie/Herd/Proyecto-Integracion-de-Sistemas/Semana 7/taskboard/vendor/laravel/framework/src/Illuminate/Container/BoundMethod.php(36): Database/Seeders/ComercioSeeder->run()
#16 C:/Users/javie/Herd/Proyecto-Integracion-de-Sistemas/Semana 7/taskboard/vendor/laravel/framework/src/Illuminate/Container/Util.php(43): Illuminate/Container/BoundMethod::{closure:Illuminate/Container/BoundMethod::call():35}()
#17 C:/Users/javie/Herd/Proyecto-Integracion-de-Sistemas/Semana 7/taskboard/vendor/laravel/framework/src/Illuminate/Container/BoundMethod.php(96): Illuminate/Container/Util::unwrapIfClosure()
#18 C:/Users/javie/Herd/Proyecto-Integracion-de-Sistemas/Semana 7/taskboard/vendor/laravel/framework/src/Illuminate/Container/BoundMethod.php(35): Illuminate/Container/BoundMethod::callBoundMethod()
#19 C:/Users/javie/Herd/Proyecto-Integracion-de-Sistemas/Semana 7/taskboard/vendor/laravel/framework/src/Illuminate/Container/Container.php(803): Illuminate/Container/BoundMethod::call()
#20 C:/Users/javie/Herd/Proyecto-Integracion-de-Sistemas/Semana 7/taskboard/vendor/laravel/framework/src/Illuminate/Database/Seeder.php(184): Illuminate/Container/Container->call()
#21 C:/Users/javie/Herd/Proyecto-Integracion-de-Sistemas/Semana 7/taskboard/vendor/laravel/framework/src/Illuminate/Database/Seeder.php(191): Illuminate/Database/Seeder->{closure:Illuminate/Database/Seeder::__invoke():183}()
#22 C:/Users/javie/Herd/Proyecto-Integracion-de-Sistemas/Semana 7/taskboard/vendor/laravel/framework/src/Illuminate/Database/Seeder.php(59): Illuminate/Database/Seeder->__invoke()
#23 C:/Users/javie/Herd/Proyecto-Integracion-de-Sistemas/Semana 7/taskboard/database/seeders/DatabaseSeeder.php(15): Illuminate/Database/Seeder->call()
#24 C:/Users/javie/Herd/Proyecto-Integracion-de-Sistemas/Semana 7/taskboard/vendor/laravel/framework/src/Illuminate/Container/BoundMethod.php(36): Database/Seeders/DatabaseSeeder->run()
#25 C:/Users/javie/Herd/Proyecto-Integracion-de-Sistemas/Semana 7/taskboard/vendor/laravel/framework/src/Illuminate/Container/Util.php(43): Illuminate/Container/BoundMethod::{closure:Illuminate/Container/BoundMethod::call():35}()
#26 C:/Users/javie/Herd/Proyecto-Integracion-de-Sistemas/Semana 7/taskboard/vendor/laravel/framework/src/Illuminate/Container/BoundMethod.php(96): Illuminate/Container/Util::unwrapIfClosure()
#27 C:/Users/javie/Herd/Proyecto-Integracion-de-Sistemas/Semana 7/taskboard/vendor/laravel/framework/src/Illuminate/Container/BoundMethod.php(35): Illuminate/Container/BoundMethod::callBoundMethod()
#28 C:/Users/javie/Herd/Proyecto-Integracion-de-Sistemas/Semana 7/taskboard/vendor/laravel/framework/src/Illuminate/Container/Container.php(803): Illuminate/Container/BoundMethod::call()
#29 C:/Users/javie/Herd/Proyecto-Integracion-de-Sistemas/Semana 7/taskboard/vendor/laravel/framework/src/Illuminate/Database/Seeder.php(184): Illuminate/Container/Container->call()
#30 C:/Users/javie/Herd/Proyecto-Integracion-de-Sistemas/Semana 7/taskboard/vendor/laravel/framework/src/Illuminate/Database/Seeder.php(191): Illuminate/Database/Seeder->{closure:Illuminate/Database/Seeder::__invoke():183}()
#31 C:/Users/javie/Herd/Proyecto-Integracion-de-Sistemas/Semana 7/taskboard/vendor/laravel/framework/src/Illuminate/Database/Console/Seeds/SeedCommand.php(89): Illuminate/Database/Seeder->__invoke()
#32 C:/Users/javie/Herd/Proyecto-Integracion-de-Sistemas/Semana 7/taskboard/vendor/laravel/framework/src/Illuminate/Database/Eloquent/Concerns/GuardsAttributes.php(188): Illuminate/Database/Console/Seeds/SeedCommand->{closure:Illuminate/Database/Console/Seeds/SeedCommand::handle():88}()
#33 C:/Users/javie/Herd/Proyecto-Integracion-de-Sistemas/Semana 7/taskboard/vendor/laravel/framework/src/Illuminate/Database/Console/Seeds/SeedCommand.php(88): Illuminate/Database/Eloquent/Model::unguarded()
#34 C:/Users/javie/Herd/Proyecto-Integracion-de-Sistemas/Semana 7/taskboard/vendor/laravel/framework/src/Illuminate/Container/BoundMethod.php(36): Illuminate/Database/Console/Seeds/SeedCommand->handle()
#35 C:/Users/javie/Herd/Proyecto-Integracion-de-Sistemas/Semana 7/taskboard/vendor/laravel/framework/src/Illuminate/Container/Util.php(43): Illuminate/Container/BoundMethod::{closure:Illuminate/Container/BoundMethod::call():35}()
#36 C:/Users/javie/Herd/Proyecto-Integracion-de-Sistemas/Semana 7/taskboard/vendor/laravel/framework/src/Illuminate/Container/BoundMethod.php(96): Illuminate/Container/Util::unwrapIfClosure()
#37 C:/Users/javie/Herd/Proyecto-Integracion-de-Sistemas/Semana 7/taskboard/vendor/laravel/framework/src/Illuminate/Container/BoundMethod.php(35): Illuminate/Container/BoundMethod::callBoundMethod()
#38 C:/Users/javie/Herd/Proyecto-Integracion-de-Sistemas/Semana 7/taskboard/vendor/laravel/framework/src/Illuminate/Container/Container.php(803): Illuminate/Container/BoundMethod::call()
#39 C:/Users/javie/Herd/Proyecto-Integracion-de-Sistemas/Semana 7/taskboard/vendor/laravel/framework/src/Illuminate/Console/Command.php(292): Illuminate/Container/Container->call()
#40 C:/Users/javie/Herd/Proyecto-Integracion-de-Sistemas/Semana 7/taskboard/vendor/symfony/console/Command/Command.php(285): Illuminate/Console/Command->execute()
#41 C:/Users/javie/Herd/Proyecto-Integracion-de-Sistemas/Semana 7/taskboard/vendor/laravel/framework/src/Illuminate/Console/Command.php(261): Symfony/Component/Console/Command/Command->run()
#42 C:/Users/javie/Herd/Proyecto-Integracion-de-Sistemas/Semana 7/taskboard/vendor/symfony/console/Application.php(1144): Illuminate/Console/Command->run()
#43 C:/Users/javie/Herd/Proyecto-Integracion-de-Sistemas/Semana 7/taskboard/vendor/symfony/console/Application.php(379): Symfony/Component/Console/Application->doRunCommand()
#44 C:/Users/javie/Herd/Proyecto-Integracion-de-Sistemas/Semana 7/taskboard/vendor/symfony/console/Application.php(218): Symfony/Component/Console/Application->doRun()
#45 C:/Users/javie/Herd/Proyecto-Integracion-de-Sistemas/Semana 7/taskboard/vendor/laravel/framework/src/Illuminate/Foundation/Console/Kernel.php(198): Symfony/Component/Console/Application->run()
#46 C:/Users/javie/Herd/Proyecto-Integracion-de-Sistemas/Semana 7/taskboard/vendor/laravel/framework/src/Illuminate/Foundation/Application.php(1242): Illuminate/Foundation/Console/Kernel->handle()
#47 C:/Users/javie/Herd/Proyecto-Integracion-de-Sistemas/Semana 7/taskboard/artisan(16): Illuminate/Foundation/Application->handleCommand()
#48 {main}
"} 
[2026-10-01 01:28:18] local.ERROR: Class "App\Http\Controllers\TransaccionController" does not exist {"exception":"[object] (ReflectionException(code: -1): Class \"App\\Http\\Controllers\\TransaccionController\" does not exist at C:/Users/javie/Herd/Proyecto-Integracion-de-Sistemas/Semana 9/taskboard/vendor/laravel/framework/src/Illuminate/Foundation/Console/RouteListCommand.php:289)
[stacktrace]
#0 C:/Users/javie/Herd/Proyecto-Integracion-de-Sistemas/Semana 9/taskboard/vendor/laravel/framework/src/Illuminate/Foundation/Console/RouteListCommand.php(289): ReflectionClass->__construct()
#1 C:/Users/javie/Herd/Proyecto-Integracion-de-Sistemas/Semana 9/taskboard/vendor/laravel/framework/src/Illuminate/Foundation/Console/RouteListCommand.php(165): Illuminate/Foundation/Console/RouteListCommand->isVendorRoute()
#2 C:/Users/javie/Herd/Proyecto-Integracion-de-Sistemas/Semana 9/taskboard/vendor/laravel/framework/src/Illuminate/Foundation/Console/RouteListCommand.php(132): Illuminate/Foundation/Console/RouteListCommand->getRouteInformation()
#3 [internal function]: Illuminate/Foundation/Console/RouteListCommand->{closure:Illuminate/Foundation/Console/RouteListCommand::getRoutes():132}()
#4 C:/Users/javie/Herd/Proyecto-Integracion-de-Sistemas/Semana 9/taskboard/vendor/laravel/framework/src/Illuminate/Collections/Arr.php(858): array_map()
#5 C:/Users/javie/Herd/Proyecto-Integracion-de-Sistemas/Semana 9/taskboard/vendor/laravel/framework/src/Illuminate/Collections/Collection.php(833): Illuminate/Support/Arr::map()
#6 C:/Users/javie/Herd/Proyecto-Integracion-de-Sistemas/Semana 9/taskboard/vendor/laravel/framework/src/Illuminate/Foundation/Console/RouteListCommand.php(132): Illuminate/Support/Collection->map()
#7 C:/Users/javie/Herd/Proyecto-Integracion-de-Sistemas/Semana 9/taskboard/vendor/laravel/framework/src/Illuminate/Foundation/Console/RouteListCommand.php(115): Illuminate/Foundation/Console/RouteListCommand->getRoutes()
#8 C:/Users/javie/Herd/Proyecto-Integracion-de-Sistemas/Semana 9/taskboard/vendor/laravel/framework/src/Illuminate/Container/BoundMethod.php(36): Illuminate/Foundation/Console/RouteListCommand->handle()
#9 C:/Users/javie/Herd/Proyecto-Integracion-de-Sistemas/Semana 9/taskboard/vendor/laravel/framework/src/Illuminate/Container/Util.php(43): Illuminate/Container/BoundMethod::{closure:Illuminate/Container/BoundMethod::call():35}()
#10 C:/Users/javie/Herd/Proyecto-Integracion-de-Sistemas/Semana 9/taskboard/vendor/laravel/framework/src/Illuminate/Container/BoundMethod.php(96): Illuminate/Container/Util::unwrapIfClosure()
#11 C:/Users/javie/Herd/Proyecto-Integracion-de-Sistemas/Semana 9/taskboard/vendor/laravel/framework/src/Illuminate/Container/BoundMethod.php(35): Illuminate/Container/BoundMethod::callBoundMethod()
#12 C:/Users/javie/Herd/Proyecto-Integracion-de-Sistemas/Semana 9/taskboard/vendor/laravel/framework/src/Illuminate/Container/Container.php(803): Illuminate/Container/BoundMethod::call()
#13 C:/Users/javie/Herd/Proyecto-Integracion-de-Sistemas/Semana 9/taskboard/vendor/laravel/framework/src/Illuminate/Console/Command.php(292): Illuminate/Container/Container->call()
#14 C:/Users/javie/Herd/Proyecto-Integracion-de-Sistemas/Semana 9/taskboard/vendor/symfony/console/Command/Command.php(285): Illuminate/Console/Command->execute()
#15 C:/Users/javie/Herd/Proyecto-Integracion-de-Sistemas/Semana 9/taskboard/vendor/laravel/framework/src/Illuminate/Console/Command.php(261): Symfony/Component/Console/Command/Command->run()
#16 C:/Users/javie/Herd/Proyecto-Integracion-de-Sistemas/Semana 9/taskboard/vendor/symfony/console/Application.php(1144): Illuminate/Console/Command->run()
#17 C:/Users/javie/Herd/Proyecto-Integracion-de-Sistemas/Semana 9/taskboard/vendor/symfony/console/Application.php(379): Symfony/Component/Console/Application->doRunCommand()
#18 C:/Users/javie/Herd/Proyecto-Integracion-de-Sistemas/Semana 9/taskboard/vendor/symfony/console/Application.php(218): Symfony/Component/Console/Application->doRun()
#19 C:/Users/javie/Herd/Proyecto-Integracion-de-Sistemas/Semana 9/taskboard/vendor/laravel/framework/src/Illuminate/Foundation/Console/Kernel.php(198): Symfony/Component/Console/Application->run()
#20 C:/Users/javie/Herd/Proyecto-Integracion-de-Sistemas/Semana 9/taskboard/vendor/laravel/framework/src/Illuminate/Foundation/Application.php(1242): Illuminate/Foundation/Console/Kernel->handle()
#21 C:/Users/javie/Herd/Proyecto-Integracion-de-Sistemas/Semana 9/taskboard/artisan(16): Illuminate/Foundation/Application->handleCommand()
#22 {main}
"} 
[2026-10-01 23:06:14] local.ERROR: SQLSTATE[23000]: Integrity constraint violation: 1048 Column 'monto' cannot be null (Connection: mysql, Host: 127.0.0.1, Port: 3306, Database: taskboard, SQL: insert into `transacciones` (`comercio_id`, `cliente_nombre`, `monto`, `updated_at`, `created_at`) values (2, Prueba Lab 1, ?, 2026-10-01 23:06:13, 2026-10-01 23:06:13)) {"exception":"[object] (Illuminate\\Database\\QueryException(code: 23000): SQLSTATE[23000]: Integrity constraint violation: 1048 Column 'monto' cannot be null (Connection: mysql, Host: 127.0.0.1, Port: 3306, Database: taskboard, SQL: insert into `transacciones` (`comercio_id`, `cliente_nombre`, `monto`, `updated_at`, `created_at`) values (2, Prueba Lab 1, ?, 2026-10-01 23:06:13, 2026-10-01 23:06:13)) at C:/Users/javie/Herd/Proyecto-Integracion-de-Sistemas/Semana 10/taskboard/vendor/laravel/framework/src/Illuminate/Database/Connection.php:857)
[stacktrace]
#0 C:/Users/javie/Herd/Proyecto-Integracion-de-Sistemas/Semana 10/taskboard/vendor/laravel/framework/src/Illuminate/Database/Connection.php(813): Illuminate/Database/Connection->runQueryCallback()
#1 C:/Users/javie/Herd/Proyecto-Integracion-de-Sistemas/Semana 10/taskboard/vendor/laravel/framework/src/Illuminate/Database/MySqlConnection.php(42): Illuminate/Database/Connection->run()
#2 C:/Users/javie/Herd/Proyecto-Integracion-de-Sistemas/Semana 10/taskboard/vendor/laravel/framework/src/Illuminate/Database/Query/Processors/MySqlProcessor.php(35): Illuminate/Database/MySqlConnection->insert()
#3 C:/Users/javie/Herd/Proyecto-Integracion-de-Sistemas/Semana 10/taskboard/vendor/laravel/framework/src/Illuminate/Database/Query/Builder.php(4315): Illuminate/Database/Query/Processors/MySqlProcessor->processInsertGetId()
#4 C:/Users/javie/Herd/Proyecto-Integracion-de-Sistemas/Semana 10/taskboard/vendor/laravel/framework/src/Illuminate/Database/Eloquent/Builder.php(2336): Illuminate/Database/Query/Builder->insertGetId()
#5 C:/Users/javie/Herd/Proyecto-Integracion-de-Sistemas/Semana 10/taskboard/vendor/laravel/framework/src/Illuminate/Database/Eloquent/Model.php(1713): Illuminate/Database/Eloquent/Builder->__call()
#6 C:/Users/javie/Herd/Proyecto-Integracion-de-Sistemas/Semana 10/taskboard/vendor/laravel/framework/src/Illuminate/Database/Eloquent/Model.php(1625): Illuminate/Database/Eloquent/Model->insertAndSetId()
#7 C:/Users/javie/Herd/Proyecto-Integracion-de-Sistemas/Semana 10/taskboard/vendor/laravel/framework/src/Illuminate/Database/Eloquent/Model.php(1427): Illuminate/Database/Eloquent/Model->performInsert()
#8 C:/Users/javie/Herd/Proyecto-Integracion-de-Sistemas/Semana 10/taskboard/vendor/laravel/framework/src/Illuminate/Database/Eloquent/Builder.php(1258): Illuminate/Database/Eloquent/Model->save()
#9 C:/Users/javie/Herd/Proyecto-Integracion-de-Sistemas/Semana 10/taskboard/vendor/laravel/framework/src/Illuminate/Support/helpers.php(393): Illuminate/Database/Eloquent/Builder->{closure:Illuminate/Database/Eloquent/Builder::create():1257}()
#10 C:/Users/javie/Herd/Proyecto-Integracion-de-Sistemas/Semana 10/taskboard/vendor/laravel/framework/src/Illuminate/Database/Eloquent/Builder.php(1257): tap()
#11 C:/Users/javie/Herd/Proyecto-Integracion-de-Sistemas/Semana 10/taskboard/vendor/laravel/framework/src/Illuminate/Support/Traits/ForwardsCalls.php(23): Illuminate/Database/Eloquent/Builder->create()
#12 C:/Users/javie/Herd/Proyecto-Integracion-de-Sistemas/Semana 10/taskboard/vendor/laravel/framework/src/Illuminate/Database/Eloquent/Model.php(2911): Illuminate/Database/Eloquent/Model->forwardCallTo()
#13 C:/Users/javie/Herd/Proyecto-Integracion-de-Sistemas/Semana 10/taskboard/vendor/laravel/framework/src/Illuminate/Database/Eloquent/Model.php(2927): Illuminate/Database/Eloquent/Model->__call()
#14 C:/Users/javie/Herd/Proyecto-Integracion-de-Sistemas/Semana 10/taskboard/app/Http/Controllers/TransaccionController.php(19): Illuminate/Database/Eloquent/Model::__callStatic()
#15 C:/Users/javie/Herd/Proyecto-Integracion-de-Sistemas/Semana 10/taskboard/vendor/laravel/framework/src/Illuminate/Routing/ControllerDispatcher.php(46): App/Http/Controllers/TransaccionController->store()
#16 C:/Users/javie/Herd/Proyecto-Integracion-de-Sistemas/Semana 10/taskboard/vendor/laravel/framework/src/Illuminate/Routing/Route.php(276): Illuminate/Routing/ControllerDispatcher->dispatch()
#17 C:/Users/javie/Herd/Proyecto-Integracion-de-Sistemas/Semana 10/taskboard/vendor/laravel/framework/src/Illuminate/Routing/Route.php(216): Illuminate/Routing/Route->runController()
#18 C:/Users/javie/Herd/Proyecto-Integracion-de-Sistemas/Semana 10/taskboard/vendor/laravel/framework/src/Illuminate/Routing/Router.php(822): Illuminate/Routing/Route->run()
#19 C:/Users/javie/Herd/Proyecto-Integracion-de-Sistemas/Semana 10/taskboard/vendor/laravel/framework/src/Illuminate/Pipeline/Pipeline.php(180): Illuminate/Routing/Router->{closure:Illuminate/Routing/Router::runRouteWithinStack():821}()
#20 C:/Users/javie/Herd/Proyecto-Integracion-de-Sistemas/Semana 10/taskboard/vendor/laravel/framework/src/Illuminate/Routing/Middleware/SubstituteBindings.php(52): Illuminate/Pipeline/Pipeline->{closure:Illuminate/Pipeline/Pipeline::prepareDestination():178}()
#21 C:/Users/javie/Herd/Proyecto-Integracion-de-Sistemas/Semana 10/taskboard/vendor/laravel/framework/src/Illuminate/Pipeline/Pipeline.php(219): Illuminate/Routing/Middleware/SubstituteBindings->handle()
#22 C:/Users/javie/Herd/Proyecto-Integracion-de-Sistemas/Semana 10/taskboard/vendor/laravel/framework/src/Illuminate/Foundation/Http/Middleware/PreventRequestForgery.php(104): Illuminate/Pipeline/Pipeline->{closure:{closure:Illuminate/Pipeline/Pipeline::carry():194}:195}()
#23 C:/Users/javie/Herd/Proyecto-Integracion-de-Sistemas/Semana 10/taskboard/vendor/laravel/framework/src/Illuminate/Pipeline/Pipeline.php(219): Illuminate/Foundation/Http/Middleware/PreventRequestForgery->handle()
#24 C:/Users/javie/Herd/Proyecto-Integracion-de-Sistemas/Semana 10/taskboard/vendor/laravel/framework/src/Illuminate/View/Middleware/ShareErrorsFromSession.php(48): Illuminate/Pipeline/Pipeline->{closure:{closure:Illuminate/Pipeline/Pipeline::carry():194}:195}()
#25 C:/Users/javie/Herd/Proyecto-Integracion-de-Sistemas/Semana 10/taskboard/vendor/laravel/framework/src/Illuminate/Pipeline/Pipeline.php(219): Illuminate/View/Middleware/ShareErrorsFromSession->handle()
#26 C:/Users/javie/Herd/Proyecto-Integracion-de-Sistemas/Semana 10/taskboard/vendor/laravel/framework/src/Illuminate/Session/Middleware/StartSession.php(120): Illuminate/Pipeline/Pipeline->{closure:{closure:Illuminate/Pipeline/Pipeline::carry():194}:195}()
#27 C:/Users/javie/Herd/Proyecto-Integracion-de-Sistemas/Semana 10/taskboard/vendor/laravel/framework/src/Illuminate/Session/Middleware/StartSession.php(63): Illuminate/Session/Middleware/StartSession->handleStatefulRequest()
#28 C:/Users/javie/Herd/Proyecto-Integracion-de-Sistemas/Semana 10/taskboard/vendor/laravel/framework/src/Illuminate/Pipeline/Pipeline.php(219): Illuminate/Session/Middleware/StartSession->handle()
#29 C:/Users/javie/Herd/Proyecto-Integracion-de-Sistemas/Semana 10/taskboard/vendor/laravel/framework/src/Illuminate/Cookie/Middleware/AddQueuedCookiesToResponse.php(36): Illuminate/Pipeline/Pipeline->{closure:{closure:Illuminate/Pipeline/Pipeline::carry():194}:195}()
#30 C:/Users/javie/Herd/Proyecto-Integracion-de-Sistemas/Semana 10/taskboard/vendor/laravel/framework/src/Illuminate/Pipeline/Pipeline.php(219): Illuminate/Cookie/Middleware/AddQueuedCookiesToResponse->handle()
#31 C:/Users/javie/Herd/Proyecto-Integracion-de-Sistemas/Semana 10/taskboard/vendor/laravel/framework/src/Illuminate/Cookie/Middleware/EncryptCookies.php(74): Illuminate/Pipeline/Pipeline->{closure:{closure:Illuminate/Pipeline/Pipeline::carry():194}:195}()
#32 C:/Users/javie/Herd/Proyecto-Integracion-de-Sistemas/Semana 10/taskboard/vendor/laravel/framework/src/Illuminate/Pipeline/Pipeline.php(219): Illuminate/Cookie/Middleware/EncryptCookies->handle()
#33 C:/Users/javie/Herd/Proyecto-Integracion-de-Sistemas/Semana 10/taskboard/vendor/laravel/framework/src/Illuminate/Pipeline/Pipeline.php(137): Illuminate/Pipeline/Pipeline->{closure:{closure:Illuminate/Pipeline/Pipeline::carry():194}:195}()
#34 C:/Users/javie/Herd/Proyecto-Integracion-de-Sistemas/Semana 10/taskboard/vendor/laravel/framework/src/Illuminate/Routing/Router.php(821): Illuminate/Pipeline/Pipeline->then()
#35 C:/Users/javie/Herd/Proyecto-Integracion-de-Sistemas/Semana 10/taskboard/vendor/laravel/framework/src/Illuminate/Routing/Router.php(800): Illuminate/Routing/Router->runRouteWithinStack()
#36 C:/Users/javie/Herd/Proyecto-Integracion-de-Sistemas/Semana 10/taskboard/vendor/laravel/framework/src/Illuminate/Routing/Router.php(764): Illuminate/Routing/Router->runRoute()
#37 C:/Users/javie/Herd/Proyecto-Integracion-de-Sistemas/Semana 10/taskboard/vendor/laravel/framework/src/Illuminate/Routing/Router.php(753): Illuminate/Routing/Router->dispatchToRoute()
#38 C:/Users/javie/Herd/Proyecto-Integracion-de-Sistemas/Semana 10/taskboard/vendor/laravel/framework/src/Illuminate/Foundation/Http/Kernel.php(200): Illuminate/Routing/Router->dispatch()
#39 C:/Users/javie/Herd/Proyecto-Integracion-de-Sistemas/Semana 10/taskboard/vendor/laravel/framework/src/Illuminate/Pipeline/Pipeline.php(180): Illuminate/Foundation/Http/Kernel->{closure:Illuminate/Foundation/Http/Kernel::dispatchToRouter():197}()
#40 C:/Users/javie/Herd/Proyecto-Integracion-de-Sistemas/Semana 10/taskboard/vendor/laravel/framework/src/Illuminate/Foundation/Http/Middleware/TransformsRequest.php(21): Illuminate/Pipeline/Pipeline->{closure:Illuminate/Pipeline/Pipeline::prepareDestination():178}()
#41 C:/Users/javie/Herd/Proyecto-Integracion-de-Sistemas/Semana 10/taskboard/vendor/laravel/framework/src/Illuminate/Foundation/Http/Middleware/ConvertEmptyStringsToNull.php(31): Illuminate/Foundation/Http/Middleware/TransformsRequest->handle()
#42 C:/Users/javie/Herd/Proyecto-Integracion-de-Sistemas/Semana 10/taskboard/vendor/laravel/framework/src/Illuminate/Pipeline/Pipeline.php(219): Illuminate/Foundation/Http/Middleware/ConvertEmptyStringsToNull->handle()
#43 C:/Users/javie/Herd/Proyecto-Integracion-de-Sistemas/Semana 10/taskboard/vendor/laravel/framework/src/Illuminate/Foundation/Http/Middleware/TransformsRequest.php(21): Illuminate/Pipeline/Pipeline->{closure:{closure:Illuminate/Pipeline/Pipeline::carry():194}:195}()
#44 C:/Users/javie/Herd/Proyecto-Integracion-de-Sistemas/Semana 10/taskboard/vendor/laravel/framework/src/Illuminate/Foundation/Http/Middleware/TrimStrings.php(51): Illuminate/Foundation/Http/Middleware/TransformsRequest->handle()
#45 C:/Users/javie/Herd/Proyecto-Integracion-de-Sistemas/Semana 10/taskboard/vendor/laravel/framework/src/Illuminate/Pipeline/Pipeline.php(219): Illuminate/Foundation/Http/Middleware/TrimStrings->handle()
#46 C:/Users/javie/Herd/Proyecto-Integracion-de-Sistemas/Semana 10/taskboard/vendor/laravel/framework/src/Illuminate/Http/Middleware/ValidatePostSize.php(27): Illuminate/Pipeline/Pipeline->{closure:{closure:Illuminate/Pipeline/Pipeline::carry():194}:195}()
#47 C:/Users/javie/Herd/Proyecto-Integracion-de-Sistemas/Semana 10/taskboard/vendor/laravel/framework/src/Illuminate/Pipeline/Pipeline.php(219): Illuminate/Http/Middleware/ValidatePostSize->handle()
#48 C:/Users/javie/Herd/Proyecto-Integracion-de-Sistemas/Semana 10/taskboard/vendor/laravel/framework/src/Illuminate/Foundation/Http/Middleware/PreventRequestsDuringMaintenance.php(110): Illuminate/Pipeline/Pipeline->{closure:{closure:Illuminate/Pipeline/Pipeline::carry():194}:195}()
#49 C:/Users/javie/Herd/Proyecto-Integracion-de-Sistemas/Semana 10/taskboard/vendor/laravel/framework/src/Illuminate/Pipeline/Pipeline.php(219): Illuminate/Foundation/Http/Middleware/PreventRequestsDuringMaintenance->handle()
#50 C:/Users/javie/Herd/Proyecto-Integracion-de-Sistemas/Semana 10/taskboard/vendor/laravel/framework/src/Illuminate/Http/Middleware/HandleCors.php(61): Illuminate/Pipeline/Pipeline->{closure:{closure:Illuminate/Pipeline/Pipeline::carry():194}:195}()
#51 C:/Users/javie/Herd/Proyecto-Integracion-de-Sistemas/Semana 10/taskboard/vendor/laravel/framework/src/Illuminate/Pipeline/Pipeline.php(219): Illuminate/Http/Middleware/HandleCors->handle()
#52 C:/Users/javie/Herd/Proyecto-Integracion-de-Sistemas/Semana 10/taskboard/vendor/laravel/framework/src/Illuminate/Http/Middleware/TrustProxies.php(58): Illuminate/Pipeline/Pipeline->{closure:{closure:Illuminate/Pipeline/Pipeline::carry():194}:195}()
#53 C:/Users/javie/Herd/Proyecto-Integracion-de-Sistemas/Semana 10/taskboard/vendor/laravel/framework/src/Illuminate/Pipeline/Pipeline.php(219): Illuminate/Http/Middleware/TrustProxies->handle()
#54 C:/Users/javie/Herd/Proyecto-Integracion-de-Sistemas/Semana 10/taskboard/vendor/laravel/framework/src/Illuminate/Foundation/Http/Middleware/InvokeDeferredCallbacks.php(22): Illuminate/Pipeline/Pipeline->{closure:{closure:Illuminate/Pipeline/Pipeline::carry():194}:195}()
#55 C:/Users/javie/Herd/Proyecto-Integracion-de-Sistemas/Semana 10/taskboard/vendor/laravel/framework/src/Illuminate/Pipeline/Pipeline.php(219): Illuminate/Foundation/Http/Middleware/InvokeDeferredCallbacks->handle()
#56 C:/Users/javie/Herd/Proyecto-Integracion-de-Sistemas/Semana 10/taskboard/vendor/laravel/framework/src/Illuminate/Http/Middleware/ValidatePathEncoding.php(28): Illuminate/Pipeline/Pipeline->{closure:{closure:Illuminate/Pipeline/Pipeline::carry():194}:195}()
#57 C:/Users/javie/Herd/Proyecto-Integracion-de-Sistemas/Semana 10/taskboard/vendor/laravel/framework/src/Illuminate/Pipeline/Pipeline.php(219): Illuminate/Http/Middleware/ValidatePathEncoding->handle()
#58 C:/Users/javie/Herd/Proyecto-Integracion-de-Sistemas/Semana 10/taskboard/vendor/laravel/framework/src/Illuminate/Pipeline/Pipeline.php(137): Illuminate/Pipeline/Pipeline->{closure:{closure:Illuminate/Pipeline/Pipeline::carry():194}:195}()
#59 C:/Users/javie/Herd/Proyecto-Integracion-de-Sistemas/Semana 10/taskboard/vendor/laravel/framework/src/Illuminate/Foundation/Http/Kernel.php(175): Illuminate/Pipeline/Pipeline->then()
#60 C:/Users/javie/Herd/Proyecto-Integracion-de-Sistemas/Semana 10/taskboard/vendor/laravel/framework/src/Illuminate/Foundation/Http/Kernel.php(144): Illuminate/Foundation/Http/Kernel->sendRequestThroughRouter()
#61 C:/Users/javie/Herd/Proyecto-Integracion-de-Sistemas/Semana 10/taskboard/vendor/laravel/framework/src/Illuminate/Foundation/Application.php(1227): Illuminate/Foundation/Http/Kernel->handle()
#62 C:/Users/javie/Herd/Proyecto-Integracion-de-Sistemas/Semana 10/taskboard/public/index.php(20): Illuminate/Foundation/Application->handleRequest()
#63 C:/Users/javie/Herd/Proyecto-Integracion-de-Sistemas/Semana 10/taskboard/vendor/laravel/framework/src/Illuminate/Foundation/resources/server.php(23): require_once('...')
#64 {main}

[previous exception] [object] (PDOException(code: 23000): SQLSTATE[23000]: Integrity constraint violation: 1048 Column 'monto' cannot be null at C:/Users/javie/Herd/Proyecto-Integracion-de-Sistemas/Semana 10/taskboard/vendor/laravel/framework/src/Illuminate/Database/MySqlConnection.php:53)
[stacktrace]
#0 C:/Users/javie/Herd/Proyecto-Integracion-de-Sistemas/Semana 10/taskboard/vendor/laravel/framework/src/Illuminate/Database/MySqlConnection.php(53): PDOStatement->execute()
#1 C:/Users/javie/Herd/Proyecto-Integracion-de-Sistemas/Semana 10/taskboard/vendor/laravel/framework/src/Illuminate/Database/Connection.php(846): Illuminate/Database/MySqlConnection->{closure:Illuminate/Database/MySqlConnection::insert():42}()
#2 C:/Users/javie/Herd/Proyecto-Integracion-de-Sistemas/Semana 10/taskboard/vendor/laravel/framework/src/Illuminate/Database/Connection.php(813): Illuminate/Database/Connection->runQueryCallback()
#3 C:/Users/javie/Herd/Proyecto-Integracion-de-Sistemas/Semana 10/taskboard/vendor/laravel/framework/src/Illuminate/Database/MySqlConnection.php(42): Illuminate/Database/Connection->run()
#4 C:/Users/javie/Herd/Proyecto-Integracion-de-Sistemas/Semana 10/taskboard/vendor/laravel/framework/src/Illuminate/Database/Query/Processors/MySqlProcessor.php(35): Illuminate/Database/MySqlConnection->insert()
#5 C:/Users/javie/Herd/Proyecto-Integracion-de-Sistemas/Semana 10/taskboard/vendor/laravel/framework/src/Illuminate/Database/Query/Builder.php(4315): Illuminate/Database/Query/Processors/MySqlProcessor->processInsertGetId()
#6 C:/Users/javie/Herd/Proyecto-Integracion-de-Sistemas/Semana 10/taskboard/vendor/laravel/framework/src/Illuminate/Database/Eloquent/Builder.php(2336): Illuminate/Database/Query/Builder->insertGetId()
#7 C:/Users/javie/Herd/Proyecto-Integracion-de-Sistemas/Semana 10/taskboard/vendor/laravel/framework/src/Illuminate/Database/Eloquent/Model.php(1713): Illuminate/Database/Eloquent/Builder->__call()
#8 C:/Users/javie/Herd/Proyecto-Integracion-de-Sistemas/Semana 10/taskboard/vendor/laravel/framework/src/Illuminate/Database/Eloquent/Model.php(1625): Illuminate/Database/Eloquent/Model->insertAndSetId()
#9 C:/Users/javie/Herd/Proyecto-Integracion-de-Sistemas/Semana 10/taskboard/vendor/laravel/framework/src/Illuminate/Database/Eloquent/Model.php(1427): Illuminate/Database/Eloquent/Model->performInsert()
#10 C:/Users/javie/Herd/Proyecto-Integracion-de-Sistemas/Semana 10/taskboard/vendor/laravel/framework/src/Illuminate/Database/Eloquent/Builder.php(1258): Illuminate/Database/Eloquent/Model->save()
#11 C:/Users/javie/Herd/Proyecto-Integracion-de-Sistemas/Semana 10/taskboard/vendor/laravel/framework/src/Illuminate/Support/helpers.php(393): Illuminate/Database/Eloquent/Builder->{closure:Illuminate/Database/Eloquent/Builder::create():1257}()
#12 C:/Users/javie/Herd/Proyecto-Integracion-de-Sistemas/Semana 10/taskboard/vendor/laravel/framework/src/Illuminate/Database/Eloquent/Builder.php(1257): tap()
#13 C:/Users/javie/Herd/Proyecto-Integracion-de-Sistemas/Semana 10/taskboard/vendor/laravel/framework/src/Illuminate/Support/Traits/ForwardsCalls.php(23): Illuminate/Database/Eloquent/Builder->create()
#14 C:/Users/javie/Herd/Proyecto-Integracion-de-Sistemas/Semana 10/taskboard/vendor/laravel/framework/src/Illuminate/Database/Eloquent/Model.php(2911): Illuminate/Database/Eloquent/Model->forwardCallTo()
#15 C:/Users/javie/Herd/Proyecto-Integracion-de-Sistemas/Semana 10/taskboard/vendor/laravel/framework/src/Illuminate/Database/Eloquent/Model.php(2927): Illuminate/Database/Eloquent/Model->__call()
#16 C:/Users/javie/Herd/Proyecto-Integracion-de-Sistemas/Semana 10/taskboard/app/Http/Controllers/TransaccionController.php(19): Illuminate/Database/Eloquent/Model::__callStatic()
#17 C:/Users/javie/Herd/Proyecto-Integracion-de-Sistemas/Semana 10/taskboard/vendor/laravel/framework/src/Illuminate/Routing/ControllerDispatcher.php(46): App/Http/Controllers/TransaccionController->store()
#18 C:/Users/javie/Herd/Proyecto-Integracion-de-Sistemas/Semana 10/taskboard/vendor/laravel/framework/src/Illuminate/Routing/Route.php(276): Illuminate/Routing/ControllerDispatcher->dispatch()
#19 C:/Users/javie/Herd/Proyecto-Integracion-de-Sistemas/Semana 10/taskboard/vendor/laravel/framework/src/Illuminate/Routing/Route.php(216): Illuminate/Routing/Route->runController()
#20 C:/Users/javie/Herd/Proyecto-Integracion-de-Sistemas/Semana 10/taskboard/vendor/laravel/framework/src/Illuminate/Routing/Router.php(822): Illuminate/Routing/Route->run()
#21 C:/Users/javie/Herd/Proyecto-Integracion-de-Sistemas/Semana 10/taskboard/vendor/laravel/framework/src/Illuminate/Pipeline/Pipeline.php(180): Illuminate/Routing/Router->{closure:Illuminate/Routing/Router::runRouteWithinStack():821}()
#22 C:/Users/javie/Herd/Proyecto-Integracion-de-Sistemas/Semana 10/taskboard/vendor/laravel/framework/src/Illuminate/Routing/Middleware/SubstituteBindings.php(52): Illuminate/Pipeline/Pipeline->{closure:Illuminate/Pipeline/Pipeline::prepareDestination():178}()
#23 C:/Users/javie/Herd/Proyecto-Integracion-de-Sistemas/Semana 10/taskboard/vendor/laravel/framework/src/Illuminate/Pipeline/Pipeline.php(219): Illuminate/Routing/Middleware/SubstituteBindings->handle()
#24 C:/Users/javie/Herd/Proyecto-Integracion-de-Sistemas/Semana 10/taskboard/vendor/laravel/framework/src/Illuminate/Foundation/Http/Middleware/PreventRequestForgery.php(104): Illuminate/Pipeline/Pipeline->{closure:{closure:Illuminate/Pipeline/Pipeline::carry():194}:195}()
#25 C:/Users/javie/Herd/Proyecto-Integracion-de-Sistemas/Semana 10/taskboard/vendor/laravel/framework/src/Illuminate/Pipeline/Pipeline.php(219): Illuminate/Foundation/Http/Middleware/PreventRequestForgery->handle()
#26 C:/Users/javie/Herd/Proyecto-Integracion-de-Sistemas/Semana 10/taskboard/vendor/laravel/framework/src/Illuminate/View/Middleware/ShareErrorsFromSession.php(48): Illuminate/Pipeline/Pipeline->{closure:{closure:Illuminate/Pipeline/Pipeline::carry():194}:195}()
#27 C:/Users/javie/Herd/Proyecto-Integracion-de-Sistemas/Semana 10/taskboard/vendor/laravel/framework/src/Illuminate/Pipeline/Pipeline.php(219): Illuminate/View/Middleware/ShareErrorsFromSession->handle()
#28 C:/Users/javie/Herd/Proyecto-Integracion-de-Sistemas/Semana 10/taskboard/vendor/laravel/framework/src/Illuminate/Session/Middleware/StartSession.php(120): Illuminate/Pipeline/Pipeline->{closure:{closure:Illuminate/Pipeline/Pipeline::carry():194}:195}()
#29 C:/Users/javie/Herd/Proyecto-Integracion-de-Sistemas/Semana 10/taskboard/vendor/laravel/framework/src/Illuminate/Session/Middleware/StartSession.php(63): Illuminate/Session/Middleware/StartSession->handleStatefulRequest()
#30 C:/Users/javie/Herd/Proyecto-Integracion-de-Sistemas/Semana 10/taskboard/vendor/laravel/framework/src/Illuminate/Pipeline/Pipeline.php(219): Illuminate/Session/Middleware/StartSession->handle()
#31 C:/Users/javie/Herd/Proyecto-Integracion-de-Sistemas/Semana 10/taskboard/vendor/laravel/framework/src/Illuminate/Cookie/Middleware/AddQueuedCookiesToResponse.php(36): Illuminate/Pipeline/Pipeline->{closure:{closure:Illuminate/Pipeline/Pipeline::carry():194}:195}()
#32 C:/Users/javie/Herd/Proyecto-Integracion-de-Sistemas/Semana 10/taskboard/vendor/laravel/framework/src/Illuminate/Pipeline/Pipeline.php(219): Illuminate/Cookie/Middleware/AddQueuedCookiesToResponse->handle()
#33 C:/Users/javie/Herd/Proyecto-Integracion-de-Sistemas/Semana 10/taskboard/vendor/laravel/framework/src/Illuminate/Cookie/Middleware/EncryptCookies.php(74): Illuminate/Pipeline/Pipeline->{closure:{closure:Illuminate/Pipeline/Pipeline::carry():194}:195}()
#34 C:/Users/javie/Herd/Proyecto-Integracion-de-Sistemas/Semana 10/taskboard/vendor/laravel/framework/src/Illuminate/Pipeline/Pipeline.php(219): Illuminate/Cookie/Middleware/EncryptCookies->handle()
#35 C:/Users/javie/Herd/Proyecto-Integracion-de-Sistemas/Semana 10/taskboard/vendor/laravel/framework/src/Illuminate/Pipeline/Pipeline.php(137): Illuminate/Pipeline/Pipeline->{closure:{closure:Illuminate/Pipeline/Pipeline::carry():194}:195}()
#36 C:/Users/javie/Herd/Proyecto-Integracion-de-Sistemas/Semana 10/taskboard/vendor/laravel/framework/src/Illuminate/Routing/Router.php(821): Illuminate/Pipeline/Pipeline->then()
#37 C:/Users/javie/Herd/Proyecto-Integracion-de-Sistemas/Semana 10/taskboard/vendor/laravel/framework/src/Illuminate/Routing/Router.php(800): Illuminate/Routing/Router->runRouteWithinStack()
#38 C:/Users/javie/Herd/Proyecto-Integracion-de-Sistemas/Semana 10/taskboard/vendor/laravel/framework/src/Illuminate/Routing/Router.php(764): Illuminate/Routing/Router->runRoute()
#39 C:/Users/javie/Herd/Proyecto-Integracion-de-Sistemas/Semana 10/taskboard/vendor/laravel/framework/src/Illuminate/Routing/Router.php(753): Illuminate/Routing/Router->dispatchToRoute()
#40 C:/Users/javie/Herd/Proyecto-Integracion-de-Sistemas/Semana 10/taskboard/vendor/laravel/framework/src/Illuminate/Foundation/Http/Kernel.php(200): Illuminate/Routing/Router->dispatch()
#41 C:/Users/javie/Herd/Proyecto-Integracion-de-Sistemas/Semana 10/taskboard/vendor/laravel/framework/src/Illuminate/Pipeline/Pipeline.php(180): Illuminate/Foundation/Http/Kernel->{closure:Illuminate/Foundation/Http/Kernel::dispatchToRouter():197}()
#42 C:/Users/javie/Herd/Proyecto-Integracion-de-Sistemas/Semana 10/taskboard/vendor/laravel/framework/src/Illuminate/Foundation/Http/Middleware/TransformsRequest.php(21): Illuminate/Pipeline/Pipeline->{closure:Illuminate/Pipeline/Pipeline::prepareDestination():178}()
#43 C:/Users/javie/Herd/Proyecto-Integracion-de-Sistemas/Semana 10/taskboard/vendor/laravel/framework/src/Illuminate/Foundation/Http/Middleware/ConvertEmptyStringsToNull.php(31): Illuminate/Foundation/Http/Middleware/TransformsRequest->handle()
#44 C:/Users/javie/Herd/Proyecto-Integracion-de-Sistemas/Semana 10/taskboard/vendor/laravel/framework/src/Illuminate/Pipeline/Pipeline.php(219): Illuminate/Foundation/Http/Middleware/ConvertEmptyStringsToNull->handle()
#45 C:/Users/javie/Herd/Proyecto-Integracion-de-Sistemas/Semana 10/taskboard/vendor/laravel/framework/src/Illuminate/Foundation/Http/Middleware/TransformsRequest.php(21): Illuminate/Pipeline/Pipeline->{closure:{closure:Illuminate/Pipeline/Pipeline::carry():194}:195}()
#46 C:/Users/javie/Herd/Proyecto-Integracion-de-Sistemas/Semana 10/taskboard/vendor/laravel/framework/src/Illuminate/Foundation/Http/Middleware/TrimStrings.php(51): Illuminate/Foundation/Http/Middleware/TransformsRequest->handle()
#47 C:/Users/javie/Herd/Proyecto-Integracion-de-Sistemas/Semana 10/taskboard/vendor/laravel/framework/src/Illuminate/Pipeline/Pipeline.php(219): Illuminate/Foundation/Http/Middleware/TrimStrings->handle()
#48 C:/Users/javie/Herd/Proyecto-Integracion-de-Sistemas/Semana 10/taskboard/vendor/laravel/framework/src/Illuminate/Http/Middleware/ValidatePostSize.php(27): Illuminate/Pipeline/Pipeline->{closure:{closure:Illuminate/Pipeline/Pipeline::carry():194}:195}()
#49 C:/Users/javie/Herd/Proyecto-Integracion-de-Sistemas/Semana 10/taskboard/vendor/laravel/framework/src/Illuminate/Pipeline/Pipeline.php(219): Illuminate/Http/Middleware/ValidatePostSize->handle()
#50 C:/Users/javie/Herd/Proyecto-Integracion-de-Sistemas/Semana 10/taskboard/vendor/laravel/framework/src/Illuminate/Foundation/Http/Middleware/PreventRequestsDuringMaintenance.php(110): Illuminate/Pipeline/Pipeline->{closure:{closure:Illuminate/Pipeline/Pipeline::carry():194}:195}()
#51 C:/Users/javie/Herd/Proyecto-Integracion-de-Sistemas/Semana 10/taskboard/vendor/laravel/framework/src/Illuminate/Pipeline/Pipeline.php(219): Illuminate/Foundation/Http/Middleware/PreventRequestsDuringMaintenance->handle()
#52 C:/Users/javie/Herd/Proyecto-Integracion-de-Sistemas/Semana 10/taskboard/vendor/laravel/framework/src/Illuminate/Http/Middleware/HandleCors.php(61): Illuminate/Pipeline/Pipeline->{closure:{closure:Illuminate/Pipeline/Pipeline::carry():194}:195}()
#53 C:/Users/javie/Herd/Proyecto-Integracion-de-Sistemas/Semana 10/taskboard/vendor/laravel/framework/src/Illuminate/Pipeline/Pipeline.php(219): Illuminate/Http/Middleware/HandleCors->handle()
#54 C:/Users/javie/Herd/Proyecto-Integracion-de-Sistemas/Semana 10/taskboard/vendor/laravel/framework/src/Illuminate/Http/Middleware/TrustProxies.php(58): Illuminate/Pipeline/Pipeline->{closure:{closure:Illuminate/Pipeline/Pipeline::carry():194}:195}()
#55 C:/Users/javie/Herd/Proyecto-Integracion-de-Sistemas/Semana 10/taskboard/vendor/laravel/framework/src/Illuminate/Pipeline/Pipeline.php(219): Illuminate/Http/Middleware/TrustProxies->handle()
#56 C:/Users/javie/Herd/Proyecto-Integracion-de-Sistemas/Semana 10/taskboard/vendor/laravel/framework/src/Illuminate/Foundation/Http/Middleware/InvokeDeferredCallbacks.php(22): Illuminate/Pipeline/Pipeline->{closure:{closure:Illuminate/Pipeline/Pipeline::carry():194}:195}()
#57 C:/Users/javie/Herd/Proyecto-Integracion-de-Sistemas/Semana 10/taskboard/vendor/laravel/framework/src/Illuminate/Pipeline/Pipeline.php(219): Illuminate/Foundation/Http/Middleware/InvokeDeferredCallbacks->handle()
#58 C:/Users/javie/Herd/Proyecto-Integracion-de-Sistemas/Semana 10/taskboard/vendor/laravel/framework/src/Illuminate/Http/Middleware/ValidatePathEncoding.php(28): Illuminate/Pipeline/Pipeline->{closure:{closure:Illuminate/Pipeline/Pipeline::carry():194}:195}()
#59 C:/Users/javie/Herd/Proyecto-Integracion-de-Sistemas/Semana 10/taskboard/vendor/laravel/framework/src/Illuminate/Pipeline/Pipeline.php(219): Illuminate/Http/Middleware/ValidatePathEncoding->handle()
#60 C:/Users/javie/Herd/Proyecto-Integracion-de-Sistemas/Semana 10/taskboard/vendor/laravel/framework/src/Illuminate/Pipeline/Pipeline.php(137): Illuminate/Pipeline/Pipeline->{closure:{closure:Illuminate/Pipeline/Pipeline::carry():194}:195}()
#61 C:/Users/javie/Herd/Proyecto-Integracion-de-Sistemas/Semana 10/taskboard/vendor/laravel/framework/src/Illuminate/Foundation/Http/Kernel.php(175): Illuminate/Pipeline/Pipeline->then()
#62 C:/Users/javie/Herd/Proyecto-Integracion-de-Sistemas/Semana 10/taskboard/vendor/laravel/framework/src/Illuminate/Foundation/Http/Kernel.php(144): Illuminate/Foundation/Http/Kernel->sendRequestThroughRouter()
#63 C:/Users/javie/Herd/Proyecto-Integracion-de-Sistemas/Semana 10/taskboard/vendor/laravel/framework/src/Illuminate/Foundation/Application.php(1227): Illuminate/Foundation/Http/Kernel->handle()
#64 C:/Users/javie/Herd/Proyecto-Integracion-de-Sistemas/Semana 10/taskboard/public/index.php(20): Illuminate/Foundation/Application->handleRequest()
#65 C:/Users/javie/Herd/Proyecto-Integracion-de-Sistemas/Semana 10/taskboard/vendor/laravel/framework/src/Illuminate/Foundation/resources/server.php(23): require_once('...')
#66 {main}
"} 
[2026-10-01 23:22:37] local.ERROR: SQLSTATE[23000]: Integrity constraint violation: 1048 Column 'monto' cannot be null (Connection: mysql, Host: 127.0.0.1, Port: 3306, Database: taskboard, SQL: insert into `transacciones` (`comercio_id`, `cliente_nombre`, `monto`, `updated_at`, `created_at`) values (2, Prueba Lab 2, ?, 2026-10-01 23:22:37, 2026-10-01 23:22:37)) {"exception":"[object] (Illuminate\\Database\\QueryException(code: 23000): SQLSTATE[23000]: Integrity constraint violation: 1048 Column 'monto' cannot be null (Connection: mysql, Host: 127.0.0.1, Port: 3306, Database: taskboard, SQL: insert into `transacciones` (`comercio_id`, `cliente_nombre`, `monto`, `updated_at`, `created_at`) values (2, Prueba Lab 2, ?, 2026-10-01 23:22:37, 2026-10-01 23:22:37)) at C:/Users/javie/Herd/Proyecto-Integracion-de-Sistemas/Semana 10/taskboard/vendor/laravel/framework/src/Illuminate/Database/Connection.php:857)
[stacktrace]
#0 C:/Users/javie/Herd/Proyecto-Integracion-de-Sistemas/Semana 10/taskboard/vendor/laravel/framework/src/Illuminate/Database/Connection.php(813): Illuminate/Database/Connection->runQueryCallback()
#1 C:/Users/javie/Herd/Proyecto-Integracion-de-Sistemas/Semana 10/taskboard/vendor/laravel/framework/src/Illuminate/Database/MySqlConnection.php(42): Illuminate/Database/Connection->run()
#2 C:/Users/javie/Herd/Proyecto-Integracion-de-Sistemas/Semana 10/taskboard/vendor/laravel/framework/src/Illuminate/Database/Query/Processors/MySqlProcessor.php(35): Illuminate/Database/MySqlConnection->insert()
#3 C:/Users/javie/Herd/Proyecto-Integracion-de-Sistemas/Semana 10/taskboard/vendor/laravel/framework/src/Illuminate/Database/Query/Builder.php(4315): Illuminate/Database/Query/Processors/MySqlProcessor->processInsertGetId()
#4 C:/Users/javie/Herd/Proyecto-Integracion-de-Sistemas/Semana 10/taskboard/vendor/laravel/framework/src/Illuminate/Database/Eloquent/Builder.php(2336): Illuminate/Database/Query/Builder->insertGetId()
#5 C:/Users/javie/Herd/Proyecto-Integracion-de-Sistemas/Semana 10/taskboard/vendor/laravel/framework/src/Illuminate/Database/Eloquent/Model.php(1713): Illuminate/Database/Eloquent/Builder->__call()
#6 C:/Users/javie/Herd/Proyecto-Integracion-de-Sistemas/Semana 10/taskboard/vendor/laravel/framework/src/Illuminate/Database/Eloquent/Model.php(1625): Illuminate/Database/Eloquent/Model->insertAndSetId()
#7 C:/Users/javie/Herd/Proyecto-Integracion-de-Sistemas/Semana 10/taskboard/vendor/laravel/framework/src/Illuminate/Database/Eloquent/Model.php(1427): Illuminate/Database/Eloquent/Model->performInsert()
#8 C:/Users/javie/Herd/Proyecto-Integracion-de-Sistemas/Semana 10/taskboard/vendor/laravel/framework/src/Illuminate/Database/Eloquent/Builder.php(1258): Illuminate/Database/Eloquent/Model->save()
#9 C:/Users/javie/Herd/Proyecto-Integracion-de-Sistemas/Semana 10/taskboard/vendor/laravel/framework/src/Illuminate/Support/helpers.php(393): Illuminate/Database/Eloquent/Builder->{closure:Illuminate/Database/Eloquent/Builder::create():1257}()
#10 C:/Users/javie/Herd/Proyecto-Integracion-de-Sistemas/Semana 10/taskboard/vendor/laravel/framework/src/Illuminate/Database/Eloquent/Builder.php(1257): tap()
#11 C:/Users/javie/Herd/Proyecto-Integracion-de-Sistemas/Semana 10/taskboard/vendor/laravel/framework/src/Illuminate/Support/Traits/ForwardsCalls.php(23): Illuminate/Database/Eloquent/Builder->create()
#12 C:/Users/javie/Herd/Proyecto-Integracion-de-Sistemas/Semana 10/taskboard/vendor/laravel/framework/src/Illuminate/Database/Eloquent/Model.php(2911): Illuminate/Database/Eloquent/Model->forwardCallTo()
#13 C:/Users/javie/Herd/Proyecto-Integracion-de-Sistemas/Semana 10/taskboard/vendor/laravel/framework/src/Illuminate/Database/Eloquent/Model.php(2927): Illuminate/Database/Eloquent/Model->__call()
#14 C:/Users/javie/Herd/Proyecto-Integracion-de-Sistemas/Semana 10/taskboard/app/Http/Controllers/TransaccionController.php(19): Illuminate/Database/Eloquent/Model::__callStatic()
#15 C:/Users/javie/Herd/Proyecto-Integracion-de-Sistemas/Semana 10/taskboard/vendor/laravel/framework/src/Illuminate/Routing/ControllerDispatcher.php(46): App/Http/Controllers/TransaccionController->store()
#16 C:/Users/javie/Herd/Proyecto-Integracion-de-Sistemas/Semana 10/taskboard/vendor/laravel/framework/src/Illuminate/Routing/Route.php(276): Illuminate/Routing/ControllerDispatcher->dispatch()
#17 C:/Users/javie/Herd/Proyecto-Integracion-de-Sistemas/Semana 10/taskboard/vendor/laravel/framework/src/Illuminate/Routing/Route.php(216): Illuminate/Routing/Route->runController()
#18 C:/Users/javie/Herd/Proyecto-Integracion-de-Sistemas/Semana 10/taskboard/vendor/laravel/framework/src/Illuminate/Routing/Router.php(822): Illuminate/Routing/Route->run()
#19 C:/Users/javie/Herd/Proyecto-Integracion-de-Sistemas/Semana 10/taskboard/vendor/laravel/framework/src/Illuminate/Pipeline/Pipeline.php(180): Illuminate/Routing/Router->{closure:Illuminate/Routing/Router::runRouteWithinStack():821}()
#20 C:/Users/javie/Herd/Proyecto-Integracion-de-Sistemas/Semana 10/taskboard/vendor/laravel/framework/src/Illuminate/Routing/Middleware/SubstituteBindings.php(52): Illuminate/Pipeline/Pipeline->{closure:Illuminate/Pipeline/Pipeline::prepareDestination():178}()
#21 C:/Users/javie/Herd/Proyecto-Integracion-de-Sistemas/Semana 10/taskboard/vendor/laravel/framework/src/Illuminate/Pipeline/Pipeline.php(219): Illuminate/Routing/Middleware/SubstituteBindings->handle()
#22 C:/Users/javie/Herd/Proyecto-Integracion-de-Sistemas/Semana 10/taskboard/vendor/laravel/framework/src/Illuminate/Foundation/Http/Middleware/PreventRequestForgery.php(104): Illuminate/Pipeline/Pipeline->{closure:{closure:Illuminate/Pipeline/Pipeline::carry():194}:195}()
#23 C:/Users/javie/Herd/Proyecto-Integracion-de-Sistemas/Semana 10/taskboard/vendor/laravel/framework/src/Illuminate/Pipeline/Pipeline.php(219): Illuminate/Foundation/Http/Middleware/PreventRequestForgery->handle()
#24 C:/Users/javie/Herd/Proyecto-Integracion-de-Sistemas/Semana 10/taskboard/vendor/laravel/framework/src/Illuminate/View/Middleware/ShareErrorsFromSession.php(48): Illuminate/Pipeline/Pipeline->{closure:{closure:Illuminate/Pipeline/Pipeline::carry():194}:195}()
#25 C:/Users/javie/Herd/Proyecto-Integracion-de-Sistemas/Semana 10/taskboard/vendor/laravel/framework/src/Illuminate/Pipeline/Pipeline.php(219): Illuminate/View/Middleware/ShareErrorsFromSession->handle()
#26 C:/Users/javie/Herd/Proyecto-Integracion-de-Sistemas/Semana 10/taskboard/vendor/laravel/framework/src/Illuminate/Session/Middleware/StartSession.php(120): Illuminate/Pipeline/Pipeline->{closure:{closure:Illuminate/Pipeline/Pipeline::carry():194}:195}()
#27 C:/Users/javie/Herd/Proyecto-Integracion-de-Sistemas/Semana 10/taskboard/vendor/laravel/framework/src/Illuminate/Session/Middleware/StartSession.php(63): Illuminate/Session/Middleware/StartSession->handleStatefulRequest()
#28 C:/Users/javie/Herd/Proyecto-Integracion-de-Sistemas/Semana 10/taskboard/vendor/laravel/framework/src/Illuminate/Pipeline/Pipeline.php(219): Illuminate/Session/Middleware/StartSession->handle()
#29 C:/Users/javie/Herd/Proyecto-Integracion-de-Sistemas/Semana 10/taskboard/vendor/laravel/framework/src/Illuminate/Cookie/Middleware/AddQueuedCookiesToResponse.php(36): Illuminate/Pipeline/Pipeline->{closure:{closure:Illuminate/Pipeline/Pipeline::carry():194}:195}()
#30 C:/Users/javie/Herd/Proyecto-Integracion-de-Sistemas/Semana 10/taskboard/vendor/laravel/framework/src/Illuminate/Pipeline/Pipeline.php(219): Illuminate/Cookie/Middleware/AddQueuedCookiesToResponse->handle()
#31 C:/Users/javie/Herd/Proyecto-Integracion-de-Sistemas/Semana 10/taskboard/vendor/laravel/framework/src/Illuminate/Cookie/Middleware/EncryptCookies.php(74): Illuminate/Pipeline/Pipeline->{closure:{closure:Illuminate/Pipeline/Pipeline::carry():194}:195}()
#32 C:/Users/javie/Herd/Proyecto-Integracion-de-Sistemas/Semana 10/taskboard/vendor/laravel/framework/src/Illuminate/Pipeline/Pipeline.php(219): Illuminate/Cookie/Middleware/EncryptCookies->handle()
#33 C:/Users/javie/Herd/Proyecto-Integracion-de-Sistemas/Semana 10/taskboard/vendor/laravel/framework/src/Illuminate/Pipeline/Pipeline.php(137): Illuminate/Pipeline/Pipeline->{closure:{closure:Illuminate/Pipeline/Pipeline::carry():194}:195}()
#34 C:/Users/javie/Herd/Proyecto-Integracion-de-Sistemas/Semana 10/taskboard/vendor/laravel/framework/src/Illuminate/Routing/Router.php(821): Illuminate/Pipeline/Pipeline->then()
#35 C:/Users/javie/Herd/Proyecto-Integracion-de-Sistemas/Semana 10/taskboard/vendor/laravel/framework/src/Illuminate/Routing/Router.php(800): Illuminate/Routing/Router->runRouteWithinStack()
#36 C:/Users/javie/Herd/Proyecto-Integracion-de-Sistemas/Semana 10/taskboard/vendor/laravel/framework/src/Illuminate/Routing/Router.php(764): Illuminate/Routing/Router->runRoute()
#37 C:/Users/javie/Herd/Proyecto-Integracion-de-Sistemas/Semana 10/taskboard/vendor/laravel/framework/src/Illuminate/Routing/Router.php(753): Illuminate/Routing/Router->dispatchToRoute()
#38 C:/Users/javie/Herd/Proyecto-Integracion-de-Sistemas/Semana 10/taskboard/vendor/laravel/framework/src/Illuminate/Foundation/Http/Kernel.php(200): Illuminate/Routing/Router->dispatch()
#39 C:/Users/javie/Herd/Proyecto-Integracion-de-Sistemas/Semana 10/taskboard/vendor/laravel/framework/src/Illuminate/Pipeline/Pipeline.php(180): Illuminate/Foundation/Http/Kernel->{closure:Illuminate/Foundation/Http/Kernel::dispatchToRouter():197}()
#40 C:/Users/javie/Herd/Proyecto-Integracion-de-Sistemas/Semana 10/taskboard/vendor/laravel/framework/src/Illuminate/Foundation/Http/Middleware/TransformsRequest.php(21): Illuminate/Pipeline/Pipeline->{closure:Illuminate/Pipeline/Pipeline::prepareDestination():178}()
#41 C:/Users/javie/Herd/Proyecto-Integracion-de-Sistemas/Semana 10/taskboard/vendor/laravel/framework/src/Illuminate/Foundation/Http/Middleware/ConvertEmptyStringsToNull.php(31): Illuminate/Foundation/Http/Middleware/TransformsRequest->handle()
#42 C:/Users/javie/Herd/Proyecto-Integracion-de-Sistemas/Semana 10/taskboard/vendor/laravel/framework/src/Illuminate/Pipeline/Pipeline.php(219): Illuminate/Foundation/Http/Middleware/ConvertEmptyStringsToNull->handle()
#43 C:/Users/javie/Herd/Proyecto-Integracion-de-Sistemas/Semana 10/taskboard/vendor/laravel/framework/src/Illuminate/Foundation/Http/Middleware/TransformsRequest.php(21): Illuminate/Pipeline/Pipeline->{closure:{closure:Illuminate/Pipeline/Pipeline::carry():194}:195}()
#44 C:/Users/javie/Herd/Proyecto-Integracion-de-Sistemas/Semana 10/taskboard/vendor/laravel/framework/src/Illuminate/Foundation/Http/Middleware/TrimStrings.php(51): Illuminate/Foundation/Http/Middleware/TransformsRequest->handle()
#45 C:/Users/javie/Herd/Proyecto-Integracion-de-Sistemas/Semana 10/taskboard/vendor/laravel/framework/src/Illuminate/Pipeline/Pipeline.php(219): Illuminate/Foundation/Http/Middleware/TrimStrings->handle()
#46 C:/Users/javie/Herd/Proyecto-Integracion-de-Sistemas/Semana 10/taskboard/vendor/laravel/framework/src/Illuminate/Http/Middleware/ValidatePostSize.php(27): Illuminate/Pipeline/Pipeline->{closure:{closure:Illuminate/Pipeline/Pipeline::carry():194}:195}()
#47 C:/Users/javie/Herd/Proyecto-Integracion-de-Sistemas/Semana 10/taskboard/vendor/laravel/framework/src/Illuminate/Pipeline/Pipeline.php(219): Illuminate/Http/Middleware/ValidatePostSize->handle()
#48 C:/Users/javie/Herd/Proyecto-Integracion-de-Sistemas/Semana 10/taskboard/vendor/laravel/framework/src/Illuminate/Foundation/Http/Middleware/PreventRequestsDuringMaintenance.php(110): Illuminate/Pipeline/Pipeline->{closure:{closure:Illuminate/Pipeline/Pipeline::carry():194}:195}()
#49 C:/Users/javie/Herd/Proyecto-Integracion-de-Sistemas/Semana 10/taskboard/vendor/laravel/framework/src/Illuminate/Pipeline/Pipeline.php(219): Illuminate/Foundation/Http/Middleware/PreventRequestsDuringMaintenance->handle()
#50 C:/Users/javie/Herd/Proyecto-Integracion-de-Sistemas/Semana 10/taskboard/vendor/laravel/framework/src/Illuminate/Http/Middleware/HandleCors.php(61): Illuminate/Pipeline/Pipeline->{closure:{closure:Illuminate/Pipeline/Pipeline::carry():194}:195}()
#51 C:/Users/javie/Herd/Proyecto-Integracion-de-Sistemas/Semana 10/taskboard/vendor/laravel/framework/src/Illuminate/Pipeline/Pipeline.php(219): Illuminate/Http/Middleware/HandleCors->handle()
#52 C:/Users/javie/Herd/Proyecto-Integracion-de-Sistemas/Semana 10/taskboard/vendor/laravel/framework/src/Illuminate/Http/Middleware/TrustProxies.php(58): Illuminate/Pipeline/Pipeline->{closure:{closure:Illuminate/Pipeline/Pipeline::carry():194}:195}()
#53 C:/Users/javie/Herd/Proyecto-Integracion-de-Sistemas/Semana 10/taskboard/vendor/laravel/framework/src/Illuminate/Pipeline/Pipeline.php(219): Illuminate/Http/Middleware/TrustProxies->handle()
#54 C:/Users/javie/Herd/Proyecto-Integracion-de-Sistemas/Semana 10/taskboard/vendor/laravel/framework/src/Illuminate/Foundation/Http/Middleware/InvokeDeferredCallbacks.php(22): Illuminate/Pipeline/Pipeline->{closure:{closure:Illuminate/Pipeline/Pipeline::carry():194}:195}()
#55 C:/Users/javie/Herd/Proyecto-Integracion-de-Sistemas/Semana 10/taskboard/vendor/laravel/framework/src/Illuminate/Pipeline/Pipeline.php(219): Illuminate/Foundation/Http/Middleware/InvokeDeferredCallbacks->handle()
#56 C:/Users/javie/Herd/Proyecto-Integracion-de-Sistemas/Semana 10/taskboard/vendor/laravel/framework/src/Illuminate/Http/Middleware/ValidatePathEncoding.php(28): Illuminate/Pipeline/Pipeline->{closure:{closure:Illuminate/Pipeline/Pipeline::carry():194}:195}()
#57 C:/Users/javie/Herd/Proyecto-Integracion-de-Sistemas/Semana 10/taskboard/vendor/laravel/framework/src/Illuminate/Pipeline/Pipeline.php(219): Illuminate/Http/Middleware/ValidatePathEncoding->handle()
#58 C:/Users/javie/Herd/Proyecto-Integracion-de-Sistemas/Semana 10/taskboard/vendor/laravel/framework/src/Illuminate/Pipeline/Pipeline.php(137): Illuminate/Pipeline/Pipeline->{closure:{closure:Illuminate/Pipeline/Pipeline::carry():194}:195}()
#59 C:/Users/javie/Herd/Proyecto-Integracion-de-Sistemas/Semana 10/taskboard/vendor/laravel/framework/src/Illuminate/Foundation/Http/Kernel.php(175): Illuminate/Pipeline/Pipeline->then()
#60 C:/Users/javie/Herd/Proyecto-Integracion-de-Sistemas/Semana 10/taskboard/vendor/laravel/framework/src/Illuminate/Foundation/Http/Kernel.php(144): Illuminate/Foundation/Http/Kernel->sendRequestThroughRouter()
#61 C:/Users/javie/Herd/Proyecto-Integracion-de-Sistemas/Semana 10/taskboard/vendor/laravel/framework/src/Illuminate/Foundation/Application.php(1227): Illuminate/Foundation/Http/Kernel->handle()
#62 C:/Users/javie/Herd/Proyecto-Integracion-de-Sistemas/Semana 10/taskboard/public/index.php(20): Illuminate/Foundation/Application->handleRequest()
#63 C:/Users/javie/Herd/Proyecto-Integracion-de-Sistemas/Semana 10/taskboard/vendor/laravel/framework/src/Illuminate/Foundation/resources/server.php(23): require_once('...')
#64 {main}

[previous exception] [object] (PDOException(code: 23000): SQLSTATE[23000]: Integrity constraint violation: 1048 Column 'monto' cannot be null at C:/Users/javie/Herd/Proyecto-Integracion-de-Sistemas/Semana 10/taskboard/vendor/laravel/framework/src/Illuminate/Database/MySqlConnection.php:53)
[stacktrace]
#0 C:/Users/javie/Herd/Proyecto-Integracion-de-Sistemas/Semana 10/taskboard/vendor/laravel/framework/src/Illuminate/Database/MySqlConnection.php(53): PDOStatement->execute()
#1 C:/Users/javie/Herd/Proyecto-Integracion-de-Sistemas/Semana 10/taskboard/vendor/laravel/framework/src/Illuminate/Database/Connection.php(846): Illuminate/Database/MySqlConnection->{closure:Illuminate/Database/MySqlConnection::insert():42}()
#2 C:/Users/javie/Herd/Proyecto-Integracion-de-Sistemas/Semana 10/taskboard/vendor/laravel/framework/src/Illuminate/Database/Connection.php(813): Illuminate/Database/Connection->runQueryCallback()
#3 C:/Users/javie/Herd/Proyecto-Integracion-de-Sistemas/Semana 10/taskboard/vendor/laravel/framework/src/Illuminate/Database/MySqlConnection.php(42): Illuminate/Database/Connection->run()
#4 C:/Users/javie/Herd/Proyecto-Integracion-de-Sistemas/Semana 10/taskboard/vendor/laravel/framework/src/Illuminate/Database/Query/Processors/MySqlProcessor.php(35): Illuminate/Database/MySqlConnection->insert()
#5 C:/Users/javie/Herd/Proyecto-Integracion-de-Sistemas/Semana 10/taskboard/vendor/laravel/framework/src/Illuminate/Database/Query/Builder.php(4315): Illuminate/Database/Query/Processors/MySqlProcessor->processInsertGetId()
#6 C:/Users/javie/Herd/Proyecto-Integracion-de-Sistemas/Semana 10/taskboard/vendor/laravel/framework/src/Illuminate/Database/Eloquent/Builder.php(2336): Illuminate/Database/Query/Builder->insertGetId()
#7 C:/Users/javie/Herd/Proyecto-Integracion-de-Sistemas/Semana 10/taskboard/vendor/laravel/framework/src/Illuminate/Database/Eloquent/Model.php(1713): Illuminate/Database/Eloquent/Builder->__call()
#8 C:/Users/javie/Herd/Proyecto-Integracion-de-Sistemas/Semana 10/taskboard/vendor/laravel/framework/src/Illuminate/Database/Eloquent/Model.php(1625): Illuminate/Database/Eloquent/Model->insertAndSetId()
#9 C:/Users/javie/Herd/Proyecto-Integracion-de-Sistemas/Semana 10/taskboard/vendor/laravel/framework/src/Illuminate/Database/Eloquent/Model.php(1427): Illuminate/Database/Eloquent/Model->performInsert()
#10 C:/Users/javie/Herd/Proyecto-Integracion-de-Sistemas/Semana 10/taskboard/vendor/laravel/framework/src/Illuminate/Database/Eloquent/Builder.php(1258): Illuminate/Database/Eloquent/Model->save()
#11 C:/Users/javie/Herd/Proyecto-Integracion-de-Sistemas/Semana 10/taskboard/vendor/laravel/framework/src/Illuminate/Support/helpers.php(393): Illuminate/Database/Eloquent/Builder->{closure:Illuminate/Database/Eloquent/Builder::create():1257}()
#12 C:/Users/javie/Herd/Proyecto-Integracion-de-Sistemas/Semana 10/taskboard/vendor/laravel/framework/src/Illuminate/Database/Eloquent/Builder.php(1257): tap()
#13 C:/Users/javie/Herd/Proyecto-Integracion-de-Sistemas/Semana 10/taskboard/vendor/laravel/framework/src/Illuminate/Support/Traits/ForwardsCalls.php(23): Illuminate/Database/Eloquent/Builder->create()
#14 C:/Users/javie/Herd/Proyecto-Integracion-de-Sistemas/Semana 10/taskboard/vendor/laravel/framework/src/Illuminate/Database/Eloquent/Model.php(2911): Illuminate/Database/Eloquent/Model->forwardCallTo()
#15 C:/Users/javie/Herd/Proyecto-Integracion-de-Sistemas/Semana 10/taskboard/vendor/laravel/framework/src/Illuminate/Database/Eloquent/Model.php(2927): Illuminate/Database/Eloquent/Model->__call()
#16 C:/Users/javie/Herd/Proyecto-Integracion-de-Sistemas/Semana 10/taskboard/app/Http/Controllers/TransaccionController.php(19): Illuminate/Database/Eloquent/Model::__callStatic()
#17 C:/Users/javie/Herd/Proyecto-Integracion-de-Sistemas/Semana 10/taskboard/vendor/laravel/framework/src/Illuminate/Routing/ControllerDispatcher.php(46): App/Http/Controllers/TransaccionController->store()
#18 C:/Users/javie/Herd/Proyecto-Integracion-de-Sistemas/Semana 10/taskboard/vendor/laravel/framework/src/Illuminate/Routing/Route.php(276): Illuminate/Routing/ControllerDispatcher->dispatch()
#19 C:/Users/javie/Herd/Proyecto-Integracion-de-Sistemas/Semana 10/taskboard/vendor/laravel/framework/src/Illuminate/Routing/Route.php(216): Illuminate/Routing/Route->runController()
#20 C:/Users/javie/Herd/Proyecto-Integracion-de-Sistemas/Semana 10/taskboard/vendor/laravel/framework/src/Illuminate/Routing/Router.php(822): Illuminate/Routing/Route->run()
#21 C:/Users/javie/Herd/Proyecto-Integracion-de-Sistemas/Semana 10/taskboard/vendor/laravel/framework/src/Illuminate/Pipeline/Pipeline.php(180): Illuminate/Routing/Router->{closure:Illuminate/Routing/Router::runRouteWithinStack():821}()
#22 C:/Users/javie/Herd/Proyecto-Integracion-de-Sistemas/Semana 10/taskboard/vendor/laravel/framework/src/Illuminate/Routing/Middleware/SubstituteBindings.php(52): Illuminate/Pipeline/Pipeline->{closure:Illuminate/Pipeline/Pipeline::prepareDestination():178}()
#23 C:/Users/javie/Herd/Proyecto-Integracion-de-Sistemas/Semana 10/taskboard/vendor/laravel/framework/src/Illuminate/Pipeline/Pipeline.php(219): Illuminate/Routing/Middleware/SubstituteBindings->handle()
#24 C:/Users/javie/Herd/Proyecto-Integracion-de-Sistemas/Semana 10/taskboard/vendor/laravel/framework/src/Illuminate/Foundation/Http/Middleware/PreventRequestForgery.php(104): Illuminate/Pipeline/Pipeline->{closure:{closure:Illuminate/Pipeline/Pipeline::carry():194}:195}()
#25 C:/Users/javie/Herd/Proyecto-Integracion-de-Sistemas/Semana 10/taskboard/vendor/laravel/framework/src/Illuminate/Pipeline/Pipeline.php(219): Illuminate/Foundation/Http/Middleware/PreventRequestForgery->handle()
#26 C:/Users/javie/Herd/Proyecto-Integracion-de-Sistemas/Semana 10/taskboard/vendor/laravel/framework/src/Illuminate/View/Middleware/ShareErrorsFromSession.php(48): Illuminate/Pipeline/Pipeline->{closure:{closure:Illuminate/Pipeline/Pipeline::carry():194}:195}()
#27 C:/Users/javie/Herd/Proyecto-Integracion-de-Sistemas/Semana 10/taskboard/vendor/laravel/framework/src/Illuminate/Pipeline/Pipeline.php(219): Illuminate/View/Middleware/ShareErrorsFromSession->handle()
#28 C:/Users/javie/Herd/Proyecto-Integracion-de-Sistemas/Semana 10/taskboard/vendor/laravel/framework/src/Illuminate/Session/Middleware/StartSession.php(120): Illuminate/Pipeline/Pipeline->{closure:{closure:Illuminate/Pipeline/Pipeline::carry():194}:195}()
#29 C:/Users/javie/Herd/Proyecto-Integracion-de-Sistemas/Semana 10/taskboard/vendor/laravel/framework/src/Illuminate/Session/Middleware/StartSession.php(63): Illuminate/Session/Middleware/StartSession->handleStatefulRequest()
#30 C:/Users/javie/Herd/Proyecto-Integracion-de-Sistemas/Semana 10/taskboard/vendor/laravel/framework/src/Illuminate/Pipeline/Pipeline.php(219): Illuminate/Session/Middleware/StartSession->handle()
#31 C:/Users/javie/Herd/Proyecto-Integracion-de-Sistemas/Semana 10/taskboard/vendor/laravel/framework/src/Illuminate/Cookie/Middleware/AddQueuedCookiesToResponse.php(36): Illuminate/Pipeline/Pipeline->{closure:{closure:Illuminate/Pipeline/Pipeline::carry():194}:195}()
#32 C:/Users/javie/Herd/Proyecto-Integracion-de-Sistemas/Semana 10/taskboard/vendor/laravel/framework/src/Illuminate/Pipeline/Pipeline.php(219): Illuminate/Cookie/Middleware/AddQueuedCookiesToResponse->handle()
#33 C:/Users/javie/Herd/Proyecto-Integracion-de-Sistemas/Semana 10/taskboard/vendor/laravel/framework/src/Illuminate/Cookie/Middleware/EncryptCookies.php(74): Illuminate/Pipeline/Pipeline->{closure:{closure:Illuminate/Pipeline/Pipeline::carry():194}:195}()
#34 C:/Users/javie/Herd/Proyecto-Integracion-de-Sistemas/Semana 10/taskboard/vendor/laravel/framework/src/Illuminate/Pipeline/Pipeline.php(219): Illuminate/Cookie/Middleware/EncryptCookies->handle()
#35 C:/Users/javie/Herd/Proyecto-Integracion-de-Sistemas/Semana 10/taskboard/vendor/laravel/framework/src/Illuminate/Pipeline/Pipeline.php(137): Illuminate/Pipeline/Pipeline->{closure:{closure:Illuminate/Pipeline/Pipeline::carry():194}:195}()
#36 C:/Users/javie/Herd/Proyecto-Integracion-de-Sistemas/Semana 10/taskboard/vendor/laravel/framework/src/Illuminate/Routing/Router.php(821): Illuminate/Pipeline/Pipeline->then()
#37 C:/Users/javie/Herd/Proyecto-Integracion-de-Sistemas/Semana 10/taskboard/vendor/laravel/framework/src/Illuminate/Routing/Router.php(800): Illuminate/Routing/Router->runRouteWithinStack()
#38 C:/Users/javie/Herd/Proyecto-Integracion-de-Sistemas/Semana 10/taskboard/vendor/laravel/framework/src/Illuminate/Routing/Router.php(764): Illuminate/Routing/Router->runRoute()
#39 C:/Users/javie/Herd/Proyecto-Integracion-de-Sistemas/Semana 10/taskboard/vendor/laravel/framework/src/Illuminate/Routing/Router.php(753): Illuminate/Routing/Router->dispatchToRoute()
#40 C:/Users/javie/Herd/Proyecto-Integracion-de-Sistemas/Semana 10/taskboard/vendor/laravel/framework/src/Illuminate/Foundation/Http/Kernel.php(200): Illuminate/Routing/Router->dispatch()
#41 C:/Users/javie/Herd/Proyecto-Integracion-de-Sistemas/Semana 10/taskboard/vendor/laravel/framework/src/Illuminate/Pipeline/Pipeline.php(180): Illuminate/Foundation/Http/Kernel->{closure:Illuminate/Foundation/Http/Kernel::dispatchToRouter():197}()
#42 C:/Users/javie/Herd/Proyecto-Integracion-de-Sistemas/Semana 10/taskboard/vendor/laravel/framework/src/Illuminate/Foundation/Http/Middleware/TransformsRequest.php(21): Illuminate/Pipeline/Pipeline->{closure:Illuminate/Pipeline/Pipeline::prepareDestination():178}()
#43 C:/Users/javie/Herd/Proyecto-Integracion-de-Sistemas/Semana 10/taskboard/vendor/laravel/framework/src/Illuminate/Foundation/Http/Middleware/ConvertEmptyStringsToNull.php(31): Illuminate/Foundation/Http/Middleware/TransformsRequest->handle()
#44 C:/Users/javie/Herd/Proyecto-Integracion-de-Sistemas/Semana 10/taskboard/vendor/laravel/framework/src/Illuminate/Pipeline/Pipeline.php(219): Illuminate/Foundation/Http/Middleware/ConvertEmptyStringsToNull->handle()
#45 C:/Users/javie/Herd/Proyecto-Integracion-de-Sistemas/Semana 10/taskboard/vendor/laravel/framework/src/Illuminate/Foundation/Http/Middleware/TransformsRequest.php(21): Illuminate/Pipeline/Pipeline->{closure:{closure:Illuminate/Pipeline/Pipeline::carry():194}:195}()
#46 C:/Users/javie/Herd/Proyecto-Integracion-de-Sistemas/Semana 10/taskboard/vendor/laravel/framework/src/Illuminate/Foundation/Http/Middleware/TrimStrings.php(51): Illuminate/Foundation/Http/Middleware/TransformsRequest->handle()
#47 C:/Users/javie/Herd/Proyecto-Integracion-de-Sistemas/Semana 10/taskboard/vendor/laravel/framework/src/Illuminate/Pipeline/Pipeline.php(219): Illuminate/Foundation/Http/Middleware/TrimStrings->handle()
#48 C:/Users/javie/Herd/Proyecto-Integracion-de-Sistemas/Semana 10/taskboard/vendor/laravel/framework/src/Illuminate/Http/Middleware/ValidatePostSize.php(27): Illuminate/Pipeline/Pipeline->{closure:{closure:Illuminate/Pipeline/Pipeline::carry():194}:195}()
#49 C:/Users/javie/Herd/Proyecto-Integracion-de-Sistemas/Semana 10/taskboard/vendor/laravel/framework/src/Illuminate/Pipeline/Pipeline.php(219): Illuminate/Http/Middleware/ValidatePostSize->handle()
#50 C:/Users/javie/Herd/Proyecto-Integracion-de-Sistemas/Semana 10/taskboard/vendor/laravel/framework/src/Illuminate/Foundation/Http/Middleware/PreventRequestsDuringMaintenance.php(110): Illuminate/Pipeline/Pipeline->{closure:{closure:Illuminate/Pipeline/Pipeline::carry():194}:195}()
#51 C:/Users/javie/Herd/Proyecto-Integracion-de-Sistemas/Semana 10/taskboard/vendor/laravel/framework/src/Illuminate/Pipeline/Pipeline.php(219): Illuminate/Foundation/Http/Middleware/PreventRequestsDuringMaintenance->handle()
#52 C:/Users/javie/Herd/Proyecto-Integracion-de-Sistemas/Semana 10/taskboard/vendor/laravel/framework/src/Illuminate/Http/Middleware/HandleCors.php(61): Illuminate/Pipeline/Pipeline->{closure:{closure:Illuminate/Pipeline/Pipeline::carry():194}:195}()
#53 C:/Users/javie/Herd/Proyecto-Integracion-de-Sistemas/Semana 10/taskboard/vendor/laravel/framework/src/Illuminate/Pipeline/Pipeline.php(219): Illuminate/Http/Middleware/HandleCors->handle()
#54 C:/Users/javie/Herd/Proyecto-Integracion-de-Sistemas/Semana 10/taskboard/vendor/laravel/framework/src/Illuminate/Http/Middleware/TrustProxies.php(58): Illuminate/Pipeline/Pipeline->{closure:{closure:Illuminate/Pipeline/Pipeline::carry():194}:195}()
#55 C:/Users/javie/Herd/Proyecto-Integracion-de-Sistemas/Semana 10/taskboard/vendor/laravel/framework/src/Illuminate/Pipeline/Pipeline.php(219): Illuminate/Http/Middleware/TrustProxies->handle()
#56 C:/Users/javie/Herd/Proyecto-Integracion-de-Sistemas/Semana 10/taskboard/vendor/laravel/framework/src/Illuminate/Foundation/Http/Middleware/InvokeDeferredCallbacks.php(22): Illuminate/Pipeline/Pipeline->{closure:{closure:Illuminate/Pipeline/Pipeline::carry():194}:195}()
#57 C:/Users/javie/Herd/Proyecto-Integracion-de-Sistemas/Semana 10/taskboard/vendor/laravel/framework/src/Illuminate/Pipeline/Pipeline.php(219): Illuminate/Foundation/Http/Middleware/InvokeDeferredCallbacks->handle()
#58 C:/Users/javie/Herd/Proyecto-Integracion-de-Sistemas/Semana 10/taskboard/vendor/laravel/framework/src/Illuminate/Http/Middleware/ValidatePathEncoding.php(28): Illuminate/Pipeline/Pipeline->{closure:{closure:Illuminate/Pipeline/Pipeline::carry():194}:195}()
#59 C:/Users/javie/Herd/Proyecto-Integracion-de-Sistemas/Semana 10/taskboard/vendor/laravel/framework/src/Illuminate/Pipeline/Pipeline.php(219): Illuminate/Http/Middleware/ValidatePathEncoding->handle()
#60 C:/Users/javie/Herd/Proyecto-Integracion-de-Sistemas/Semana 10/taskboard/vendor/laravel/framework/src/Illuminate/Pipeline/Pipeline.php(137): Illuminate/Pipeline/Pipeline->{closure:{closure:Illuminate/Pipeline/Pipeline::carry():194}:195}()
#61 C:/Users/javie/Herd/Proyecto-Integracion-de-Sistemas/Semana 10/taskboard/vendor/laravel/framework/src/Illuminate/Foundation/Http/Kernel.php(175): Illuminate/Pipeline/Pipeline->then()
#62 C:/Users/javie/Herd/Proyecto-Integracion-de-Sistemas/Semana 10/taskboard/vendor/laravel/framework/src/Illuminate/Foundation/Http/Kernel.php(144): Illuminate/Foundation/Http/Kernel->sendRequestThroughRouter()
#63 C:/Users/javie/Herd/Proyecto-Integracion-de-Sistemas/Semana 10/taskboard/vendor/laravel/framework/src/Illuminate/Foundation/Application.php(1227): Illuminate/Foundation/Http/Kernel->handle()
#64 C:/Users/javie/Herd/Proyecto-Integracion-de-Sistemas/Semana 10/taskboard/public/index.php(20): Illuminate/Foundation/Application->handleRequest()
#65 C:/Users/javie/Herd/Proyecto-Integracion-de-Sistemas/Semana 10/taskboard/vendor/laravel/framework/src/Illuminate/Foundation/resources/server.php(23): require_once('...')
#66 {main}
"} 
