[2026-08-22 02:07:07] local.ERROR: Unsupported operand types: string + string {"exception":"[object] (TypeError(code: 0): Unsupported operand types: string + string at C:/Users/javie/Herd/Proyecto-Integracion-de-Sistemas/Semana 5/taskboard/routes/web.php:19)
[stacktrace]
#0 C:/Users/javie/Herd/Proyecto-Integracion-de-Sistemas/Semana 5/taskboard/vendor/laravel/framework/src/Illuminate/Routing/CallableDispatcher.php(39): Illuminate/Routing/RouteFileRegistrar->{closure:C:/Users/javie/Herd/Proyecto-Integracion-de-Sistemas/Semana 5/taskboard/routes/web.php:18}()
#1 C:/Users/javie/Herd/Proyecto-Integracion-de-Sistemas/Semana 5/taskboard/vendor/laravel/framework/src/Illuminate/Routing/Route.php(254): Illuminate/Routing/CallableDispatcher->dispatch()
#2 C:/Users/javie/Herd/Proyecto-Integracion-de-Sistemas/Semana 5/taskboard/vendor/laravel/framework/src/Illuminate/Routing/Route.php(219): Illuminate/Routing/Route->runCallable()
#3 C:/Users/javie/Herd/Proyecto-Integracion-de-Sistemas/Semana 5/taskboard/vendor/laravel/framework/src/Illuminate/Routing/Router.php(822): Illuminate/Routing/Route->run()
#4 C:/Users/javie/Herd/Proyecto-Integracion-de-Sistemas/Semana 5/taskboard/vendor/laravel/framework/src/Illuminate/Pipeline/Pipeline.php(180): Illuminate/Routing/Router->{closure:Illuminate/Routing/Router::runRouteWithinStack():821}()
#5 C:/Users/javie/Herd/Proyecto-Integracion-de-Sistemas/Semana 5/taskboard/vendor/laravel/framework/src/Illuminate/Routing/Middleware/SubstituteBindings.php(52): Illuminate/Pipeline/Pipeline->{closure:Illuminate/Pipeline/Pipeline::prepareDestination():178}()
#6 C:/Users/javie/Herd/Proyecto-Integracion-de-Sistemas/Semana 5/taskboard/vendor/laravel/framework/src/Illuminate/Pipeline/Pipeline.php(219): Illuminate/Routing/Middleware/SubstituteBindings->handle()
#7 C:/Users/javie/Herd/Proyecto-Integracion-de-Sistemas/Semana 5/taskboard/vendor/laravel/framework/src/Illuminate/Foundation/Http/Middleware/PreventRequestForgery.php(104): Illuminate/Pipeline/Pipeline->{closure:{closure:Illuminate/Pipeline/Pipeline::carry():194}:195}()
#8 C:/Users/javie/Herd/Proyecto-Integracion-de-Sistemas/Semana 5/taskboard/vendor/laravel/framework/src/Illuminate/Pipeline/Pipeline.php(219): Illuminate/Foundation/Http/Middleware/PreventRequestForgery->handle()
#9 C:/Users/javie/Herd/Proyecto-Integracion-de-Sistemas/Semana 5/taskboard/vendor/laravel/framework/src/Illuminate/View/Middleware/ShareErrorsFromSession.php(48): Illuminate/Pipeline/Pipeline->{closure:{closure:Illuminate/Pipeline/Pipeline::carry():194}:195}()
#10 C:/Users/javie/Herd/Proyecto-Integracion-de-Sistemas/Semana 5/taskboard/vendor/laravel/framework/src/Illuminate/Pipeline/Pipeline.php(219): Illuminate/View/Middleware/ShareErrorsFromSession->handle()
#11 C:/Users/javie/Herd/Proyecto-Integracion-de-Sistemas/Semana 5/taskboard/vendor/laravel/framework/src/Illuminate/Session/Middleware/StartSession.php(120): Illuminate/Pipeline/Pipeline->{closure:{closure:Illuminate/Pipeline/Pipeline::carry():194}:195}()
#12 C:/Users/javie/Herd/Proyecto-Integracion-de-Sistemas/Semana 5/taskboard/vendor/laravel/framework/src/Illuminate/Session/Middleware/StartSession.php(63): Illuminate/Session/Middleware/StartSession->handleStatefulRequest()
#13 C:/Users/javie/Herd/Proyecto-Integracion-de-Sistemas/Semana 5/taskboard/vendor/laravel/framework/src/Illuminate/Pipeline/Pipeline.php(219): Illuminate/Session/Middleware/StartSession->handle()
#14 C:/Users/javie/Herd/Proyecto-Integracion-de-Sistemas/Semana 5/taskboard/vendor/laravel/framework/src/Illuminate/Cookie/Middleware/AddQueuedCookiesToResponse.php(36): Illuminate/Pipeline/Pipeline->{closure:{closure:Illuminate/Pipeline/Pipeline::carry():194}:195}()
#15 C:/Users/javie/Herd/Proyecto-Integracion-de-Sistemas/Semana 5/taskboard/vendor/laravel/framework/src/Illuminate/Pipeline/Pipeline.php(219): Illuminate/Cookie/Middleware/AddQueuedCookiesToResponse->handle()
#16 C:/Users/javie/Herd/Proyecto-Integracion-de-Sistemas/Semana 5/taskboard/vendor/laravel/framework/src/Illuminate/Cookie/Middleware/EncryptCookies.php(74): Illuminate/Pipeline/Pipeline->{closure:{closure:Illuminate/Pipeline/Pipeline::carry():194}:195}()
#17 C:/Users/javie/Herd/Proyecto-Integracion-de-Sistemas/Semana 5/taskboard/vendor/laravel/framework/src/Illuminate/Pipeline/Pipeline.php(219): Illuminate/Cookie/Middleware/EncryptCookies->handle()
#18 C:/Users/javie/Herd/Proyecto-Integracion-de-Sistemas/Semana 5/taskboard/vendor/laravel/framework/src/Illuminate/Pipeline/Pipeline.php(137): Illuminate/Pipeline/Pipeline->{closure:{closure:Illuminate/Pipeline/Pipeline::carry():194}:195}()
#19 C:/Users/javie/Herd/Proyecto-Integracion-de-Sistemas/Semana 5/taskboard/vendor/laravel/framework/src/Illuminate/Routing/Router.php(821): Illuminate/Pipeline/Pipeline->then()
#20 C:/Users/javie/Herd/Proyecto-Integracion-de-Sistemas/Semana 5/taskboard/vendor/laravel/framework/src/Illuminate/Routing/Router.php(800): Illuminate/Routing/Router->runRouteWithinStack()
#21 C:/Users/javie/Herd/Proyecto-Integracion-de-Sistemas/Semana 5/taskboard/vendor/laravel/framework/src/Illuminate/Routing/Router.php(764): Illuminate/Routing/Router->runRoute()
#22 C:/Users/javie/Herd/Proyecto-Integracion-de-Sistemas/Semana 5/taskboard/vendor/laravel/framework/src/Illuminate/Routing/Router.php(753): Illuminate/Routing/Router->dispatchToRoute()
#23 C:/Users/javie/Herd/Proyecto-Integracion-de-Sistemas/Semana 5/taskboard/vendor/laravel/framework/src/Illuminate/Foundation/Http/Kernel.php(200): Illuminate/Routing/Router->dispatch()
#24 C:/Users/javie/Herd/Proyecto-Integracion-de-Sistemas/Semana 5/taskboard/vendor/laravel/framework/src/Illuminate/Pipeline/Pipeline.php(180): Illuminate/Foundation/Http/Kernel->{closure:Illuminate/Foundation/Http/Kernel::dispatchToRouter():197}()
#25 C:/Users/javie/Herd/Proyecto-Integracion-de-Sistemas/Semana 5/taskboard/vendor/laravel/framework/src/Illuminate/Foundation/Http/Middleware/TransformsRequest.php(21): Illuminate/Pipeline/Pipeline->{closure:Illuminate/Pipeline/Pipeline::prepareDestination():178}()
#26 C:/Users/javie/Herd/Proyecto-Integracion-de-Sistemas/Semana 5/taskboard/vendor/laravel/framework/src/Illuminate/Foundation/Http/Middleware/ConvertEmptyStringsToNull.php(31): Illuminate/Foundation/Http/Middleware/TransformsRequest->handle()
#27 C:/Users/javie/Herd/Proyecto-Integracion-de-Sistemas/Semana 5/taskboard/vendor/laravel/framework/src/Illuminate/Pipeline/Pipeline.php(219): Illuminate/Foundation/Http/Middleware/ConvertEmptyStringsToNull->handle()
#28 C:/Users/javie/Herd/Proyecto-Integracion-de-Sistemas/Semana 5/taskboard/vendor/laravel/framework/src/Illuminate/Foundation/Http/Middleware/TransformsRequest.php(21): Illuminate/Pipeline/Pipeline->{closure:{closure:Illuminate/Pipeline/Pipeline::carry():194}:195}()
#29 C:/Users/javie/Herd/Proyecto-Integracion-de-Sistemas/Semana 5/taskboard/vendor/laravel/framework/src/Illuminate/Foundation/Http/Middleware/TrimStrings.php(51): Illuminate/Foundation/Http/Middleware/TransformsRequest->handle()
#30 C:/Users/javie/Herd/Proyecto-Integracion-de-Sistemas/Semana 5/taskboard/vendor/laravel/framework/src/Illuminate/Pipeline/Pipeline.php(219): Illuminate/Foundation/Http/Middleware/TrimStrings->handle()
#31 C:/Users/javie/Herd/Proyecto-Integracion-de-Sistemas/Semana 5/taskboard/vendor/laravel/framework/src/Illuminate/Http/Middleware/ValidatePostSize.php(27): Illuminate/Pipeline/Pipeline->{closure:{closure:Illuminate/Pipeline/Pipeline::carry():194}:195}()
#32 C:/Users/javie/Herd/Proyecto-Integracion-de-Sistemas/Semana 5/taskboard/vendor/laravel/framework/src/Illuminate/Pipeline/Pipeline.php(219): Illuminate/Http/Middleware/ValidatePostSize->handle()
#33 C:/Users/javie/Herd/Proyecto-Integracion-de-Sistemas/Semana 5/taskboard/vendor/laravel/framework/src/Illuminate/Foundation/Http/Middleware/PreventRequestsDuringMaintenance.php(110): Illuminate/Pipeline/Pipeline->{closure:{closure:Illuminate/Pipeline/Pipeline::carry():194}:195}()
#34 C:/Users/javie/Herd/Proyecto-Integracion-de-Sistemas/Semana 5/taskboard/vendor/laravel/framework/src/Illuminate/Pipeline/Pipeline.php(219): Illuminate/Foundation/Http/Middleware/PreventRequestsDuringMaintenance->handle()
#35 C:/Users/javie/Herd/Proyecto-Integracion-de-Sistemas/Semana 5/taskboard/vendor/laravel/framework/src/Illuminate/Http/Middleware/HandleCors.php(61): Illuminate/Pipeline/Pipeline->{closure:{closure:Illuminate/Pipeline/Pipeline::carry():194}:195}()
#36 C:/Users/javie/Herd/Proyecto-Integracion-de-Sistemas/Semana 5/taskboard/vendor/laravel/framework/src/Illuminate/Pipeline/Pipeline.php(219): Illuminate/Http/Middleware/HandleCors->handle()
#37 C:/Users/javie/Herd/Proyecto-Integracion-de-Sistemas/Semana 5/taskboard/vendor/laravel/framework/src/Illuminate/Http/Middleware/TrustProxies.php(58): Illuminate/Pipeline/Pipeline->{closure:{closure:Illuminate/Pipeline/Pipeline::carry():194}:195}()
#38 C:/Users/javie/Herd/Proyecto-Integracion-de-Sistemas/Semana 5/taskboard/vendor/laravel/framework/src/Illuminate/Pipeline/Pipeline.php(219): Illuminate/Http/Middleware/TrustProxies->handle()
#39 C:/Users/javie/Herd/Proyecto-Integracion-de-Sistemas/Semana 5/taskboard/vendor/laravel/framework/src/Illuminate/Foundation/Http/Middleware/InvokeDeferredCallbacks.php(22): Illuminate/Pipeline/Pipeline->{closure:{closure:Illuminate/Pipeline/Pipeline::carry():194}:195}()
#40 C:/Users/javie/Herd/Proyecto-Integracion-de-Sistemas/Semana 5/taskboard/vendor/laravel/framework/src/Illuminate/Pipeline/Pipeline.php(219): Illuminate/Foundation/Http/Middleware/InvokeDeferredCallbacks->handle()
#41 C:/Users/javie/Herd/Proyecto-Integracion-de-Sistemas/Semana 5/taskboard/vendor/laravel/framework/src/Illuminate/Http/Middleware/ValidatePathEncoding.php(28): Illuminate/Pipeline/Pipeline->{closure:{closure:Illuminate/Pipeline/Pipeline::carry():194}:195}()
#42 C:/Users/javie/Herd/Proyecto-Integracion-de-Sistemas/Semana 5/taskboard/vendor/laravel/framework/src/Illuminate/Pipeline/Pipeline.php(219): Illuminate/Http/Middleware/ValidatePathEncoding->handle()
#43 C:/Users/javie/Herd/Proyecto-Integracion-de-Sistemas/Semana 5/taskboard/vendor/laravel/framework/src/Illuminate/Pipeline/Pipeline.php(137): Illuminate/Pipeline/Pipeline->{closure:{closure:Illuminate/Pipeline/Pipeline::carry():194}:195}()
#44 C:/Users/javie/Herd/Proyecto-Integracion-de-Sistemas/Semana 5/taskboard/vendor/laravel/framework/src/Illuminate/Foundation/Http/Kernel.php(175): Illuminate/Pipeline/Pipeline->then()
#45 C:/Users/javie/Herd/Proyecto-Integracion-de-Sistemas/Semana 5/taskboard/vendor/laravel/framework/src/Illuminate/Foundation/Http/Kernel.php(144): Illuminate/Foundation/Http/Kernel->sendRequestThroughRouter()
#46 C:/Users/javie/Herd/Proyecto-Integracion-de-Sistemas/Semana 5/taskboard/vendor/laravel/framework/src/Illuminate/Foundation/Application.php(1227): Illuminate/Foundation/Http/Kernel->handle()
#47 C:/Users/javie/Herd/Proyecto-Integracion-de-Sistemas/Semana 5/taskboard/public/index.php(20): Illuminate/Foundation/Application->handleRequest()
#48 C:/Users/javie/Herd/Proyecto-Integracion-de-Sistemas/Semana 5/taskboard/vendor/laravel/framework/src/Illuminate/Foundation/resources/server.php(23): require_once('...')
#49 {main}
"} 
[2026-08-22 02:07:20] local.ERROR: Unsupported operand types: string + string {"exception":"[object] (TypeError(code: 0): Unsupported operand types: string + string at C:/Users/javie/Herd/Proyecto-Integracion-de-Sistemas/Semana 5/taskboard/routes/web.php:19)
[stacktrace]
#0 C:/Users/javie/Herd/Proyecto-Integracion-de-Sistemas/Semana 5/taskboard/vendor/laravel/framework/src/Illuminate/Routing/CallableDispatcher.php(39): Illuminate/Routing/RouteFileRegistrar->{closure:C:/Users/javie/Herd/Proyecto-Integracion-de-Sistemas/Semana 5/taskboard/routes/web.php:18}()
#1 C:/Users/javie/Herd/Proyecto-Integracion-de-Sistemas/Semana 5/taskboard/vendor/laravel/framework/src/Illuminate/Routing/Route.php(254): Illuminate/Routing/CallableDispatcher->dispatch()
#2 C:/Users/javie/Herd/Proyecto-Integracion-de-Sistemas/Semana 5/taskboard/vendor/laravel/framework/src/Illuminate/Routing/Route.php(219): Illuminate/Routing/Route->runCallable()
#3 C:/Users/javie/Herd/Proyecto-Integracion-de-Sistemas/Semana 5/taskboard/vendor/laravel/framework/src/Illuminate/Routing/Router.php(822): Illuminate/Routing/Route->run()
#4 C:/Users/javie/Herd/Proyecto-Integracion-de-Sistemas/Semana 5/taskboard/vendor/laravel/framework/src/Illuminate/Pipeline/Pipeline.php(180): Illuminate/Routing/Router->{closure:Illuminate/Routing/Router::runRouteWithinStack():821}()
#5 C:/Users/javie/Herd/Proyecto-Integracion-de-Sistemas/Semana 5/taskboard/vendor/laravel/framework/src/Illuminate/Routing/Middleware/SubstituteBindings.php(52): Illuminate/Pipeline/Pipeline->{closure:Illuminate/Pipeline/Pipeline::prepareDestination():178}()
#6 C:/Users/javie/Herd/Proyecto-Integracion-de-Sistemas/Semana 5/taskboard/vendor/laravel/framework/src/Illuminate/Pipeline/Pipeline.php(219): Illuminate/Routing/Middleware/SubstituteBindings->handle()
#7 C:/Users/javie/Herd/Proyecto-Integracion-de-Sistemas/Semana 5/taskboard/vendor/laravel/framework/src/Illuminate/Foundation/Http/Middleware/PreventRequestForgery.php(104): Illuminate/Pipeline/Pipeline->{closure:{closure:Illuminate/Pipeline/Pipeline::carry():194}:195}()
#8 C:/Users/javie/Herd/Proyecto-Integracion-de-Sistemas/Semana 5/taskboard/vendor/laravel/framework/src/Illuminate/Pipeline/Pipeline.php(219): Illuminate/Foundation/Http/Middleware/PreventRequestForgery->handle()
#9 C:/Users/javie/Herd/Proyecto-Integracion-de-Sistemas/Semana 5/taskboard/vendor/laravel/framework/src/Illuminate/View/Middleware/ShareErrorsFromSession.php(48): Illuminate/Pipeline/Pipeline->{closure:{closure:Illuminate/Pipeline/Pipeline::carry():194}:195}()
#10 C:/Users/javie/Herd/Proyecto-Integracion-de-Sistemas/Semana 5/taskboard/vendor/laravel/framework/src/Illuminate/Pipeline/Pipeline.php(219): Illuminate/View/Middleware/ShareErrorsFromSession->handle()
#11 C:/Users/javie/Herd/Proyecto-Integracion-de-Sistemas/Semana 5/taskboard/vendor/laravel/framework/src/Illuminate/Session/Middleware/StartSession.php(120): Illuminate/Pipeline/Pipeline->{closure:{closure:Illuminate/Pipeline/Pipeline::carry():194}:195}()
#12 C:/Users/javie/Herd/Proyecto-Integracion-de-Sistemas/Semana 5/taskboard/vendor/laravel/framework/src/Illuminate/Session/Middleware/StartSession.php(63): Illuminate/Session/Middleware/StartSession->handleStatefulRequest()
#13 C:/Users/javie/Herd/Proyecto-Integracion-de-Sistemas/Semana 5/taskboard/vendor/laravel/framework/src/Illuminate/Pipeline/Pipeline.php(219): Illuminate/Session/Middleware/StartSession->handle()
#14 C:/Users/javie/Herd/Proyecto-Integracion-de-Sistemas/Semana 5/taskboard/vendor/laravel/framework/src/Illuminate/Cookie/Middleware/AddQueuedCookiesToResponse.php(36): Illuminate/Pipeline/Pipeline->{closure:{closure:Illuminate/Pipeline/Pipeline::carry():194}:195}()
#15 C:/Users/javie/Herd/Proyecto-Integracion-de-Sistemas/Semana 5/taskboard/vendor/laravel/framework/src/Illuminate/Pipeline/Pipeline.php(219): Illuminate/Cookie/Middleware/AddQueuedCookiesToResponse->handle()
#16 C:/Users/javie/Herd/Proyecto-Integracion-de-Sistemas/Semana 5/taskboard/vendor/laravel/framework/src/Illuminate/Cookie/Middleware/EncryptCookies.php(74): Illuminate/Pipeline/Pipeline->{closure:{closure:Illuminate/Pipeline/Pipeline::carry():194}:195}()
#17 C:/Users/javie/Herd/Proyecto-Integracion-de-Sistemas/Semana 5/taskboard/vendor/laravel/framework/src/Illuminate/Pipeline/Pipeline.php(219): Illuminate/Cookie/Middleware/EncryptCookies->handle()
#18 C:/Users/javie/Herd/Proyecto-Integracion-de-Sistemas/Semana 5/taskboard/vendor/laravel/framework/src/Illuminate/Pipeline/Pipeline.php(137): Illuminate/Pipeline/Pipeline->{closure:{closure:Illuminate/Pipeline/Pipeline::carry():194}:195}()
#19 C:/Users/javie/Herd/Proyecto-Integracion-de-Sistemas/Semana 5/taskboard/vendor/laravel/framework/src/Illuminate/Routing/Router.php(821): Illuminate/Pipeline/Pipeline->then()
#20 C:/Users/javie/Herd/Proyecto-Integracion-de-Sistemas/Semana 5/taskboard/vendor/laravel/framework/src/Illuminate/Routing/Router.php(800): Illuminate/Routing/Router->runRouteWithinStack()
#21 C:/Users/javie/Herd/Proyecto-Integracion-de-Sistemas/Semana 5/taskboard/vendor/laravel/framework/src/Illuminate/Routing/Router.php(764): Illuminate/Routing/Router->runRoute()
#22 C:/Users/javie/Herd/Proyecto-Integracion-de-Sistemas/Semana 5/taskboard/vendor/laravel/framework/src/Illuminate/Routing/Router.php(753): Illuminate/Routing/Router->dispatchToRoute()
#23 C:/Users/javie/Herd/Proyecto-Integracion-de-Sistemas/Semana 5/taskboard/vendor/laravel/framework/src/Illuminate/Foundation/Http/Kernel.php(200): Illuminate/Routing/Router->dispatch()
#24 C:/Users/javie/Herd/Proyecto-Integracion-de-Sistemas/Semana 5/taskboard/vendor/laravel/framework/src/Illuminate/Pipeline/Pipeline.php(180): Illuminate/Foundation/Http/Kernel->{closure:Illuminate/Foundation/Http/Kernel::dispatchToRouter():197}()
#25 C:/Users/javie/Herd/Proyecto-Integracion-de-Sistemas/Semana 5/taskboard/vendor/laravel/framework/src/Illuminate/Foundation/Http/Middleware/TransformsRequest.php(21): Illuminate/Pipeline/Pipeline->{closure:Illuminate/Pipeline/Pipeline::prepareDestination():178}()
#26 C:/Users/javie/Herd/Proyecto-Integracion-de-Sistemas/Semana 5/taskboard/vendor/laravel/framework/src/Illuminate/Foundation/Http/Middleware/ConvertEmptyStringsToNull.php(31): Illuminate/Foundation/Http/Middleware/TransformsRequest->handle()
#27 C:/Users/javie/Herd/Proyecto-Integracion-de-Sistemas/Semana 5/taskboard/vendor/laravel/framework/src/Illuminate/Pipeline/Pipeline.php(219): Illuminate/Foundation/Http/Middleware/ConvertEmptyStringsToNull->handle()
#28 C:/Users/javie/Herd/Proyecto-Integracion-de-Sistemas/Semana 5/taskboard/vendor/laravel/framework/src/Illuminate/Foundation/Http/Middleware/TransformsRequest.php(21): Illuminate/Pipeline/Pipeline->{closure:{closure:Illuminate/Pipeline/Pipeline::carry():194}:195}()
#29 C:/Users/javie/Herd/Proyecto-Integracion-de-Sistemas/Semana 5/taskboard/vendor/laravel/framework/src/Illuminate/Foundation/Http/Middleware/TrimStrings.php(51): Illuminate/Foundation/Http/Middleware/TransformsRequest->handle()
#30 C:/Users/javie/Herd/Proyecto-Integracion-de-Sistemas/Semana 5/taskboard/vendor/laravel/framework/src/Illuminate/Pipeline/Pipeline.php(219): Illuminate/Foundation/Http/Middleware/TrimStrings->handle()
#31 C:/Users/javie/Herd/Proyecto-Integracion-de-Sistemas/Semana 5/taskboard/vendor/laravel/framework/src/Illuminate/Http/Middleware/ValidatePostSize.php(27): Illuminate/Pipeline/Pipeline->{closure:{closure:Illuminate/Pipeline/Pipeline::carry():194}:195}()
#32 C:/Users/javie/Herd/Proyecto-Integracion-de-Sistemas/Semana 5/taskboard/vendor/laravel/framework/src/Illuminate/Pipeline/Pipeline.php(219): Illuminate/Http/Middleware/ValidatePostSize->handle()
#33 C:/Users/javie/Herd/Proyecto-Integracion-de-Sistemas/Semana 5/taskboard/vendor/laravel/framework/src/Illuminate/Foundation/Http/Middleware/PreventRequestsDuringMaintenance.php(110): Illuminate/Pipeline/Pipeline->{closure:{closure:Illuminate/Pipeline/Pipeline::carry():194}:195}()
#34 C:/Users/javie/Herd/Proyecto-Integracion-de-Sistemas/Semana 5/taskboard/vendor/laravel/framework/src/Illuminate/Pipeline/Pipeline.php(219): Illuminate/Foundation/Http/Middleware/PreventRequestsDuringMaintenance->handle()
#35 C:/Users/javie/Herd/Proyecto-Integracion-de-Sistemas/Semana 5/taskboard/vendor/laravel/framework/src/Illuminate/Http/Middleware/HandleCors.php(61): Illuminate/Pipeline/Pipeline->{closure:{closure:Illuminate/Pipeline/Pipeline::carry():194}:195}()
#36 C:/Users/javie/Herd/Proyecto-Integracion-de-Sistemas/Semana 5/taskboard/vendor/laravel/framework/src/Illuminate/Pipeline/Pipeline.php(219): Illuminate/Http/Middleware/HandleCors->handle()
#37 C:/Users/javie/Herd/Proyecto-Integracion-de-Sistemas/Semana 5/taskboard/vendor/laravel/framework/src/Illuminate/Http/Middleware/TrustProxies.php(58): Illuminate/Pipeline/Pipeline->{closure:{closure:Illuminate/Pipeline/Pipeline::carry():194}:195}()
#38 C:/Users/javie/Herd/Proyecto-Integracion-de-Sistemas/Semana 5/taskboard/vendor/laravel/framework/src/Illuminate/Pipeline/Pipeline.php(219): Illuminate/Http/Middleware/TrustProxies->handle()
#39 C:/Users/javie/Herd/Proyecto-Integracion-de-Sistemas/Semana 5/taskboard/vendor/laravel/framework/src/Illuminate/Foundation/Http/Middleware/InvokeDeferredCallbacks.php(22): Illuminate/Pipeline/Pipeline->{closure:{closure:Illuminate/Pipeline/Pipeline::carry():194}:195}()
#40 C:/Users/javie/Herd/Proyecto-Integracion-de-Sistemas/Semana 5/taskboard/vendor/laravel/framework/src/Illuminate/Pipeline/Pipeline.php(219): Illuminate/Foundation/Http/Middleware/InvokeDeferredCallbacks->handle()
#41 C:/Users/javie/Herd/Proyecto-Integracion-de-Sistemas/Semana 5/taskboard/vendor/laravel/framework/src/Illuminate/Http/Middleware/ValidatePathEncoding.php(28): Illuminate/Pipeline/Pipeline->{closure:{closure:Illuminate/Pipeline/Pipeline::carry():194}:195}()
#42 C:/Users/javie/Herd/Proyecto-Integracion-de-Sistemas/Semana 5/taskboard/vendor/laravel/framework/src/Illuminate/Pipeline/Pipeline.php(219): Illuminate/Http/Middleware/ValidatePathEncoding->handle()
#43 C:/Users/javie/Herd/Proyecto-Integracion-de-Sistemas/Semana 5/taskboard/vendor/laravel/framework/src/Illuminate/Pipeline/Pipeline.php(137): Illuminate/Pipeline/Pipeline->{closure:{closure:Illuminate/Pipeline/Pipeline::carry():194}:195}()
#44 C:/Users/javie/Herd/Proyecto-Integracion-de-Sistemas/Semana 5/taskboard/vendor/laravel/framework/src/Illuminate/Foundation/Http/Kernel.php(175): Illuminate/Pipeline/Pipeline->then()
#45 C:/Users/javie/Herd/Proyecto-Integracion-de-Sistemas/Semana 5/taskboard/vendor/laravel/framework/src/Illuminate/Foundation/Http/Kernel.php(144): Illuminate/Foundation/Http/Kernel->sendRequestThroughRouter()
#46 C:/Users/javie/Herd/Proyecto-Integracion-de-Sistemas/Semana 5/taskboard/vendor/laravel/framework/src/Illuminate/Foundation/Application.php(1227): Illuminate/Foundation/Http/Kernel->handle()
#47 C:/Users/javie/Herd/Proyecto-Integracion-de-Sistemas/Semana 5/taskboard/public/index.php(20): Illuminate/Foundation/Application->handleRequest()
#48 C:/Users/javie/Herd/Proyecto-Integracion-de-Sistemas/Semana 5/taskboard/vendor/laravel/framework/src/Illuminate/Foundation/resources/server.php(23): require_once('...')
#49 {main}
"} 
[2026-08-22 02:07:49] local.ERROR: Unsupported operand types: string + string {"exception":"[object] (TypeError(code: 0): Unsupported operand types: string + string at C:/Users/javie/Herd/Proyecto-Integracion-de-Sistemas/Semana 5/taskboard/routes/web.php:19)
[stacktrace]
#0 C:/Users/javie/Herd/Proyecto-Integracion-de-Sistemas/Semana 5/taskboard/vendor/laravel/framework/src/Illuminate/Routing/CallableDispatcher.php(39): Illuminate/Routing/RouteFileRegistrar->{closure:C:/Users/javie/Herd/Proyecto-Integracion-de-Sistemas/Semana 5/taskboard/routes/web.php:18}()
#1 C:/Users/javie/Herd/Proyecto-Integracion-de-Sistemas/Semana 5/taskboard/vendor/laravel/framework/src/Illuminate/Routing/Route.php(254): Illuminate/Routing/CallableDispatcher->dispatch()
#2 C:/Users/javie/Herd/Proyecto-Integracion-de-Sistemas/Semana 5/taskboard/vendor/laravel/framework/src/Illuminate/Routing/Route.php(219): Illuminate/Routing/Route->runCallable()
#3 C:/Users/javie/Herd/Proyecto-Integracion-de-Sistemas/Semana 5/taskboard/vendor/laravel/framework/src/Illuminate/Routing/Router.php(822): Illuminate/Routing/Route->run()
#4 C:/Users/javie/Herd/Proyecto-Integracion-de-Sistemas/Semana 5/taskboard/vendor/laravel/framework/src/Illuminate/Pipeline/Pipeline.php(180): Illuminate/Routing/Router->{closure:Illuminate/Routing/Router::runRouteWithinStack():821}()
#5 C:/Users/javie/Herd/Proyecto-Integracion-de-Sistemas/Semana 5/taskboard/vendor/laravel/framework/src/Illuminate/Routing/Middleware/SubstituteBindings.php(52): Illuminate/Pipeline/Pipeline->{closure:Illuminate/Pipeline/Pipeline::prepareDestination():178}()
#6 C:/Users/javie/Herd/Proyecto-Integracion-de-Sistemas/Semana 5/taskboard/vendor/laravel/framework/src/Illuminate/Pipeline/Pipeline.php(219): Illuminate/Routing/Middleware/SubstituteBindings->handle()
#7 C:/Users/javie/Herd/Proyecto-Integracion-de-Sistemas/Semana 5/taskboard/vendor/laravel/framework/src/Illuminate/Foundation/Http/Middleware/PreventRequestForgery.php(104): Illuminate/Pipeline/Pipeline->{closure:{closure:Illuminate/Pipeline/Pipeline::carry():194}:195}()
#8 C:/Users/javie/Herd/Proyecto-Integracion-de-Sistemas/Semana 5/taskboard/vendor/laravel/framework/src/Illuminate/Pipeline/Pipeline.php(219): Illuminate/Foundation/Http/Middleware/PreventRequestForgery->handle()
#9 C:/Users/javie/Herd/Proyecto-Integracion-de-Sistemas/Semana 5/taskboard/vendor/laravel/framework/src/Illuminate/View/Middleware/ShareErrorsFromSession.php(48): Illuminate/Pipeline/Pipeline->{closure:{closure:Illuminate/Pipeline/Pipeline::carry():194}:195}()
#10 C:/Users/javie/Herd/Proyecto-Integracion-de-Sistemas/Semana 5/taskboard/vendor/laravel/framework/src/Illuminate/Pipeline/Pipeline.php(219): Illuminate/View/Middleware/ShareErrorsFromSession->handle()
#11 C:/Users/javie/Herd/Proyecto-Integracion-de-Sistemas/Semana 5/taskboard/vendor/laravel/framework/src/Illuminate/Session/Middleware/StartSession.php(120): Illuminate/Pipeline/Pipeline->{closure:{closure:Illuminate/Pipeline/Pipeline::carry():194}:195}()
#12 C:/Users/javie/Herd/Proyecto-Integracion-de-Sistemas/Semana 5/taskboard/vendor/laravel/framework/src/Illuminate/Session/Middleware/StartSession.php(63): Illuminate/Session/Middleware/StartSession->handleStatefulRequest()
#13 C:/Users/javie/Herd/Proyecto-Integracion-de-Sistemas/Semana 5/taskboard/vendor/laravel/framework/src/Illuminate/Pipeline/Pipeline.php(219): Illuminate/Session/Middleware/StartSession->handle()
#14 C:/Users/javie/Herd/Proyecto-Integracion-de-Sistemas/Semana 5/taskboard/vendor/laravel/framework/src/Illuminate/Cookie/Middleware/AddQueuedCookiesToResponse.php(36): Illuminate/Pipeline/Pipeline->{closure:{closure:Illuminate/Pipeline/Pipeline::carry():194}:195}()
#15 C:/Users/javie/Herd/Proyecto-Integracion-de-Sistemas/Semana 5/taskboard/vendor/laravel/framework/src/Illuminate/Pipeline/Pipeline.php(219): Illuminate/Cookie/Middleware/AddQueuedCookiesToResponse->handle()
#16 C:/Users/javie/Herd/Proyecto-Integracion-de-Sistemas/Semana 5/taskboard/vendor/laravel/framework/src/Illuminate/Cookie/Middleware/EncryptCookies.php(74): Illuminate/Pipeline/Pipeline->{closure:{closure:Illuminate/Pipeline/Pipeline::carry():194}:195}()
#17 C:/Users/javie/Herd/Proyecto-Integracion-de-Sistemas/Semana 5/taskboard/vendor/laravel/framework/src/Illuminate/Pipeline/Pipeline.php(219): Illuminate/Cookie/Middleware/EncryptCookies->handle()
#18 C:/Users/javie/Herd/Proyecto-Integracion-de-Sistemas/Semana 5/taskboard/vendor/laravel/framework/src/Illuminate/Pipeline/Pipeline.php(137): Illuminate/Pipeline/Pipeline->{closure:{closure:Illuminate/Pipeline/Pipeline::carry():194}:195}()
#19 C:/Users/javie/Herd/Proyecto-Integracion-de-Sistemas/Semana 5/taskboard/vendor/laravel/framework/src/Illuminate/Routing/Router.php(821): Illuminate/Pipeline/Pipeline->then()
#20 C:/Users/javie/Herd/Proyecto-Integracion-de-Sistemas/Semana 5/taskboard/vendor/laravel/framework/src/Illuminate/Routing/Router.php(800): Illuminate/Routing/Router->runRouteWithinStack()
#21 C:/Users/javie/Herd/Proyecto-Integracion-de-Sistemas/Semana 5/taskboard/vendor/laravel/framework/src/Illuminate/Routing/Router.php(764): Illuminate/Routing/Router->runRoute()
#22 C:/Users/javie/Herd/Proyecto-Integracion-de-Sistemas/Semana 5/taskboard/vendor/laravel/framework/src/Illuminate/Routing/Router.php(753): Illuminate/Routing/Router->dispatchToRoute()
#23 C:/Users/javie/Herd/Proyecto-Integracion-de-Sistemas/Semana 5/taskboard/vendor/laravel/framework/src/Illuminate/Foundation/Http/Kernel.php(200): Illuminate/Routing/Router->dispatch()
#24 C:/Users/javie/Herd/Proyecto-Integracion-de-Sistemas/Semana 5/taskboard/vendor/laravel/framework/src/Illuminate/Pipeline/Pipeline.php(180): Illuminate/Foundation/Http/Kernel->{closure:Illuminate/Foundation/Http/Kernel::dispatchToRouter():197}()
#25 C:/Users/javie/Herd/Proyecto-Integracion-de-Sistemas/Semana 5/taskboard/vendor/laravel/framework/src/Illuminate/Foundation/Http/Middleware/TransformsRequest.php(21): Illuminate/Pipeline/Pipeline->{closure:Illuminate/Pipeline/Pipeline::prepareDestination():178}()
#26 C:/Users/javie/Herd/Proyecto-Integracion-de-Sistemas/Semana 5/taskboard/vendor/laravel/framework/src/Illuminate/Foundation/Http/Middleware/ConvertEmptyStringsToNull.php(31): Illuminate/Foundation/Http/Middleware/TransformsRequest->handle()
#27 C:/Users/javie/Herd/Proyecto-Integracion-de-Sistemas/Semana 5/taskboard/vendor/laravel/framework/src/Illuminate/Pipeline/Pipeline.php(219): Illuminate/Foundation/Http/Middleware/ConvertEmptyStringsToNull->handle()
#28 C:/Users/javie/Herd/Proyecto-Integracion-de-Sistemas/Semana 5/taskboard/vendor/laravel/framework/src/Illuminate/Foundation/Http/Middleware/TransformsRequest.php(21): Illuminate/Pipeline/Pipeline->{closure:{closure:Illuminate/Pipeline/Pipeline::carry():194}:195}()
#29 C:/Users/javie/Herd/Proyecto-Integracion-de-Sistemas/Semana 5/taskboard/vendor/laravel/framework/src/Illuminate/Foundation/Http/Middleware/TrimStrings.php(51): Illuminate/Foundation/Http/Middleware/TransformsRequest->handle()
#30 C:/Users/javie/Herd/Proyecto-Integracion-de-Sistemas/Semana 5/taskboard/vendor/laravel/framework/src/Illuminate/Pipeline/Pipeline.php(219): Illuminate/Foundation/Http/Middleware/TrimStrings->handle()
#31 C:/Users/javie/Herd/Proyecto-Integracion-de-Sistemas/Semana 5/taskboard/vendor/laravel/framework/src/Illuminate/Http/Middleware/ValidatePostSize.php(27): Illuminate/Pipeline/Pipeline->{closure:{closure:Illuminate/Pipeline/Pipeline::carry():194}:195}()
#32 C:/Users/javie/Herd/Proyecto-Integracion-de-Sistemas/Semana 5/taskboard/vendor/laravel/framework/src/Illuminate/Pipeline/Pipeline.php(219): Illuminate/Http/Middleware/ValidatePostSize->handle()
#33 C:/Users/javie/Herd/Proyecto-Integracion-de-Sistemas/Semana 5/taskboard/vendor/laravel/framework/src/Illuminate/Foundation/Http/Middleware/PreventRequestsDuringMaintenance.php(110): Illuminate/Pipeline/Pipeline->{closure:{closure:Illuminate/Pipeline/Pipeline::carry():194}:195}()
#34 C:/Users/javie/Herd/Proyecto-Integracion-de-Sistemas/Semana 5/taskboard/vendor/laravel/framework/src/Illuminate/Pipeline/Pipeline.php(219): Illuminate/Foundation/Http/Middleware/PreventRequestsDuringMaintenance->handle()
#35 C:/Users/javie/Herd/Proyecto-Integracion-de-Sistemas/Semana 5/taskboard/vendor/laravel/framework/src/Illuminate/Http/Middleware/HandleCors.php(61): Illuminate/Pipeline/Pipeline->{closure:{closure:Illuminate/Pipeline/Pipeline::carry():194}:195}()
#36 C:/Users/javie/Herd/Proyecto-Integracion-de-Sistemas/Semana 5/taskboard/vendor/laravel/framework/src/Illuminate/Pipeline/Pipeline.php(219): Illuminate/Http/Middleware/HandleCors->handle()
#37 C:/Users/javie/Herd/Proyecto-Integracion-de-Sistemas/Semana 5/taskboard/vendor/laravel/framework/src/Illuminate/Http/Middleware/TrustProxies.php(58): Illuminate/Pipeline/Pipeline->{closure:{closure:Illuminate/Pipeline/Pipeline::carry():194}:195}()
#38 C:/Users/javie/Herd/Proyecto-Integracion-de-Sistemas/Semana 5/taskboard/vendor/laravel/framework/src/Illuminate/Pipeline/Pipeline.php(219): Illuminate/Http/Middleware/TrustProxies->handle()
#39 C:/Users/javie/Herd/Proyecto-Integracion-de-Sistemas/Semana 5/taskboard/vendor/laravel/framework/src/Illuminate/Foundation/Http/Middleware/InvokeDeferredCallbacks.php(22): Illuminate/Pipeline/Pipeline->{closure:{closure:Illuminate/Pipeline/Pipeline::carry():194}:195}()
#40 C:/Users/javie/Herd/Proyecto-Integracion-de-Sistemas/Semana 5/taskboard/vendor/laravel/framework/src/Illuminate/Pipeline/Pipeline.php(219): Illuminate/Foundation/Http/Middleware/InvokeDeferredCallbacks->handle()
#41 C:/Users/javie/Herd/Proyecto-Integracion-de-Sistemas/Semana 5/taskboard/vendor/laravel/framework/src/Illuminate/Http/Middleware/ValidatePathEncoding.php(28): Illuminate/Pipeline/Pipeline->{closure:{closure:Illuminate/Pipeline/Pipeline::carry():194}:195}()
#42 C:/Users/javie/Herd/Proyecto-Integracion-de-Sistemas/Semana 5/taskboard/vendor/laravel/framework/src/Illuminate/Pipeline/Pipeline.php(219): Illuminate/Http/Middleware/ValidatePathEncoding->handle()
#43 C:/Users/javie/Herd/Proyecto-Integracion-de-Sistemas/Semana 5/taskboard/vendor/laravel/framework/src/Illuminate/Pipeline/Pipeline.php(137): Illuminate/Pipeline/Pipeline->{closure:{closure:Illuminate/Pipeline/Pipeline::carry():194}:195}()
#44 C:/Users/javie/Herd/Proyecto-Integracion-de-Sistemas/Semana 5/taskboard/vendor/laravel/framework/src/Illuminate/Foundation/Http/Kernel.php(175): Illuminate/Pipeline/Pipeline->then()
#45 C:/Users/javie/Herd/Proyecto-Integracion-de-Sistemas/Semana 5/taskboard/vendor/laravel/framework/src/Illuminate/Foundation/Http/Kernel.php(144): Illuminate/Foundation/Http/Kernel->sendRequestThroughRouter()
#46 C:/Users/javie/Herd/Proyecto-Integracion-de-Sistemas/Semana 5/taskboard/vendor/laravel/framework/src/Illuminate/Foundation/Application.php(1227): Illuminate/Foundation/Http/Kernel->handle()
#47 C:/Users/javie/Herd/Proyecto-Integracion-de-Sistemas/Semana 5/taskboard/public/index.php(20): Illuminate/Foundation/Application->handleRequest()
#48 C:/Users/javie/Herd/Proyecto-Integracion-de-Sistemas/Semana 5/taskboard/vendor/laravel/framework/src/Illuminate/Foundation/resources/server.php(23): require_once('...')
#49 {main}
"} 
[2026-08-22 20:24:38] local.ERROR: Too few arguments to function Illuminate\Routing\RouteFileRegistrar::{closure:C:\Users\javie\Herd\Proyecto-Integracion-de-Sistemas\Semana 5\taskboard\routes\web.php:45}(), 0 passed in C:\Users\javie\Herd\Proyecto-Integracion-de-Sistemas\Semana 5\taskboard\vendor\laravel\framework\src\Illuminate\Routing\CallableDispatcher.php on line 39 and exactly 1 expected {"exception":"[object] (ArgumentCountError(code: 0): Too few arguments to function Illuminate\\Routing\\RouteFileRegistrar::{closure:C:\\Users\\javie\\Herd\\Proyecto-Integracion-de-Sistemas\\Semana 5\\taskboard\\routes\\web.php:45}(), 0 passed in C:\\Users\\javie\\Herd\\Proyecto-Integracion-de-Sistemas\\Semana 5\\taskboard\\vendor\\laravel\\framework\\src\\Illuminate\\Routing\\CallableDispatcher.php on line 39 and exactly 1 expected at C:/Users/javie/Herd/Proyecto-Integracion-de-Sistemas/Semana 5/taskboard/routes/web.php:45)
[stacktrace]
#0 C:/Users/javie/Herd/Proyecto-Integracion-de-Sistemas/Semana 5/taskboard/vendor/laravel/framework/src/Illuminate/Routing/CallableDispatcher.php(39): Illuminate/Routing/RouteFileRegistrar->{closure:C:/Users/javie/Herd/Proyecto-Integracion-de-Sistemas/Semana 5/taskboard/routes/web.php:45}()
#1 C:/Users/javie/Herd/Proyecto-Integracion-de-Sistemas/Semana 5/taskboard/vendor/laravel/framework/src/Illuminate/Routing/Route.php(254): Illuminate/Routing/CallableDispatcher->dispatch()
#2 C:/Users/javie/Herd/Proyecto-Integracion-de-Sistemas/Semana 5/taskboard/vendor/laravel/framework/src/Illuminate/Routing/Route.php(219): Illuminate/Routing/Route->runCallable()
#3 C:/Users/javie/Herd/Proyecto-Integracion-de-Sistemas/Semana 5/taskboard/vendor/laravel/framework/src/Illuminate/Routing/Router.php(822): Illuminate/Routing/Route->run()
#4 C:/Users/javie/Herd/Proyecto-Integracion-de-Sistemas/Semana 5/taskboard/vendor/laravel/framework/src/Illuminate/Pipeline/Pipeline.php(180): Illuminate/Routing/Router->{closure:Illuminate/Routing/Router::runRouteWithinStack():821}()
#5 C:/Users/javie/Herd/Proyecto-Integracion-de-Sistemas/Semana 5/taskboard/vendor/laravel/framework/src/Illuminate/Routing/Middleware/SubstituteBindings.php(52): Illuminate/Pipeline/Pipeline->{closure:Illuminate/Pipeline/Pipeline::prepareDestination():178}()
#6 C:/Users/javie/Herd/Proyecto-Integracion-de-Sistemas/Semana 5/taskboard/vendor/laravel/framework/src/Illuminate/Pipeline/Pipeline.php(219): Illuminate/Routing/Middleware/SubstituteBindings->handle()
#7 C:/Users/javie/Herd/Proyecto-Integracion-de-Sistemas/Semana 5/taskboard/vendor/laravel/framework/src/Illuminate/Foundation/Http/Middleware/PreventRequestForgery.php(104): Illuminate/Pipeline/Pipeline->{closure:{closure:Illuminate/Pipeline/Pipeline::carry():194}:195}()
#8 C:/Users/javie/Herd/Proyecto-Integracion-de-Sistemas/Semana 5/taskboard/vendor/laravel/framework/src/Illuminate/Pipeline/Pipeline.php(219): Illuminate/Foundation/Http/Middleware/PreventRequestForgery->handle()
#9 C:/Users/javie/Herd/Proyecto-Integracion-de-Sistemas/Semana 5/taskboard/vendor/laravel/framework/src/Illuminate/View/Middleware/ShareErrorsFromSession.php(48): Illuminate/Pipeline/Pipeline->{closure:{closure:Illuminate/Pipeline/Pipeline::carry():194}:195}()
#10 C:/Users/javie/Herd/Proyecto-Integracion-de-Sistemas/Semana 5/taskboard/vendor/laravel/framework/src/Illuminate/Pipeline/Pipeline.php(219): Illuminate/View/Middleware/ShareErrorsFromSession->handle()
#11 C:/Users/javie/Herd/Proyecto-Integracion-de-Sistemas/Semana 5/taskboard/vendor/laravel/framework/src/Illuminate/Session/Middleware/StartSession.php(120): Illuminate/Pipeline/Pipeline->{closure:{closure:Illuminate/Pipeline/Pipeline::carry():194}:195}()
#12 C:/Users/javie/Herd/Proyecto-Integracion-de-Sistemas/Semana 5/taskboard/vendor/laravel/framework/src/Illuminate/Session/Middleware/StartSession.php(63): Illuminate/Session/Middleware/StartSession->handleStatefulRequest()
#13 C:/Users/javie/Herd/Proyecto-Integracion-de-Sistemas/Semana 5/taskboard/vendor/laravel/framework/src/Illuminate/Pipeline/Pipeline.php(219): Illuminate/Session/Middleware/StartSession->handle()
#14 C:/Users/javie/Herd/Proyecto-Integracion-de-Sistemas/Semana 5/taskboard/vendor/laravel/framework/src/Illuminate/Cookie/Middleware/AddQueuedCookiesToResponse.php(36): Illuminate/Pipeline/Pipeline->{closure:{closure:Illuminate/Pipeline/Pipeline::carry():194}:195}()
#15 C:/Users/javie/Herd/Proyecto-Integracion-de-Sistemas/Semana 5/taskboard/vendor/laravel/framework/src/Illuminate/Pipeline/Pipeline.php(219): Illuminate/Cookie/Middleware/AddQueuedCookiesToResponse->handle()
#16 C:/Users/javie/Herd/Proyecto-Integracion-de-Sistemas/Semana 5/taskboard/vendor/laravel/framework/src/Illuminate/Cookie/Middleware/EncryptCookies.php(74): Illuminate/Pipeline/Pipeline->{closure:{closure:Illuminate/Pipeline/Pipeline::carry():194}:195}()
#17 C:/Users/javie/Herd/Proyecto-Integracion-de-Sistemas/Semana 5/taskboard/vendor/laravel/framework/src/Illuminate/Pipeline/Pipeline.php(219): Illuminate/Cookie/Middleware/EncryptCookies->handle()
#18 C:/Users/javie/Herd/Proyecto-Integracion-de-Sistemas/Semana 5/taskboard/vendor/laravel/framework/src/Illuminate/Pipeline/Pipeline.php(137): Illuminate/Pipeline/Pipeline->{closure:{closure:Illuminate/Pipeline/Pipeline::carry():194}:195}()
#19 C:/Users/javie/Herd/Proyecto-Integracion-de-Sistemas/Semana 5/taskboard/vendor/laravel/framework/src/Illuminate/Routing/Router.php(821): Illuminate/Pipeline/Pipeline->then()
#20 C:/Users/javie/Herd/Proyecto-Integracion-de-Sistemas/Semana 5/taskboard/vendor/laravel/framework/src/Illuminate/Routing/Router.php(800): Illuminate/Routing/Router->runRouteWithinStack()
#21 C:/Users/javie/Herd/Proyecto-Integracion-de-Sistemas/Semana 5/taskboard/vendor/laravel/framework/src/Illuminate/Routing/Router.php(764): Illuminate/Routing/Router->runRoute()
#22 C:/Users/javie/Herd/Proyecto-Integracion-de-Sistemas/Semana 5/taskboard/vendor/laravel/framework/src/Illuminate/Routing/Router.php(753): Illuminate/Routing/Router->dispatchToRoute()
#23 C:/Users/javie/Herd/Proyecto-Integracion-de-Sistemas/Semana 5/taskboard/vendor/laravel/framework/src/Illuminate/Foundation/Http/Kernel.php(200): Illuminate/Routing/Router->dispatch()
#24 C:/Users/javie/Herd/Proyecto-Integracion-de-Sistemas/Semana 5/taskboard/vendor/laravel/framework/src/Illuminate/Pipeline/Pipeline.php(180): Illuminate/Foundation/Http/Kernel->{closure:Illuminate/Foundation/Http/Kernel::dispatchToRouter():197}()
#25 C:/Users/javie/Herd/Proyecto-Integracion-de-Sistemas/Semana 5/taskboard/vendor/laravel/framework/src/Illuminate/Foundation/Http/Middleware/TransformsRequest.php(21): Illuminate/Pipeline/Pipeline->{closure:Illuminate/Pipeline/Pipeline::prepareDestination():178}()
#26 C:/Users/javie/Herd/Proyecto-Integracion-de-Sistemas/Semana 5/taskboard/vendor/laravel/framework/src/Illuminate/Foundation/Http/Middleware/ConvertEmptyStringsToNull.php(31): Illuminate/Foundation/Http/Middleware/TransformsRequest->handle()
#27 C:/Users/javie/Herd/Proyecto-Integracion-de-Sistemas/Semana 5/taskboard/vendor/laravel/framework/src/Illuminate/Pipeline/Pipeline.php(219): Illuminate/Foundation/Http/Middleware/ConvertEmptyStringsToNull->handle()
#28 C:/Users/javie/Herd/Proyecto-Integracion-de-Sistemas/Semana 5/taskboard/vendor/laravel/framework/src/Illuminate/Foundation/Http/Middleware/TransformsRequest.php(21): Illuminate/Pipeline/Pipeline->{closure:{closure:Illuminate/Pipeline/Pipeline::carry():194}:195}()
#29 C:/Users/javie/Herd/Proyecto-Integracion-de-Sistemas/Semana 5/taskboard/vendor/laravel/framework/src/Illuminate/Foundation/Http/Middleware/TrimStrings.php(51): Illuminate/Foundation/Http/Middleware/TransformsRequest->handle()
#30 C:/Users/javie/Herd/Proyecto-Integracion-de-Sistemas/Semana 5/taskboard/vendor/laravel/framework/src/Illuminate/Pipeline/Pipeline.php(219): Illuminate/Foundation/Http/Middleware/TrimStrings->handle()
#31 C:/Users/javie/Herd/Proyecto-Integracion-de-Sistemas/Semana 5/taskboard/vendor/laravel/framework/src/Illuminate/Http/Middleware/ValidatePostSize.php(27): Illuminate/Pipeline/Pipeline->{closure:{closure:Illuminate/Pipeline/Pipeline::carry():194}:195}()
#32 C:/Users/javie/Herd/Proyecto-Integracion-de-Sistemas/Semana 5/taskboard/vendor/laravel/framework/src/Illuminate/Pipeline/Pipeline.php(219): Illuminate/Http/Middleware/ValidatePostSize->handle()
#33 C:/Users/javie/Herd/Proyecto-Integracion-de-Sistemas/Semana 5/taskboard/vendor/laravel/framework/src/Illuminate/Foundation/Http/Middleware/PreventRequestsDuringMaintenance.php(110): Illuminate/Pipeline/Pipeline->{closure:{closure:Illuminate/Pipeline/Pipeline::carry():194}:195}()
#34 C:/Users/javie/Herd/Proyecto-Integracion-de-Sistemas/Semana 5/taskboard/vendor/laravel/framework/src/Illuminate/Pipeline/Pipeline.php(219): Illuminate/Foundation/Http/Middleware/PreventRequestsDuringMaintenance->handle()
#35 C:/Users/javie/Herd/Proyecto-Integracion-de-Sistemas/Semana 5/taskboard/vendor/laravel/framework/src/Illuminate/Http/Middleware/HandleCors.php(61): Illuminate/Pipeline/Pipeline->{closure:{closure:Illuminate/Pipeline/Pipeline::carry():194}:195}()
#36 C:/Users/javie/Herd/Proyecto-Integracion-de-Sistemas/Semana 5/taskboard/vendor/laravel/framework/src/Illuminate/Pipeline/Pipeline.php(219): Illuminate/Http/Middleware/HandleCors->handle()
#37 C:/Users/javie/Herd/Proyecto-Integracion-de-Sistemas/Semana 5/taskboard/vendor/laravel/framework/src/Illuminate/Http/Middleware/TrustProxies.php(58): Illuminate/Pipeline/Pipeline->{closure:{closure:Illuminate/Pipeline/Pipeline::carry():194}:195}()
#38 C:/Users/javie/Herd/Proyecto-Integracion-de-Sistemas/Semana 5/taskboard/vendor/laravel/framework/src/Illuminate/Pipeline/Pipeline.php(219): Illuminate/Http/Middleware/TrustProxies->handle()
#39 C:/Users/javie/Herd/Proyecto-Integracion-de-Sistemas/Semana 5/taskboard/vendor/laravel/framework/src/Illuminate/Foundation/Http/Middleware/InvokeDeferredCallbacks.php(22): Illuminate/Pipeline/Pipeline->{closure:{closure:Illuminate/Pipeline/Pipeline::carry():194}:195}()
#40 C:/Users/javie/Herd/Proyecto-Integracion-de-Sistemas/Semana 5/taskboard/vendor/laravel/framework/src/Illuminate/Pipeline/Pipeline.php(219): Illuminate/Foundation/Http/Middleware/InvokeDeferredCallbacks->handle()
#41 C:/Users/javie/Herd/Proyecto-Integracion-de-Sistemas/Semana 5/taskboard/vendor/laravel/framework/src/Illuminate/Http/Middleware/ValidatePathEncoding.php(28): Illuminate/Pipeline/Pipeline->{closure:{closure:Illuminate/Pipeline/Pipeline::carry():194}:195}()
#42 C:/Users/javie/Herd/Proyecto-Integracion-de-Sistemas/Semana 5/taskboard/vendor/laravel/framework/src/Illuminate/Pipeline/Pipeline.php(219): Illuminate/Http/Middleware/ValidatePathEncoding->handle()
#43 C:/Users/javie/Herd/Proyecto-Integracion-de-Sistemas/Semana 5/taskboard/vendor/laravel/framework/src/Illuminate/Pipeline/Pipeline.php(137): Illuminate/Pipeline/Pipeline->{closure:{closure:Illuminate/Pipeline/Pipeline::carry():194}:195}()
#44 C:/Users/javie/Herd/Proyecto-Integracion-de-Sistemas/Semana 5/taskboard/vendor/laravel/framework/src/Illuminate/Foundation/Http/Kernel.php(175): Illuminate/Pipeline/Pipeline->then()
#45 C:/Users/javie/Herd/Proyecto-Integracion-de-Sistemas/Semana 5/taskboard/vendor/laravel/framework/src/Illuminate/Foundation/Http/Kernel.php(144): Illuminate/Foundation/Http/Kernel->sendRequestThroughRouter()
#46 C:/Users/javie/Herd/Proyecto-Integracion-de-Sistemas/Semana 5/taskboard/vendor/laravel/framework/src/Illuminate/Foundation/Application.php(1227): Illuminate/Foundation/Http/Kernel->handle()
#47 C:/Users/javie/Herd/Proyecto-Integracion-de-Sistemas/Semana 5/taskboard/public/index.php(20): Illuminate/Foundation/Application->handleRequest()
#48 C:/Users/javie/Herd/Proyecto-Integracion-de-Sistemas/Semana 5/taskboard/vendor/laravel/framework/src/Illuminate/Foundation/resources/server.php(23): require_once('...')
#49 {main}
"} 
