[2026-09-27 21:45:19] local.ERROR: SQLSTATE[42S01]: Base table or view already exists: 1050 Table 'comercios' already exists (Connection: mysql, Host: 127.0.0.1, Port: 3306, Database: taskboard, SQL: create table `comercios` (`id` bigint unsigned not null auto_increment primary key, `nombre_comercio` varchar(255) not null, `rubro` varchar(255) not null, `fecha_afiliacion` date not null, `created_at` timestamp null, `updated_at` timestamp null) default character set utf8mb4 collate 'utf8mb4_unicode_ci') {"exception":"[object] (Illuminate\\Database\\QueryException(code: 42S01): SQLSTATE[42S01]: Base table or view already exists: 1050 Table 'comercios' already exists (Connection: mysql, Host: 127.0.0.1, Port: 3306, Database: taskboard, SQL: create table `comercios` (`id` bigint unsigned not null auto_increment primary key, `nombre_comercio` varchar(255) not null, `rubro` varchar(255) not null, `fecha_afiliacion` date not null, `created_at` timestamp null, `updated_at` timestamp null) default character set utf8mb4 collate 'utf8mb4_unicode_ci') at C:/Users/javie/Herd/Proyecto-Integracion-de-Sistemas/Semana 6/taskboard/vendor/laravel/framework/src/Illuminate/Database/Connection.php:857)
[stacktrace]
#0 C:/Users/javie/Herd/Proyecto-Integracion-de-Sistemas/Semana 6/taskboard/vendor/laravel/framework/src/Illuminate/Database/Connection.php(813): Illuminate/Database/Connection->runQueryCallback()
#1 C:/Users/javie/Herd/Proyecto-Integracion-de-Sistemas/Semana 6/taskboard/vendor/laravel/framework/src/Illuminate/Database/Connection.php(590): Illuminate/Database/Connection->run()
#2 C:/Users/javie/Herd/Proyecto-Integracion-de-Sistemas/Semana 6/taskboard/vendor/laravel/framework/src/Illuminate/Database/Schema/Blueprint.php(122): Illuminate/Database/Connection->statement()
#3 C:/Users/javie/Herd/Proyecto-Integracion-de-Sistemas/Semana 6/taskboard/vendor/laravel/framework/src/Illuminate/Database/Schema/Builder.php(704): Illuminate/Database/Schema/Blueprint->build()
#4 C:/Users/javie/Herd/Proyecto-Integracion-de-Sistemas/Semana 6/taskboard/vendor/laravel/framework/src/Illuminate/Database/Schema/Builder.php(522): Illuminate/Database/Schema/Builder->build()
#5 C:/Users/javie/Herd/Proyecto-Integracion-de-Sistemas/Semana 6/taskboard/vendor/laravel/framework/src/Illuminate/Support/Facades/Facade.php(364): Illuminate/Database/Schema/Builder->create()
#6 C:/Users/javie/Herd/Proyecto-Integracion-de-Sistemas/Semana 6/taskboard/database/migrations/2026_09_05_004049_create_comercios_table.php(14): Illuminate/Support/Facades/Facade::__callStatic()
#7 C:/Users/javie/Herd/Proyecto-Integracion-de-Sistemas/Semana 6/taskboard/vendor/laravel/framework/src/Illuminate/Database/Migrations/Migrator.php(517): Illuminate/Database/Migrations/Migration@anonymous->up()
#8 C:/Users/javie/Herd/Proyecto-Integracion-de-Sistemas/Semana 6/taskboard/vendor/laravel/framework/src/Illuminate/Database/Migrations/Migrator.php(442): Illuminate/Database/Migrations/Migrator->runMethod()
#9 C:/Users/javie/Herd/Proyecto-Integracion-de-Sistemas/Semana 6/taskboard/vendor/laravel/framework/src/Illuminate/Database/Migrations/Migrator.php(451): Illuminate/Database/Migrations/Migrator->{closure:Illuminate/Database/Migrations/Migrator::runMigration():438}()
#10 C:/Users/javie/Herd/Proyecto-Integracion-de-Sistemas/Semana 6/taskboard/vendor/laravel/framework/src/Illuminate/Database/Migrations/Migrator.php(253): Illuminate/Database/Migrations/Migrator->runMigration()
#11 C:/Users/javie/Herd/Proyecto-Integracion-de-Sistemas/Semana 6/taskboard/vendor/laravel/framework/src/Illuminate/Console/View/Components/Task.php(43): Illuminate/Database/Migrations/Migrator->{closure:Illuminate/Database/Migrations/Migrator::runUp():253}()
#12 C:/Users/javie/Herd/Proyecto-Integracion-de-Sistemas/Semana 6/taskboard/vendor/laravel/framework/src/Illuminate/Database/Migrations/Migrator.php(853): Illuminate/Console/View/Components/Task->render()
#13 C:/Users/javie/Herd/Proyecto-Integracion-de-Sistemas/Semana 6/taskboard/vendor/laravel/framework/src/Illuminate/Database/Migrations/Migrator.php(253): Illuminate/Database/Migrations/Migrator->write()
#14 C:/Users/javie/Herd/Proyecto-Integracion-de-Sistemas/Semana 6/taskboard/vendor/laravel/framework/src/Illuminate/Database/Migrations/Migrator.php(211): Illuminate/Database/Migrations/Migrator->runUp()
#15 C:/Users/javie/Herd/Proyecto-Integracion-de-Sistemas/Semana 6/taskboard/vendor/laravel/framework/src/Illuminate/Database/Migrations/Migrator.php(138): Illuminate/Database/Migrations/Migrator->runPending()
#16 C:/Users/javie/Herd/Proyecto-Integracion-de-Sistemas/Semana 6/taskboard/vendor/laravel/framework/src/Illuminate/Database/Console/Migrations/MigrateCommand.php(118): Illuminate/Database/Migrations/Migrator->run()
#17 C:/Users/javie/Herd/Proyecto-Integracion-de-Sistemas/Semana 6/taskboard/vendor/laravel/framework/src/Illuminate/Database/Migrations/Migrator.php(672): Illuminate/Database/Console/Migrations/MigrateCommand->{closure:Illuminate/Database/Console/Migrations/MigrateCommand::runMigrations():111}()
#18 C:/Users/javie/Herd/Proyecto-Integracion-de-Sistemas/Semana 6/taskboard/vendor/laravel/framework/src/Illuminate/Database/Console/Migrations/MigrateCommand.php(111): Illuminate/Database/Migrations/Migrator->usingConnection()
#19 C:/Users/javie/Herd/Proyecto-Integracion-de-Sistemas/Semana 6/taskboard/vendor/laravel/framework/src/Illuminate/Database/Console/Migrations/MigrateCommand.php(90): Illuminate/Database/Console/Migrations/MigrateCommand->runMigrations()
#20 C:/Users/javie/Herd/Proyecto-Integracion-de-Sistemas/Semana 6/taskboard/vendor/laravel/framework/src/Illuminate/Container/BoundMethod.php(36): Illuminate/Database/Console/Migrations/MigrateCommand->handle()
#21 C:/Users/javie/Herd/Proyecto-Integracion-de-Sistemas/Semana 6/taskboard/vendor/laravel/framework/src/Illuminate/Container/Util.php(43): Illuminate/Container/BoundMethod::{closure:Illuminate/Container/BoundMethod::call():35}()
#22 C:/Users/javie/Herd/Proyecto-Integracion-de-Sistemas/Semana 6/taskboard/vendor/laravel/framework/src/Illuminate/Container/BoundMethod.php(96): Illuminate/Container/Util::unwrapIfClosure()
#23 C:/Users/javie/Herd/Proyecto-Integracion-de-Sistemas/Semana 6/taskboard/vendor/laravel/framework/src/Illuminate/Container/BoundMethod.php(35): Illuminate/Container/BoundMethod::callBoundMethod()
#24 C:/Users/javie/Herd/Proyecto-Integracion-de-Sistemas/Semana 6/taskboard/vendor/laravel/framework/src/Illuminate/Container/Container.php(803): Illuminate/Container/BoundMethod::call()
#25 C:/Users/javie/Herd/Proyecto-Integracion-de-Sistemas/Semana 6/taskboard/vendor/laravel/framework/src/Illuminate/Console/Command.php(292): Illuminate/Container/Container->call()
#26 C:/Users/javie/Herd/Proyecto-Integracion-de-Sistemas/Semana 6/taskboard/vendor/symfony/console/Command/Command.php(285): Illuminate/Console/Command->execute()
#27 C:/Users/javie/Herd/Proyecto-Integracion-de-Sistemas/Semana 6/taskboard/vendor/laravel/framework/src/Illuminate/Console/Command.php(261): Symfony/Component/Console/Command/Command->run()
#28 C:/Users/javie/Herd/Proyecto-Integracion-de-Sistemas/Semana 6/taskboard/vendor/symfony/console/Application.php(1144): Illuminate/Console/Command->run()
#29 C:/Users/javie/Herd/Proyecto-Integracion-de-Sistemas/Semana 6/taskboard/vendor/symfony/console/Application.php(379): Symfony/Component/Console/Application->doRunCommand()
#30 C:/Users/javie/Herd/Proyecto-Integracion-de-Sistemas/Semana 6/taskboard/vendor/symfony/console/Application.php(218): Symfony/Component/Console/Application->doRun()
#31 C:/Users/javie/Herd/Proyecto-Integracion-de-Sistemas/Semana 6/taskboard/vendor/laravel/framework/src/Illuminate/Foundation/Console/Kernel.php(198): Symfony/Component/Console/Application->run()
#32 C:/Users/javie/Herd/Proyecto-Integracion-de-Sistemas/Semana 6/taskboard/vendor/laravel/framework/src/Illuminate/Foundation/Application.php(1242): Illuminate/Foundation/Console/Kernel->handle()
#33 C:/Users/javie/Herd/Proyecto-Integracion-de-Sistemas/Semana 6/taskboard/artisan(16): Illuminate/Foundation/Application->handleCommand()
#34 {main}

[previous exception] [object] (PDOException(code: 42S01): SQLSTATE[42S01]: Base table or view already exists: 1050 Table 'comercios' already exists at C:/Users/javie/Herd/Proyecto-Integracion-de-Sistemas/Semana 6/taskboard/vendor/laravel/framework/src/Illuminate/Database/Connection.php:601)
[stacktrace]
#0 C:/Users/javie/Herd/Proyecto-Integracion-de-Sistemas/Semana 6/taskboard/vendor/laravel/framework/src/Illuminate/Database/Connection.php(601): PDOStatement->execute()
#1 C:/Users/javie/Herd/Proyecto-Integracion-de-Sistemas/Semana 6/taskboard/vendor/laravel/framework/src/Illuminate/Database/Connection.php(846): Illuminate/Database/Connection->{closure:Illuminate/Database/Connection::statement():590}()
#2 C:/Users/javie/Herd/Proyecto-Integracion-de-Sistemas/Semana 6/taskboard/vendor/laravel/framework/src/Illuminate/Database/Connection.php(813): Illuminate/Database/Connection->runQueryCallback()
#3 C:/Users/javie/Herd/Proyecto-Integracion-de-Sistemas/Semana 6/taskboard/vendor/laravel/framework/src/Illuminate/Database/Connection.php(590): Illuminate/Database/Connection->run()
#4 C:/Users/javie/Herd/Proyecto-Integracion-de-Sistemas/Semana 6/taskboard/vendor/laravel/framework/src/Illuminate/Database/Schema/Blueprint.php(122): Illuminate/Database/Connection->statement()
#5 C:/Users/javie/Herd/Proyecto-Integracion-de-Sistemas/Semana 6/taskboard/vendor/laravel/framework/src/Illuminate/Database/Schema/Builder.php(704): Illuminate/Database/Schema/Blueprint->build()
#6 C:/Users/javie/Herd/Proyecto-Integracion-de-Sistemas/Semana 6/taskboard/vendor/laravel/framework/src/Illuminate/Database/Schema/Builder.php(522): Illuminate/Database/Schema/Builder->build()
#7 C:/Users/javie/Herd/Proyecto-Integracion-de-Sistemas/Semana 6/taskboard/vendor/laravel/framework/src/Illuminate/Support/Facades/Facade.php(364): Illuminate/Database/Schema/Builder->create()
#8 C:/Users/javie/Herd/Proyecto-Integracion-de-Sistemas/Semana 6/taskboard/database/migrations/2026_09_05_004049_create_comercios_table.php(14): Illuminate/Support/Facades/Facade::__callStatic()
#9 C:/Users/javie/Herd/Proyecto-Integracion-de-Sistemas/Semana 6/taskboard/vendor/laravel/framework/src/Illuminate/Database/Migrations/Migrator.php(517): Illuminate/Database/Migrations/Migration@anonymous->up()
#10 C:/Users/javie/Herd/Proyecto-Integracion-de-Sistemas/Semana 6/taskboard/vendor/laravel/framework/src/Illuminate/Database/Migrations/Migrator.php(442): Illuminate/Database/Migrations/Migrator->runMethod()
#11 C:/Users/javie/Herd/Proyecto-Integracion-de-Sistemas/Semana 6/taskboard/vendor/laravel/framework/src/Illuminate/Database/Migrations/Migrator.php(451): Illuminate/Database/Migrations/Migrator->{closure:Illuminate/Database/Migrations/Migrator::runMigration():438}()
#12 C:/Users/javie/Herd/Proyecto-Integracion-de-Sistemas/Semana 6/taskboard/vendor/laravel/framework/src/Illuminate/Database/Migrations/Migrator.php(253): Illuminate/Database/Migrations/Migrator->runMigration()
#13 C:/Users/javie/Herd/Proyecto-Integracion-de-Sistemas/Semana 6/taskboard/vendor/laravel/framework/src/Illuminate/Console/View/Components/Task.php(43): Illuminate/Database/Migrations/Migrator->{closure:Illuminate/Database/Migrations/Migrator::runUp():253}()
#14 C:/Users/javie/Herd/Proyecto-Integracion-de-Sistemas/Semana 6/taskboard/vendor/laravel/framework/src/Illuminate/Database/Migrations/Migrator.php(853): Illuminate/Console/View/Components/Task->render()
#15 C:/Users/javie/Herd/Proyecto-Integracion-de-Sistemas/Semana 6/taskboard/vendor/laravel/framework/src/Illuminate/Database/Migrations/Migrator.php(253): Illuminate/Database/Migrations/Migrator->write()
#16 C:/Users/javie/Herd/Proyecto-Integracion-de-Sistemas/Semana 6/taskboard/vendor/laravel/framework/src/Illuminate/Database/Migrations/Migrator.php(211): Illuminate/Database/Migrations/Migrator->runUp()
#17 C:/Users/javie/Herd/Proyecto-Integracion-de-Sistemas/Semana 6/taskboard/vendor/laravel/framework/src/Illuminate/Database/Migrations/Migrator.php(138): Illuminate/Database/Migrations/Migrator->runPending()
#18 C:/Users/javie/Herd/Proyecto-Integracion-de-Sistemas/Semana 6/taskboard/vendor/laravel/framework/src/Illuminate/Database/Console/Migrations/MigrateCommand.php(118): Illuminate/Database/Migrations/Migrator->run()
#19 C:/Users/javie/Herd/Proyecto-Integracion-de-Sistemas/Semana 6/taskboard/vendor/laravel/framework/src/Illuminate/Database/Migrations/Migrator.php(672): Illuminate/Database/Console/Migrations/MigrateCommand->{closure:Illuminate/Database/Console/Migrations/MigrateCommand::runMigrations():111}()
#20 C:/Users/javie/Herd/Proyecto-Integracion-de-Sistemas/Semana 6/taskboard/vendor/laravel/framework/src/Illuminate/Database/Console/Migrations/MigrateCommand.php(111): Illuminate/Database/Migrations/Migrator->usingConnection()
#21 C:/Users/javie/Herd/Proyecto-Integracion-de-Sistemas/Semana 6/taskboard/vendor/laravel/framework/src/Illuminate/Database/Console/Migrations/MigrateCommand.php(90): Illuminate/Database/Console/Migrations/MigrateCommand->runMigrations()
#22 C:/Users/javie/Herd/Proyecto-Integracion-de-Sistemas/Semana 6/taskboard/vendor/laravel/framework/src/Illuminate/Container/BoundMethod.php(36): Illuminate/Database/Console/Migrations/MigrateCommand->handle()
#23 C:/Users/javie/Herd/Proyecto-Integracion-de-Sistemas/Semana 6/taskboard/vendor/laravel/framework/src/Illuminate/Container/Util.php(43): Illuminate/Container/BoundMethod::{closure:Illuminate/Container/BoundMethod::call():35}()
#24 C:/Users/javie/Herd/Proyecto-Integracion-de-Sistemas/Semana 6/taskboard/vendor/laravel/framework/src/Illuminate/Container/BoundMethod.php(96): Illuminate/Container/Util::unwrapIfClosure()
#25 C:/Users/javie/Herd/Proyecto-Integracion-de-Sistemas/Semana 6/taskboard/vendor/laravel/framework/src/Illuminate/Container/BoundMethod.php(35): Illuminate/Container/BoundMethod::callBoundMethod()
#26 C:/Users/javie/Herd/Proyecto-Integracion-de-Sistemas/Semana 6/taskboard/vendor/laravel/framework/src/Illuminate/Container/Container.php(803): Illuminate/Container/BoundMethod::call()
#27 C:/Users/javie/Herd/Proyecto-Integracion-de-Sistemas/Semana 6/taskboard/vendor/laravel/framework/src/Illuminate/Console/Command.php(292): Illuminate/Container/Container->call()
#28 C:/Users/javie/Herd/Proyecto-Integracion-de-Sistemas/Semana 6/taskboard/vendor/symfony/console/Command/Command.php(285): Illuminate/Console/Command->execute()
#29 C:/Users/javie/Herd/Proyecto-Integracion-de-Sistemas/Semana 6/taskboard/vendor/laravel/framework/src/Illuminate/Console/Command.php(261): Symfony/Component/Console/Command/Command->run()
#30 C:/Users/javie/Herd/Proyecto-Integracion-de-Sistemas/Semana 6/taskboard/vendor/symfony/console/Application.php(1144): Illuminate/Console/Command->run()
#31 C:/Users/javie/Herd/Proyecto-Integracion-de-Sistemas/Semana 6/taskboard/vendor/symfony/console/Application.php(379): Symfony/Component/Console/Application->doRunCommand()
#32 C:/Users/javie/Herd/Proyecto-Integracion-de-Sistemas/Semana 6/taskboard/vendor/symfony/console/Application.php(218): Symfony/Component/Console/Application->doRun()
#33 C:/Users/javie/Herd/Proyecto-Integracion-de-Sistemas/Semana 6/taskboard/vendor/laravel/framework/src/Illuminate/Foundation/Console/Kernel.php(198): Symfony/Component/Console/Application->run()
#34 C:/Users/javie/Herd/Proyecto-Integracion-de-Sistemas/Semana 6/taskboard/vendor/laravel/framework/src/Illuminate/Foundation/Application.php(1242): Illuminate/Foundation/Console/Kernel->handle()
#35 C:/Users/javie/Herd/Proyecto-Integracion-de-Sistemas/Semana 6/taskboard/artisan(16): Illuminate/Foundation/Application->handleCommand()
#36 {main}
"} 
[2026-09-27 21:47:12] local.ERROR: SQLSTATE[42S02]: Base table or view not found: 1146 Table 'performance_schema.session_status' doesn't exist (Connection: mysql, Host: 127.0.0.1, Port: 3306, Database: taskboard, SQL: select variable_value as `Value` from performance_schema.session_status where variable_name = 'threads_connected') {"exception":"[object] (Illuminate\\Database\\QueryException(code: 42S02): SQLSTATE[42S02]: Base table or view not found: 1146 Table 'performance_schema.session_status' doesn't exist (Connection: mysql, Host: 127.0.0.1, Port: 3306, Database: taskboard, SQL: select variable_value as `Value` from performance_schema.session_status where variable_name = 'threads_connected') at C:/Users/javie/Herd/Proyecto-Integracion-de-Sistemas/Semana 6/taskboard/vendor/laravel/framework/src/Illuminate/Database/Connection.php:857)
[stacktrace]
#0 C:/Users/javie/Herd/Proyecto-Integracion-de-Sistemas/Semana 6/taskboard/vendor/laravel/framework/src/Illuminate/Database/Connection.php(813): Illuminate/Database/Connection->runQueryCallback()
#1 C:/Users/javie/Herd/Proyecto-Integracion-de-Sistemas/Semana 6/taskboard/vendor/laravel/framework/src/Illuminate/Database/Connection.php(426): Illuminate/Database/Connection->run()
#2 C:/Users/javie/Herd/Proyecto-Integracion-de-Sistemas/Semana 6/taskboard/vendor/laravel/framework/src/Illuminate/Database/Connection.php(371): Illuminate/Database/Connection->select()
#3 C:/Users/javie/Herd/Proyecto-Integracion-de-Sistemas/Semana 6/taskboard/vendor/laravel/framework/src/Illuminate/Database/Connection.php(388): Illuminate/Database/Connection->selectOne()
#4 C:/Users/javie/Herd/Proyecto-Integracion-de-Sistemas/Semana 6/taskboard/vendor/laravel/framework/src/Illuminate/Database/Connection.php(666): Illuminate/Database/Connection->scalar()
#5 C:/Users/javie/Herd/Proyecto-Integracion-de-Sistemas/Semana 6/taskboard/vendor/laravel/framework/src/Illuminate/Database/Console/ShowCommand.php(55): Illuminate/Database/Connection->threadCount()
#6 C:/Users/javie/Herd/Proyecto-Integracion-de-Sistemas/Semana 6/taskboard/vendor/laravel/framework/src/Illuminate/Container/BoundMethod.php(36): Illuminate/Database/Console/ShowCommand->handle()
#7 C:/Users/javie/Herd/Proyecto-Integracion-de-Sistemas/Semana 6/taskboard/vendor/laravel/framework/src/Illuminate/Container/Util.php(43): Illuminate/Container/BoundMethod::{closure:Illuminate/Container/BoundMethod::call():35}()
#8 C:/Users/javie/Herd/Proyecto-Integracion-de-Sistemas/Semana 6/taskboard/vendor/laravel/framework/src/Illuminate/Container/BoundMethod.php(96): Illuminate/Container/Util::unwrapIfClosure()
#9 C:/Users/javie/Herd/Proyecto-Integracion-de-Sistemas/Semana 6/taskboard/vendor/laravel/framework/src/Illuminate/Container/BoundMethod.php(35): Illuminate/Container/BoundMethod::callBoundMethod()
#10 C:/Users/javie/Herd/Proyecto-Integracion-de-Sistemas/Semana 6/taskboard/vendor/laravel/framework/src/Illuminate/Container/Container.php(803): Illuminate/Container/BoundMethod::call()
#11 C:/Users/javie/Herd/Proyecto-Integracion-de-Sistemas/Semana 6/taskboard/vendor/laravel/framework/src/Illuminate/Console/Command.php(292): Illuminate/Container/Container->call()
#12 C:/Users/javie/Herd/Proyecto-Integracion-de-Sistemas/Semana 6/taskboard/vendor/symfony/console/Command/Command.php(285): Illuminate/Console/Command->execute()
#13 C:/Users/javie/Herd/Proyecto-Integracion-de-Sistemas/Semana 6/taskboard/vendor/laravel/framework/src/Illuminate/Console/Command.php(261): Symfony/Component/Console/Command/Command->run()
#14 C:/Users/javie/Herd/Proyecto-Integracion-de-Sistemas/Semana 6/taskboard/vendor/symfony/console/Application.php(1144): Illuminate/Console/Command->run()
#15 C:/Users/javie/Herd/Proyecto-Integracion-de-Sistemas/Semana 6/taskboard/vendor/symfony/console/Application.php(379): Symfony/Component/Console/Application->doRunCommand()
#16 C:/Users/javie/Herd/Proyecto-Integracion-de-Sistemas/Semana 6/taskboard/vendor/symfony/console/Application.php(218): Symfony/Component/Console/Application->doRun()
#17 C:/Users/javie/Herd/Proyecto-Integracion-de-Sistemas/Semana 6/taskboard/vendor/laravel/framework/src/Illuminate/Foundation/Console/Kernel.php(198): Symfony/Component/Console/Application->run()
#18 C:/Users/javie/Herd/Proyecto-Integracion-de-Sistemas/Semana 6/taskboard/vendor/laravel/framework/src/Illuminate/Foundation/Application.php(1242): Illuminate/Foundation/Console/Kernel->handle()
#19 C:/Users/javie/Herd/Proyecto-Integracion-de-Sistemas/Semana 6/taskboard/artisan(16): Illuminate/Foundation/Application->handleCommand()
#20 {main}

[previous exception] [object] (PDOException(code: 42S02): SQLSTATE[42S02]: Base table or view not found: 1146 Table 'performance_schema.session_status' doesn't exist at C:/Users/javie/Herd/Proyecto-Integracion-de-Sistemas/Semana 6/taskboard/vendor/laravel/framework/src/Illuminate/Database/Connection.php:435)
[stacktrace]
#0 C:/Users/javie/Herd/Proyecto-Integracion-de-Sistemas/Semana 6/taskboard/vendor/laravel/framework/src/Illuminate/Database/Connection.php(435): PDO->prepare()
#1 C:/Users/javie/Herd/Proyecto-Integracion-de-Sistemas/Semana 6/taskboard/vendor/laravel/framework/src/Illuminate/Database/Connection.php(846): Illuminate/Database/Connection->{closure:Illuminate/Database/Connection::select():426}()
#2 C:/Users/javie/Herd/Proyecto-Integracion-de-Sistemas/Semana 6/taskboard/vendor/laravel/framework/src/Illuminate/Database/Connection.php(813): Illuminate/Database/Connection->runQueryCallback()
#3 C:/Users/javie/Herd/Proyecto-Integracion-de-Sistemas/Semana 6/taskboard/vendor/laravel/framework/src/Illuminate/Database/Connection.php(426): Illuminate/Database/Connection->run()
#4 C:/Users/javie/Herd/Proyecto-Integracion-de-Sistemas/Semana 6/taskboard/vendor/laravel/framework/src/Illuminate/Database/Connection.php(371): Illuminate/Database/Connection->select()
#5 C:/Users/javie/Herd/Proyecto-Integracion-de-Sistemas/Semana 6/taskboard/vendor/laravel/framework/src/Illuminate/Database/Connection.php(388): Illuminate/Database/Connection->selectOne()
#6 C:/Users/javie/Herd/Proyecto-Integracion-de-Sistemas/Semana 6/taskboard/vendor/laravel/framework/src/Illuminate/Database/Connection.php(666): Illuminate/Database/Connection->scalar()
#7 C:/Users/javie/Herd/Proyecto-Integracion-de-Sistemas/Semana 6/taskboard/vendor/laravel/framework/src/Illuminate/Database/Console/ShowCommand.php(55): Illuminate/Database/Connection->threadCount()
#8 C:/Users/javie/Herd/Proyecto-Integracion-de-Sistemas/Semana 6/taskboard/vendor/laravel/framework/src/Illuminate/Container/BoundMethod.php(36): Illuminate/Database/Console/ShowCommand->handle()
#9 C:/Users/javie/Herd/Proyecto-Integracion-de-Sistemas/Semana 6/taskboard/vendor/laravel/framework/src/Illuminate/Container/Util.php(43): Illuminate/Container/BoundMethod::{closure:Illuminate/Container/BoundMethod::call():35}()
#10 C:/Users/javie/Herd/Proyecto-Integracion-de-Sistemas/Semana 6/taskboard/vendor/laravel/framework/src/Illuminate/Container/BoundMethod.php(96): Illuminate/Container/Util::unwrapIfClosure()
#11 C:/Users/javie/Herd/Proyecto-Integracion-de-Sistemas/Semana 6/taskboard/vendor/laravel/framework/src/Illuminate/Container/BoundMethod.php(35): Illuminate/Container/BoundMethod::callBoundMethod()
#12 C:/Users/javie/Herd/Proyecto-Integracion-de-Sistemas/Semana 6/taskboard/vendor/laravel/framework/src/Illuminate/Container/Container.php(803): Illuminate/Container/BoundMethod::call()
#13 C:/Users/javie/Herd/Proyecto-Integracion-de-Sistemas/Semana 6/taskboard/vendor/laravel/framework/src/Illuminate/Console/Command.php(292): Illuminate/Container/Container->call()
#14 C:/Users/javie/Herd/Proyecto-Integracion-de-Sistemas/Semana 6/taskboard/vendor/symfony/console/Command/Command.php(285): Illuminate/Console/Command->execute()
#15 C:/Users/javie/Herd/Proyecto-Integracion-de-Sistemas/Semana 6/taskboard/vendor/laravel/framework/src/Illuminate/Console/Command.php(261): Symfony/Component/Console/Command/Command->run()
#16 C:/Users/javie/Herd/Proyecto-Integracion-de-Sistemas/Semana 6/taskboard/vendor/symfony/console/Application.php(1144): Illuminate/Console/Command->run()
#17 C:/Users/javie/Herd/Proyecto-Integracion-de-Sistemas/Semana 6/taskboard/vendor/symfony/console/Application.php(379): Symfony/Component/Console/Application->doRunCommand()
#18 C:/Users/javie/Herd/Proyecto-Integracion-de-Sistemas/Semana 6/taskboard/vendor/symfony/console/Application.php(218): Symfony/Component/Console/Application->doRun()
#19 C:/Users/javie/Herd/Proyecto-Integracion-de-Sistemas/Semana 6/taskboard/vendor/laravel/framework/src/Illuminate/Foundation/Console/Kernel.php(198): Symfony/Component/Console/Application->run()
#20 C:/Users/javie/Herd/Proyecto-Integracion-de-Sistemas/Semana 6/taskboard/vendor/laravel/framework/src/Illuminate/Foundation/Application.php(1242): Illuminate/Foundation/Console/Kernel->handle()
#21 C:/Users/javie/Herd/Proyecto-Integracion-de-Sistemas/Semana 6/taskboard/artisan(16): Illuminate/Foundation/Application->handleCommand()
#22 {main}
"} 
[2026-09-27 21:47:31] local.ERROR: The "intl" PHP extension is required to use the [format] method. {"exception":"[object] (RuntimeException(code: 0): The \"intl\" PHP extension is required to use the [format] method. at C:/Users/javie/Herd/Proyecto-Integracion-de-Sistemas/Semana 6/taskboard/vendor/laravel/framework/src/Illuminate/Support/Number.php:476)
[stacktrace]
#0 C:/Users/javie/Herd/Proyecto-Integracion-de-Sistemas/Semana 6/taskboard/vendor/laravel/framework/src/Illuminate/Support/Number.php(38): Illuminate/Support/Number::ensureIntlExtensionIsInstalled()
#1 C:/Users/javie/Herd/Proyecto-Integracion-de-Sistemas/Semana 6/taskboard/vendor/laravel/framework/src/Illuminate/Support/Number.php(220): Illuminate/Support/Number::format()
#2 C:/Users/javie/Herd/Proyecto-Integracion-de-Sistemas/Semana 6/taskboard/vendor/laravel/framework/src/Illuminate/Database/Console/TableCommand.php(234): Illuminate/Support/Number::fileSize()
#3 C:/Users/javie/Herd/Proyecto-Integracion-de-Sistemas/Semana 6/taskboard/vendor/laravel/framework/src/Illuminate/Database/Console/TableCommand.php(202): Illuminate/Database/Console/TableCommand->displayForCli()
#4 C:/Users/javie/Herd/Proyecto-Integracion-de-Sistemas/Semana 6/taskboard/vendor/laravel/framework/src/Illuminate/Database/Console/TableCommand.php(103): Illuminate/Database/Console/TableCommand->display()
#5 C:/Users/javie/Herd/Proyecto-Integracion-de-Sistemas/Semana 6/taskboard/vendor/laravel/framework/src/Illuminate/Container/BoundMethod.php(36): Illuminate/Database/Console/TableCommand->handle()
#6 C:/Users/javie/Herd/Proyecto-Integracion-de-Sistemas/Semana 6/taskboard/vendor/laravel/framework/src/Illuminate/Container/Util.php(43): Illuminate/Container/BoundMethod::{closure:Illuminate/Container/BoundMethod::call():35}()
#7 C:/Users/javie/Herd/Proyecto-Integracion-de-Sistemas/Semana 6/taskboard/vendor/laravel/framework/src/Illuminate/Container/BoundMethod.php(96): Illuminate/Container/Util::unwrapIfClosure()
#8 C:/Users/javie/Herd/Proyecto-Integracion-de-Sistemas/Semana 6/taskboard/vendor/laravel/framework/src/Illuminate/Container/BoundMethod.php(35): Illuminate/Container/BoundMethod::callBoundMethod()
#9 C:/Users/javie/Herd/Proyecto-Integracion-de-Sistemas/Semana 6/taskboard/vendor/laravel/framework/src/Illuminate/Container/Container.php(803): Illuminate/Container/BoundMethod::call()
#10 C:/Users/javie/Herd/Proyecto-Integracion-de-Sistemas/Semana 6/taskboard/vendor/laravel/framework/src/Illuminate/Console/Command.php(292): Illuminate/Container/Container->call()
#11 C:/Users/javie/Herd/Proyecto-Integracion-de-Sistemas/Semana 6/taskboard/vendor/symfony/console/Command/Command.php(285): Illuminate/Console/Command->execute()
#12 C:/Users/javie/Herd/Proyecto-Integracion-de-Sistemas/Semana 6/taskboard/vendor/laravel/framework/src/Illuminate/Console/Command.php(261): Symfony/Component/Console/Command/Command->run()
#13 C:/Users/javie/Herd/Proyecto-Integracion-de-Sistemas/Semana 6/taskboard/vendor/symfony/console/Application.php(1144): Illuminate/Console/Command->run()
#14 C:/Users/javie/Herd/Proyecto-Integracion-de-Sistemas/Semana 6/taskboard/vendor/symfony/console/Application.php(379): Symfony/Component/Console/Application->doRunCommand()
#15 C:/Users/javie/Herd/Proyecto-Integracion-de-Sistemas/Semana 6/taskboard/vendor/symfony/console/Application.php(218): Symfony/Component/Console/Application->doRun()
#16 C:/Users/javie/Herd/Proyecto-Integracion-de-Sistemas/Semana 6/taskboard/vendor/laravel/framework/src/Illuminate/Foundation/Console/Kernel.php(198): Symfony/Component/Console/Application->run()
#17 C:/Users/javie/Herd/Proyecto-Integracion-de-Sistemas/Semana 6/taskboard/vendor/laravel/framework/src/Illuminate/Foundation/Application.php(1242): Illuminate/Foundation/Console/Kernel->handle()
#18 C:/Users/javie/Herd/Proyecto-Integracion-de-Sistemas/Semana 6/taskboard/artisan(16): Illuminate/Foundation/Application->handleCommand()
#19 {main}
"} 
