[2026-09-29 02:00:39] local.ERROR: SQLSTATE[42S02]: Base table or view not found: 1146 Table 'taskboard.transaccions' doesn't exist (Connection: mysql, Host: 127.0.0.1, Port: 3306, Database: taskboard, SQL: insert into `transaccions` (`monto`, `cliente_nombre`, `estado`, `comercio_id`, `updated_at`, `created_at`) values (45, María López, Completada, 1, 2026-09-29 02:00:37, 2026-09-29 02:00:37)) {"exception":"[object] (Illuminate\\Database\\QueryException(code: 42S02): SQLSTATE[42S02]: Base table or view not found: 1146 Table 'taskboard.transaccions' doesn't exist (Connection: mysql, Host: 127.0.0.1, Port: 3306, Database: taskboard, SQL: insert into `transaccions` (`monto`, `cliente_nombre`, `estado`, `comercio_id`, `updated_at`, `created_at`) values (45, María López, Completada, 1, 2026-09-29 02:00:37, 2026-09-29 02:00:37)) at C:/Users/javie/Herd/Proyecto-Integracion-de-Sistemas/Semana 7/taskboard/vendor/laravel/framework/src/Illuminate/Database/Connection.php:857)
[stacktrace]
#0 C:/Users/javie/Herd/Proyecto-Integracion-de-Sistemas/Semana 7/taskboard/vendor/laravel/framework/src/Illuminate/Database/Connection.php(813): Illuminate/Database/Connection->runQueryCallback()
#1 C:/Users/javie/Herd/Proyecto-Integracion-de-Sistemas/Semana 7/taskboard/vendor/laravel/framework/src/Illuminate/Database/MySqlConnection.php(42): Illuminate/Database/Connection->run()
#2 C:/Users/javie/Herd/Proyecto-Integracion-de-Sistemas/Semana 7/taskboard/vendor/laravel/framework/src/Illuminate/Database/Query/Processors/MySqlProcessor.php(35): Illuminate/Database/MySqlConnection->insert()
#3 C:/Users/javie/Herd/Proyecto-Integracion-de-Sistemas/Semana 7/taskboard/vendor/laravel/framework/src/Illuminate/Database/Query/Builder.php(4315): Illuminate/Database/Query/Processors/MySqlProcessor->processInsertGetId()
#4 C:/Users/javie/Herd/Proyecto-Integracion-de-Sistemas/Semana 7/taskboard/vendor/laravel/framework/src/Illuminate/Database/Eloquent/Builder.php(2336): Illuminate/Database/Query/Builder->insertGetId()
#5 C:/Users/javie/Herd/Proyecto-Integracion-de-Sistemas/Semana 7/taskboard/vendor/laravel/framework/src/Illuminate/Database/Eloquent/Model.php(1713): Illuminate/Database/Eloquent/Builder->__call()
#6 C:/Users/javie/Herd/Proyecto-Integracion-de-Sistemas/Semana 7/taskboard/vendor/laravel/framework/src/Illuminate/Database/Eloquent/Model.php(1625): Illuminate/Database/Eloquent/Model->insertAndSetId()
#7 C:/Users/javie/Herd/Proyecto-Integracion-de-Sistemas/Semana 7/taskboard/vendor/laravel/framework/src/Illuminate/Database/Eloquent/Model.php(1427): Illuminate/Database/Eloquent/Model->performInsert()
#8 C:/Users/javie/Herd/Proyecto-Integracion-de-Sistemas/Semana 7/taskboard/vendor/laravel/framework/src/Illuminate/Database/Eloquent/Relations/HasOneOrMany.php(393): Illuminate/Database/Eloquent/Model->save()
#9 C:/Users/javie/Herd/Proyecto-Integracion-de-Sistemas/Semana 7/taskboard/vendor/laravel/framework/src/Illuminate/Support/helpers.php(393): Illuminate/Database/Eloquent/Relations/HasOneOrMany->{closure:Illuminate/Database/Eloquent/Relations/HasOneOrMany::create():390}()
#10 C:/Users/javie/Herd/Proyecto-Integracion-de-Sistemas/Semana 7/taskboard/vendor/laravel/framework/src/Illuminate/Database/Eloquent/Relations/HasOneOrMany.php(390): tap()
#11 C:/Users/javie/Herd/Proyecto-Integracion-de-Sistemas/Semana 7/taskboard/vendor/laravel/framework/src/Illuminate/Database/Eloquent/Relations/HasOneOrMany.php(445): Illuminate/Database/Eloquent/Relations/HasOneOrMany->create()
#12 C:/Users/javie/Herd/Proyecto-Integracion-de-Sistemas/Semana 7/taskboard/database/seeders/ComercioSeeder.php(23): Illuminate/Database/Eloquent/Relations/HasOneOrMany->createMany()
#13 C:/Users/javie/Herd/Proyecto-Integracion-de-Sistemas/Semana 7/taskboard/vendor/laravel/framework/src/Illuminate/Container/BoundMethod.php(36): Database/Seeders/ComercioSeeder->run()
#14 C:/Users/javie/Herd/Proyecto-Integracion-de-Sistemas/Semana 7/taskboard/vendor/laravel/framework/src/Illuminate/Container/Util.php(43): Illuminate/Container/BoundMethod::{closure:Illuminate/Container/BoundMethod::call():35}()
#15 C:/Users/javie/Herd/Proyecto-Integracion-de-Sistemas/Semana 7/taskboard/vendor/laravel/framework/src/Illuminate/Container/BoundMethod.php(96): Illuminate/Container/Util::unwrapIfClosure()
#16 C:/Users/javie/Herd/Proyecto-Integracion-de-Sistemas/Semana 7/taskboard/vendor/laravel/framework/src/Illuminate/Container/BoundMethod.php(35): Illuminate/Container/BoundMethod::callBoundMethod()
#17 C:/Users/javie/Herd/Proyecto-Integracion-de-Sistemas/Semana 7/taskboard/vendor/laravel/framework/src/Illuminate/Container/Container.php(803): Illuminate/Container/BoundMethod::call()
#18 C:/Users/javie/Herd/Proyecto-Integracion-de-Sistemas/Semana 7/taskboard/vendor/laravel/framework/src/Illuminate/Database/Seeder.php(184): Illuminate/Container/Container->call()
#19 C:/Users/javie/Herd/Proyecto-Integracion-de-Sistemas/Semana 7/taskboard/vendor/laravel/framework/src/Illuminate/Database/Seeder.php(191): Illuminate/Database/Seeder->{closure:Illuminate/Database/Seeder::__invoke():183}()
#20 C:/Users/javie/Herd/Proyecto-Integracion-de-Sistemas/Semana 7/taskboard/vendor/laravel/framework/src/Illuminate/Database/Seeder.php(59): Illuminate/Database/Seeder->__invoke()
#21 C:/Users/javie/Herd/Proyecto-Integracion-de-Sistemas/Semana 7/taskboard/database/seeders/DatabaseSeeder.php(15): Illuminate/Database/Seeder->call()
#22 C:/Users/javie/Herd/Proyecto-Integracion-de-Sistemas/Semana 7/taskboard/vendor/laravel/framework/src/Illuminate/Container/BoundMethod.php(36): Database/Seeders/DatabaseSeeder->run()
#23 C:/Users/javie/Herd/Proyecto-Integracion-de-Sistemas/Semana 7/taskboard/vendor/laravel/framework/src/Illuminate/Container/Util.php(43): Illuminate/Container/BoundMethod::{closure:Illuminate/Container/BoundMethod::call():35}()
#24 C:/Users/javie/Herd/Proyecto-Integracion-de-Sistemas/Semana 7/taskboard/vendor/laravel/framework/src/Illuminate/Container/BoundMethod.php(96): Illuminate/Container/Util::unwrapIfClosure()
#25 C:/Users/javie/Herd/Proyecto-Integracion-de-Sistemas/Semana 7/taskboard/vendor/laravel/framework/src/Illuminate/Container/BoundMethod.php(35): Illuminate/Container/BoundMethod::callBoundMethod()
#26 C:/Users/javie/Herd/Proyecto-Integracion-de-Sistemas/Semana 7/taskboard/vendor/laravel/framework/src/Illuminate/Container/Container.php(803): Illuminate/Container/BoundMethod::call()
#27 C:/Users/javie/Herd/Proyecto-Integracion-de-Sistemas/Semana 7/taskboard/vendor/laravel/framework/src/Illuminate/Database/Seeder.php(184): Illuminate/Container/Container->call()
#28 C:/Users/javie/Herd/Proyecto-Integracion-de-Sistemas/Semana 7/taskboard/vendor/laravel/framework/src/Illuminate/Database/Seeder.php(191): Illuminate/Database/Seeder->{closure:Illuminate/Database/Seeder::__invoke():183}()
#29 C:/Users/javie/Herd/Proyecto-Integracion-de-Sistemas/Semana 7/taskboard/vendor/laravel/framework/src/Illuminate/Database/Console/Seeds/SeedCommand.php(89): Illuminate/Database/Seeder->__invoke()
#30 C:/Users/javie/Herd/Proyecto-Integracion-de-Sistemas/Semana 7/taskboard/vendor/laravel/framework/src/Illuminate/Database/Eloquent/Concerns/GuardsAttributes.php(188): Illuminate/Database/Console/Seeds/SeedCommand->{closure:Illuminate/Database/Console/Seeds/SeedCommand::handle():88}()
#31 C:/Users/javie/Herd/Proyecto-Integracion-de-Sistemas/Semana 7/taskboard/vendor/laravel/framework/src/Illuminate/Database/Console/Seeds/SeedCommand.php(88): Illuminate/Database/Eloquent/Model::unguarded()
#32 C:/Users/javie/Herd/Proyecto-Integracion-de-Sistemas/Semana 7/taskboard/vendor/laravel/framework/src/Illuminate/Container/BoundMethod.php(36): Illuminate/Database/Console/Seeds/SeedCommand->handle()
#33 C:/Users/javie/Herd/Proyecto-Integracion-de-Sistemas/Semana 7/taskboard/vendor/laravel/framework/src/Illuminate/Container/Util.php(43): Illuminate/Container/BoundMethod::{closure:Illuminate/Container/BoundMethod::call():35}()
#34 C:/Users/javie/Herd/Proyecto-Integracion-de-Sistemas/Semana 7/taskboard/vendor/laravel/framework/src/Illuminate/Container/BoundMethod.php(96): Illuminate/Container/Util::unwrapIfClosure()
#35 C:/Users/javie/Herd/Proyecto-Integracion-de-Sistemas/Semana 7/taskboard/vendor/laravel/framework/src/Illuminate/Container/BoundMethod.php(35): Illuminate/Container/BoundMethod::callBoundMethod()
#36 C:/Users/javie/Herd/Proyecto-Integracion-de-Sistemas/Semana 7/taskboard/vendor/laravel/framework/src/Illuminate/Container/Container.php(803): Illuminate/Container/BoundMethod::call()
#37 C:/Users/javie/Herd/Proyecto-Integracion-de-Sistemas/Semana 7/taskboard/vendor/laravel/framework/src/Illuminate/Console/Command.php(292): Illuminate/Container/Container->call()
#38 C:/Users/javie/Herd/Proyecto-Integracion-de-Sistemas/Semana 7/taskboard/vendor/symfony/console/Command/Command.php(285): Illuminate/Console/Command->execute()
#39 C:/Users/javie/Herd/Proyecto-Integracion-de-Sistemas/Semana 7/taskboard/vendor/laravel/framework/src/Illuminate/Console/Command.php(261): Symfony/Component/Console/Command/Command->run()
#40 C:/Users/javie/Herd/Proyecto-Integracion-de-Sistemas/Semana 7/taskboard/vendor/symfony/console/Application.php(1144): Illuminate/Console/Command->run()
#41 C:/Users/javie/Herd/Proyecto-Integracion-de-Sistemas/Semana 7/taskboard/vendor/symfony/console/Application.php(379): Symfony/Component/Console/Application->doRunCommand()
#42 C:/Users/javie/Herd/Proyecto-Integracion-de-Sistemas/Semana 7/taskboard/vendor/symfony/console/Application.php(218): Symfony/Component/Console/Application->doRun()
#43 C:/Users/javie/Herd/Proyecto-Integracion-de-Sistemas/Semana 7/taskboard/vendor/laravel/framework/src/Illuminate/Foundation/Console/Kernel.php(198): Symfony/Component/Console/Application->run()
#44 C:/Users/javie/Herd/Proyecto-Integracion-de-Sistemas/Semana 7/taskboard/vendor/laravel/framework/src/Illuminate/Foundation/Application.php(1242): Illuminate/Foundation/Console/Kernel->handle()
#45 C:/Users/javie/Herd/Proyecto-Integracion-de-Sistemas/Semana 7/taskboard/artisan(16): Illuminate/Foundation/Application->handleCommand()
#46 {main}

[previous exception] [object] (PDOException(code: 42S02): SQLSTATE[42S02]: Base table or view not found: 1146 Table 'taskboard.transaccions' doesn't exist at C:/Users/javie/Herd/Proyecto-Integracion-de-Sistemas/Semana 7/taskboard/vendor/laravel/framework/src/Illuminate/Database/MySqlConnection.php:47)
[stacktrace]
#0 C:/Users/javie/Herd/Proyecto-Integracion-de-Sistemas/Semana 7/taskboard/vendor/laravel/framework/src/Illuminate/Database/MySqlConnection.php(47): PDO->prepare()
#1 C:/Users/javie/Herd/Proyecto-Integracion-de-Sistemas/Semana 7/taskboard/vendor/laravel/framework/src/Illuminate/Database/Connection.php(846): Illuminate/Database/MySqlConnection->{closure:Illuminate/Database/MySqlConnection::insert():42}()
#2 C:/Users/javie/Herd/Proyecto-Integracion-de-Sistemas/Semana 7/taskboard/vendor/laravel/framework/src/Illuminate/Database/Connection.php(813): Illuminate/Database/Connection->runQueryCallback()
#3 C:/Users/javie/Herd/Proyecto-Integracion-de-Sistemas/Semana 7/taskboard/vendor/laravel/framework/src/Illuminate/Database/MySqlConnection.php(42): Illuminate/Database/Connection->run()
#4 C:/Users/javie/Herd/Proyecto-Integracion-de-Sistemas/Semana 7/taskboard/vendor/laravel/framework/src/Illuminate/Database/Query/Processors/MySqlProcessor.php(35): Illuminate/Database/MySqlConnection->insert()
#5 C:/Users/javie/Herd/Proyecto-Integracion-de-Sistemas/Semana 7/taskboard/vendor/laravel/framework/src/Illuminate/Database/Query/Builder.php(4315): Illuminate/Database/Query/Processors/MySqlProcessor->processInsertGetId()
#6 C:/Users/javie/Herd/Proyecto-Integracion-de-Sistemas/Semana 7/taskboard/vendor/laravel/framework/src/Illuminate/Database/Eloquent/Builder.php(2336): Illuminate/Database/Query/Builder->insertGetId()
#7 C:/Users/javie/Herd/Proyecto-Integracion-de-Sistemas/Semana 7/taskboard/vendor/laravel/framework/src/Illuminate/Database/Eloquent/Model.php(1713): Illuminate/Database/Eloquent/Builder->__call()
#8 C:/Users/javie/Herd/Proyecto-Integracion-de-Sistemas/Semana 7/taskboard/vendor/laravel/framework/src/Illuminate/Database/Eloquent/Model.php(1625): Illuminate/Database/Eloquent/Model->insertAndSetId()
#9 C:/Users/javie/Herd/Proyecto-Integracion-de-Sistemas/Semana 7/taskboard/vendor/laravel/framework/src/Illuminate/Database/Eloquent/Model.php(1427): Illuminate/Database/Eloquent/Model->performInsert()
#10 C:/Users/javie/Herd/Proyecto-Integracion-de-Sistemas/Semana 7/taskboard/vendor/laravel/framework/src/Illuminate/Database/Eloquent/Relations/HasOneOrMany.php(393): Illuminate/Database/Eloquent/Model->save()
#11 C:/Users/javie/Herd/Proyecto-Integracion-de-Sistemas/Semana 7/taskboard/vendor/laravel/framework/src/Illuminate/Support/helpers.php(393): Illuminate/Database/Eloquent/Relations/HasOneOrMany->{closure:Illuminate/Database/Eloquent/Relations/HasOneOrMany::create():390}()
#12 C:/Users/javie/Herd/Proyecto-Integracion-de-Sistemas/Semana 7/taskboard/vendor/laravel/framework/src/Illuminate/Database/Eloquent/Relations/HasOneOrMany.php(390): tap()
#13 C:/Users/javie/Herd/Proyecto-Integracion-de-Sistemas/Semana 7/taskboard/vendor/laravel/framework/src/Illuminate/Database/Eloquent/Relations/HasOneOrMany.php(445): Illuminate/Database/Eloquent/Relations/HasOneOrMany->create()
#14 C:/Users/javie/Herd/Proyecto-Integracion-de-Sistemas/Semana 7/taskboard/database/seeders/ComercioSeeder.php(23): Illuminate/Database/Eloquent/Relations/HasOneOrMany->createMany()
#15 C:/Users/javie/Herd/Proyecto-Integracion-de-Sistemas/Semana 7/taskboard/vendor/laravel/framework/src/Illuminate/Container/BoundMethod.php(36): Database/Seeders/ComercioSeeder->run()
#16 C:/Users/javie/Herd/Proyecto-Integracion-de-Sistemas/Semana 7/taskboard/vendor/laravel/framework/src/Illuminate/Container/Util.php(43): Illuminate/Container/BoundMethod::{closure:Illuminate/Container/BoundMethod::call():35}()
#17 C:/Users/javie/Herd/Proyecto-Integracion-de-Sistemas/Semana 7/taskboard/vendor/laravel/framework/src/Illuminate/Container/BoundMethod.php(96): Illuminate/Container/Util::unwrapIfClosure()
#18 C:/Users/javie/Herd/Proyecto-Integracion-de-Sistemas/Semana 7/taskboard/vendor/laravel/framework/src/Illuminate/Container/BoundMethod.php(35): Illuminate/Container/BoundMethod::callBoundMethod()
#19 C:/Users/javie/Herd/Proyecto-Integracion-de-Sistemas/Semana 7/taskboard/vendor/laravel/framework/src/Illuminate/Container/Container.php(803): Illuminate/Container/BoundMethod::call()
#20 C:/Users/javie/Herd/Proyecto-Integracion-de-Sistemas/Semana 7/taskboard/vendor/laravel/framework/src/Illuminate/Database/Seeder.php(184): Illuminate/Container/Container->call()
#21 C:/Users/javie/Herd/Proyecto-Integracion-de-Sistemas/Semana 7/taskboard/vendor/laravel/framework/src/Illuminate/Database/Seeder.php(191): Illuminate/Database/Seeder->{closure:Illuminate/Database/Seeder::__invoke():183}()
#22 C:/Users/javie/Herd/Proyecto-Integracion-de-Sistemas/Semana 7/taskboard/vendor/laravel/framework/src/Illuminate/Database/Seeder.php(59): Illuminate/Database/Seeder->__invoke()
#23 C:/Users/javie/Herd/Proyecto-Integracion-de-Sistemas/Semana 7/taskboard/database/seeders/DatabaseSeeder.php(15): Illuminate/Database/Seeder->call()
#24 C:/Users/javie/Herd/Proyecto-Integracion-de-Sistemas/Semana 7/taskboard/vendor/laravel/framework/src/Illuminate/Container/BoundMethod.php(36): Database/Seeders/DatabaseSeeder->run()
#25 C:/Users/javie/Herd/Proyecto-Integracion-de-Sistemas/Semana 7/taskboard/vendor/laravel/framework/src/Illuminate/Container/Util.php(43): Illuminate/Container/BoundMethod::{closure:Illuminate/Container/BoundMethod::call():35}()
#26 C:/Users/javie/Herd/Proyecto-Integracion-de-Sistemas/Semana 7/taskboard/vendor/laravel/framework/src/Illuminate/Container/BoundMethod.php(96): Illuminate/Container/Util::unwrapIfClosure()
#27 C:/Users/javie/Herd/Proyecto-Integracion-de-Sistemas/Semana 7/taskboard/vendor/laravel/framework/src/Illuminate/Container/BoundMethod.php(35): Illuminate/Container/BoundMethod::callBoundMethod()
#28 C:/Users/javie/Herd/Proyecto-Integracion-de-Sistemas/Semana 7/taskboard/vendor/laravel/framework/src/Illuminate/Container/Container.php(803): Illuminate/Container/BoundMethod::call()
#29 C:/Users/javie/Herd/Proyecto-Integracion-de-Sistemas/Semana 7/taskboard/vendor/laravel/framework/src/Illuminate/Database/Seeder.php(184): Illuminate/Container/Container->call()
#30 C:/Users/javie/Herd/Proyecto-Integracion-de-Sistemas/Semana 7/taskboard/vendor/laravel/framework/src/Illuminate/Database/Seeder.php(191): Illuminate/Database/Seeder->{closure:Illuminate/Database/Seeder::__invoke():183}()
#31 C:/Users/javie/Herd/Proyecto-Integracion-de-Sistemas/Semana 7/taskboard/vendor/laravel/framework/src/Illuminate/Database/Console/Seeds/SeedCommand.php(89): Illuminate/Database/Seeder->__invoke()
#32 C:/Users/javie/Herd/Proyecto-Integracion-de-Sistemas/Semana 7/taskboard/vendor/laravel/framework/src/Illuminate/Database/Eloquent/Concerns/GuardsAttributes.php(188): Illuminate/Database/Console/Seeds/SeedCommand->{closure:Illuminate/Database/Console/Seeds/SeedCommand::handle():88}()
#33 C:/Users/javie/Herd/Proyecto-Integracion-de-Sistemas/Semana 7/taskboard/vendor/laravel/framework/src/Illuminate/Database/Console/Seeds/SeedCommand.php(88): Illuminate/Database/Eloquent/Model::unguarded()
#34 C:/Users/javie/Herd/Proyecto-Integracion-de-Sistemas/Semana 7/taskboard/vendor/laravel/framework/src/Illuminate/Container/BoundMethod.php(36): Illuminate/Database/Console/Seeds/SeedCommand->handle()
#35 C:/Users/javie/Herd/Proyecto-Integracion-de-Sistemas/Semana 7/taskboard/vendor/laravel/framework/src/Illuminate/Container/Util.php(43): Illuminate/Container/BoundMethod::{closure:Illuminate/Container/BoundMethod::call():35}()
#36 C:/Users/javie/Herd/Proyecto-Integracion-de-Sistemas/Semana 7/taskboard/vendor/laravel/framework/src/Illuminate/Container/BoundMethod.php(96): Illuminate/Container/Util::unwrapIfClosure()
#37 C:/Users/javie/Herd/Proyecto-Integracion-de-Sistemas/Semana 7/taskboard/vendor/laravel/framework/src/Illuminate/Container/BoundMethod.php(35): Illuminate/Container/BoundMethod::callBoundMethod()
#38 C:/Users/javie/Herd/Proyecto-Integracion-de-Sistemas/Semana 7/taskboard/vendor/laravel/framework/src/Illuminate/Container/Container.php(803): Illuminate/Container/BoundMethod::call()
#39 C:/Users/javie/Herd/Proyecto-Integracion-de-Sistemas/Semana 7/taskboard/vendor/laravel/framework/src/Illuminate/Console/Command.php(292): Illuminate/Container/Container->call()
#40 C:/Users/javie/Herd/Proyecto-Integracion-de-Sistemas/Semana 7/taskboard/vendor/symfony/console/Command/Command.php(285): Illuminate/Console/Command->execute()
#41 C:/Users/javie/Herd/Proyecto-Integracion-de-Sistemas/Semana 7/taskboard/vendor/laravel/framework/src/Illuminate/Console/Command.php(261): Symfony/Component/Console/Command/Command->run()
#42 C:/Users/javie/Herd/Proyecto-Integracion-de-Sistemas/Semana 7/taskboard/vendor/symfony/console/Application.php(1144): Illuminate/Console/Command->run()
#43 C:/Users/javie/Herd/Proyecto-Integracion-de-Sistemas/Semana 7/taskboard/vendor/symfony/console/Application.php(379): Symfony/Component/Console/Application->doRunCommand()
#44 C:/Users/javie/Herd/Proyecto-Integracion-de-Sistemas/Semana 7/taskboard/vendor/symfony/console/Application.php(218): Symfony/Component/Console/Application->doRun()
#45 C:/Users/javie/Herd/Proyecto-Integracion-de-Sistemas/Semana 7/taskboard/vendor/laravel/framework/src/Illuminate/Foundation/Console/Kernel.php(198): Symfony/Component/Console/Application->run()
#46 C:/Users/javie/Herd/Proyecto-Integracion-de-Sistemas/Semana 7/taskboard/vendor/laravel/framework/src/Illuminate/Foundation/Application.php(1242): Illuminate/Foundation/Console/Kernel->handle()
#47 C:/Users/javie/Herd/Proyecto-Integracion-de-Sistemas/Semana 7/taskboard/artisan(16): Illuminate/Foundation/Application->handleCommand()
#48 {main}
"} 
